Archive member included to satisfy reference by file (symbol)

../onewire_library/libonewire_library.a(onewire_library.c.o)
                              CMakeFiles/aquarium.dir/main.c.o (ow_init)
/usr/lib/gcc/arm-none-eabi/13.2.1/thumb/v6-m/nofp/libgcc.a(_dvmd_tls.o)
                              CMakeFiles/aquarium.dir/home/marcus-leloq/pico-sdk/src/rp2_common/pico_divider/divider_hardware.S.o (__aeabi_idiv0)
/usr/lib/gcc/arm-none-eabi/13.2.1/../../../arm-none-eabi/lib/thumb/v6-m/nofp/libg.a(libc_a-strncmp.o)
                              CMakeFiles/aquarium.dir/home/marcus-leloq/pico-sdk/lib/lwip/src/core/def.c.o (strncmp)
/usr/lib/gcc/arm-none-eabi/13.2.1/../../../arm-none-eabi/lib/thumb/v6-m/nofp/libg.a(libc_a-memmove.o)
                              CMakeFiles/aquarium.dir/home/marcus-leloq/pico-sdk/lib/lwip/src/core/def.c.o (memmove)
/usr/lib/gcc/arm-none-eabi/13.2.1/../../../arm-none-eabi/lib/thumb/v6-m/nofp/libg.a(libc_a-calloc.o)
                              CMakeFiles/aquarium.dir/home/marcus-leloq/pico-sdk/src/rp2_common/pico_malloc/malloc.c.o (calloc)
/usr/lib/gcc/arm-none-eabi/13.2.1/../../../arm-none-eabi/lib/thumb/v6-m/nofp/libg.a(libc_a-impure.o)
                              /usr/lib/gcc/arm-none-eabi/13.2.1/../../../arm-none-eabi/lib/thumb/v6-m/nofp/libg.a(libc_a-calloc.o) (_impure_ptr)
/usr/lib/gcc/arm-none-eabi/13.2.1/../../../arm-none-eabi/lib/thumb/v6-m/nofp/libg.a(libc_a-callocr.o)
                              /usr/lib/gcc/arm-none-eabi/13.2.1/../../../arm-none-eabi/lib/thumb/v6-m/nofp/libg.a(libc_a-calloc.o) (_calloc_r)
/usr/lib/gcc/arm-none-eabi/13.2.1/../../../arm-none-eabi/lib/thumb/v6-m/nofp/libg.a(libc_a-realloc.o)
                              CMakeFiles/aquarium.dir/home/marcus-leloq/pico-sdk/src/rp2_common/pico_malloc/malloc.c.o (realloc)
/usr/lib/gcc/arm-none-eabi/13.2.1/../../../arm-none-eabi/lib/thumb/v6-m/nofp/libg.a(libc_a-mallocr.o)
                              /usr/lib/gcc/arm-none-eabi/13.2.1/../../../arm-none-eabi/lib/thumb/v6-m/nofp/libg.a(libc_a-callocr.o) (_malloc_r)
/usr/lib/gcc/arm-none-eabi/13.2.1/../../../arm-none-eabi/lib/thumb/v6-m/nofp/libg.a(libc_a-freer.o)
                              /usr/lib/gcc/arm-none-eabi/13.2.1/../../../arm-none-eabi/lib/thumb/v6-m/nofp/libg.a(libc_a-mallocr.o) (_free_r)
/usr/lib/gcc/arm-none-eabi/13.2.1/../../../arm-none-eabi/lib/thumb/v6-m/nofp/libg.a(libc_a-memcmp.o)
                              CMakeFiles/aquarium.dir/__/lib/dhcpserver/dhcpserver.c.o (memcmp)
/usr/lib/gcc/arm-none-eabi/13.2.1/../../../arm-none-eabi/lib/thumb/v6-m/nofp/libg.a(libc_a-atoi.o)
                              CMakeFiles/aquarium.dir/home/marcus-leloq/pico-sdk/lib/lwip/src/core/netif.c.o (atoi)
/usr/lib/gcc/arm-none-eabi/13.2.1/../../../arm-none-eabi/lib/thumb/v6-m/nofp/libg.a(libc_a-strtol.o)
                              /usr/lib/gcc/arm-none-eabi/13.2.1/../../../arm-none-eabi/lib/thumb/v6-m/nofp/libg.a(libc_a-atoi.o) (_strtol_r)
/usr/lib/gcc/arm-none-eabi/13.2.1/../../../arm-none-eabi/lib/thumb/v6-m/nofp/libg.a(libc_a-malloc.o)
                              CMakeFiles/aquarium.dir/home/marcus-leloq/pico-sdk/src/rp2_common/pico_malloc/malloc.c.o (malloc)
/usr/lib/gcc/arm-none-eabi/13.2.1/../../../arm-none-eabi/lib/thumb/v6-m/nofp/libg.a(libc_a-sysconf.o)
                              /usr/lib/gcc/arm-none-eabi/13.2.1/../../../arm-none-eabi/lib/thumb/v6-m/nofp/libg.a(libc_a-mallocr.o) (sysconf)
/usr/lib/gcc/arm-none-eabi/13.2.1/../../../arm-none-eabi/lib/thumb/v6-m/nofp/libg.a(libc_a-init.o)
                              /usr/lib/gcc/arm-none-eabi/13.2.1/../../../arm-none-eabi/lib/thumb/v6-m/nofp/crt0.o (__libc_init_array)
/usr/lib/gcc/arm-none-eabi/13.2.1/../../../arm-none-eabi/lib/thumb/v6-m/nofp/libg.a(libc_a-reallocr.o)
                              /usr/lib/gcc/arm-none-eabi/13.2.1/../../../arm-none-eabi/lib/thumb/v6-m/nofp/libg.a(libc_a-realloc.o) (_realloc_r)
/usr/lib/gcc/arm-none-eabi/13.2.1/../../../arm-none-eabi/lib/thumb/v6-m/nofp/libg.a(libc_a-mktime.o)
                              CMakeFiles/aquarium.dir/home/marcus-leloq/pico-sdk/src/common/pico_util/datetime.c.o (mktime)
/usr/lib/gcc/arm-none-eabi/13.2.1/../../../arm-none-eabi/lib/thumb/v6-m/nofp/libg.a(libc_a-mlock.o)
                              /usr/lib/gcc/arm-none-eabi/13.2.1/../../../arm-none-eabi/lib/thumb/v6-m/nofp/libg.a(libc_a-mallocr.o) (__malloc_lock)
/usr/lib/gcc/arm-none-eabi/13.2.1/../../../arm-none-eabi/lib/thumb/v6-m/nofp/libg.a(libc_a-findfp.o)
                              /usr/lib/gcc/arm-none-eabi/13.2.1/../../../arm-none-eabi/lib/thumb/v6-m/nofp/libg.a(libc_a-impure.o) (__sf)
/usr/lib/gcc/arm-none-eabi/13.2.1/../../../arm-none-eabi/lib/thumb/v6-m/nofp/libg.a(libc_a-tzlock.o)
                              /usr/lib/gcc/arm-none-eabi/13.2.1/../../../arm-none-eabi/lib/thumb/v6-m/nofp/libg.a(libc_a-mktime.o) (__tz_lock)
/usr/lib/gcc/arm-none-eabi/13.2.1/../../../arm-none-eabi/lib/thumb/v6-m/nofp/libg.a(libc_a-ctype_.o)
[...]
Memory Configuration

Name             Origin             Length             Attributes
FLASH            0x10000000         0x00200000         xr
RAM              0x20000000         0x00040000         xrw
SCRATCH_X        0x20040000         0x00001000         xrw
SCRATCH_Y        0x20041000         0x00001000         xrw
*default*        0x00000000         0xffffffff

Linker script and memory map

LOAD /usr/lib/gcc/arm-none-eabi/13.2.1/thumb/v6-m/nofp/crti.o
LOAD /usr/lib/gcc/arm-none-eabi/13.2.1/thumb/v6-m/nofp/crtbegin.o
LOAD /usr/lib/gcc/arm-none-eabi/13.2.1/../../../arm-none-eabi/lib/thumb/v6-m/nofp/crt0.o

.flash_begin    0x10000000        0x0
                0x10000000                        __flash_binary_start = .

.boot2          0x10000000      0x100
                0x10000000                        __boot2_start__ = .
 *(.boot2)
 .boot2         0x10000000      0x100 ../pico-sdk/src/rp2040/boot_stage2/CMakeFiles/bs2_default_library.dir/bs2_default_padded_checksummed.S.o
                0x10000100                        __boot2_end__ = .
                0x00000001                        ASSERT (((__boot2_end__ - __boot2_start__) == 0x100), ERROR: Pico second stage bootloader must be 256 bytes in size)

.text           0x10000100     0x9a3c
                0x10000100                        __logical_binary_start = .
 *(.vectors)
 .vectors       0x10000100       0xd4 CMakeFiles/aquarium.dir/home/marcus-leloq/pico-sdk/src/rp2_common/pico_crt0/crt0.S.o
                0x10000100                __vectors
                0x10000100                __VECTOR_TABLE
                0x100001c0                isr_invalid
                0x100001c0                __default_isrs_start
                0x100001c2                isr_nmi
                0x100001c4                isr_hardfault
                0x100001c6                isr_svcall
                0x100001c8                isr_pendsv
                0x100001ca                isr_systick
                0x100001cc                isr_irq30
                0x100001cc                __unhandled_user_irq
                0x100001cc                isr_irq13
                0x100001cc                isr_irq27
                0x100001cc                isr_irq31
                0x100001cc                isr_irq5
                0x100001cc                isr_irq11
                0x100001cc                isr_irq23
                0x100001cc                isr_irq18
                0x100001cc                isr_irq28
                0x100001cc                isr_irq19
                0x100001cc                isr_irq0
                0x100001cc                isr_irq6
                0x100001cc                isr_irq22
                0x100001cc                isr_irq17
                0x100001cc                isr_irq14
                0x100001cc                isr_irq2
                0x100001cc                isr_irq10
                0x100001cc                isr_irq8
                0x100001cc                isr_irq24
                0x100001cc                isr_irq1
                0x100001cc                isr_irq7
                0x100001cc                isr_irq21
                0x100001cc                isr_irq20
                0x100001cc                isr_irq15
                0x100001cc                isr_irq25
                0x100001cc                isr_irq4
                0x100001cc                isr_irq16
                0x100001cc                isr_irq29
                0x100001cc                isr_irq26
                0x100001cc                __default_isrs_end
                0x100001cc                isr_irq3
                0x100001cc                isr_irq12
                0x100001cc                isr_irq9
                0x100001d2                unhandled_user_irq_num_in_r0
 *(.binary_info_header)
 .binary_info_header
                0x100001d4       0x14 CMakeFiles/aquarium.dir/home/marcus-leloq/pico-sdk/src/rp2_common/pico_crt0/crt0.S.o
                0x100001e8                        __binary_info_header_end = .
 *(.embedded_block)
                0x100001e8                        __embedded_block_end = .
 *(.reset)
 .reset         0x100001e8       0x9c CMakeFiles/aquarium.dir/home/marcus-leloq/pico-sdk/src/rp2_common/pico_crt0/crt0.S.o
                0x100001e8                _entry_point
 *(.init)
 .init          0x10000284        0x4 /usr/lib/gcc/arm-none-eabi/13.2.1/thumb/v6-m/nofp/crti.o
                0x10000284                _init
 *(EXCLUDE_FILE(*libm.a: *libc.a:*lib_a-mem*.o *libgcc.a:) .text*)
 .text          0x10000288       0x98 /usr/lib/gcc/arm-none-eabi/13.2.1/thumb/v6-m/nofp/crtbegin.o
 .text.temperature_task
                0x10000320      0x17c CMakeFiles/aquarium.dir/main.c.o
                0x10000320                temperature_task
 .text.startup.main
                0x1000049c       0x30 CMakeFiles/aquarium.dir/main.c.o
                0x1000049c                main
 .text.gpio_set_function
                0x100004cc       0x34 CMakeFiles/aquarium.dir/home/marcus-leloq/pico-sdk/src/rp2_common/hardware_gpio/gpio.c.o
                0x100004cc                gpio_set_function
 .text.gpio_init
                0x10000500       0x40 CMakeFiles/aquarium.dir/home/marcus-leloq/pico-sdk/src/rp2_common/hardware_gpio/gpio.c.o
                0x10000500                gpio_init
 .text.rp2040_chip_version
                0x10000540        0xc CMakeFiles/aquarium.dir/home/marcus-leloq/pico-sdk/src/rp2040/pico_platform/platform.c.o
                0x10000540                rp2040_chip_version
 .text.panic    0x1000054c       0x30 CMakeFiles/aquarium.dir/home/marcus-leloq/pico-sdk/src/rp2_common/pico_platform_panic/panic.c.o
                0x1000054c                panic
 .text.panic_unsupported
                0x1000057c        0xc CMakeFiles/aquarium.dir/home/marcus-leloq/pico-sdk/src/rp2_common/pico_platform_panic/panic.c.o
                0x1000057c                panic_unsupported
 .text.hw_claim_lock
                0x10000588       0x18 CMakeFiles/aquarium.dir/home/marcus-leloq/pico-sdk/src/common/hardware_claim/claim.c.o
                0x10000588                hw_claim_lock
 .text.hw_claim_unlock
                0x100005a0       0x14 CMakeFiles/aquarium.dir/home/marcus-leloq/pico-sdk/src/common/hardware_claim/claim.c.o
                0x100005a0                hw_claim_unlock
 .text.hw_claim_or_assert
                0x100005b4       0x44 CMakeFiles/aquarium.dir/home/marcus-leloq/pico-sdk/src/common/hardware_claim/claim.c.o
                0x100005b4                hw_claim_or_assert
 .text.hw_claim_unused_from_range
                0x100005f8       0x9c CMakeFiles/aquarium.dir/home/marcus-leloq/pico-sdk/src/common/hardware_claim/claim.c.o
                0x100005f8                hw_claim_unused_from_range
 .text.next_striped_spin_lock_num
                0x10000694       0x18 CMakeFiles/aquarium.dir/home/marcus-leloq/pico-sdk/src/rp2_common/hardware_sync/sync.c.o
                0x10000694                next_striped_spin_lock_num
 .text.spin_lock_claim_unused
                0x100006ac       0x24 CMakeFiles/aquarium.dir/home/marcus-leloq/pico-sdk/src/rp2_common/hardware_sync/sync.c.o
                0x100006ac                spin_lock_claim_unused
 .text.spin_locks_reset
                0x100006d0       0x1c CMakeFiles/aquarium.dir/home/marcus-leloq/pico-sdk/src/rp2_common/hardware_sync_spin_lock/sync_spin_lock.c.o
                0x100006d0                spin_locks_reset
 .text.runtime_init_per_core_irq_priorities
                0x100006ec       0x24 CMakeFiles/aquarium.dir/home/marcus-leloq/pico-sdk/src/rp2_common/hardware_irq/irq.c.o
                0x100006ec                runtime_init_per_core_irq_priorities
 .text.irq_set_enabled
                0x10000710       0x24 CMakeFiles/aquarium.dir/home/marcus-leloq/pico-sdk/src/rp2_common/hardware_irq/irq.c.o
                0x10000710                irq_set_enabled
 .text.irq_is_enabled
                0x10000734       0x18 CMakeFiles/aquarium.dir/home/marcus-leloq/pico-sdk/src/rp2_common/hardware_irq/irq.c.o
                0x10000734                irq_is_enabled
 .text.irq_set_pending
                0x1000074c       0x10 CMakeFiles/aquarium.dir/home/marcus-leloq/pico-sdk/src/rp2_common/hardware_irq/irq.c.o
                0x1000074c                irq_set_pending
 .text.irq_has_shared_handler
                0x1000075c       0x24 CMakeFiles/aquarium.dir/home/marcus-leloq/pico-sdk/src/rp2_common/hardware_irq/irq.c.o
                0x1000075c                irq_has_shared_handler
 .text.irq_set_exclusive_handler
                0x10000780       0x54 CMakeFiles/aquarium.dir/home/marcus-leloq/pico-sdk/src/rp2_common/hardware_irq/irq.c.o
                0x10000780                irq_set_exclusive_handler
 .text.irq_add_shared_handler
                0x100007d4      0x1f4 CMakeFiles/aquarium.dir/home/marcus-leloq/pico-sdk/src/rp2_common/hardware_irq/irq.c.o
                0x100007d4                irq_add_shared_handler
 .text.irq_remove_handler
                0x100009c8      0x1d4 CMakeFiles/aquarium.dir/home/marcus-leloq/pico-sdk/src/rp2_common/hardware_irq/irq.c.o
                0x100009c8                irq_remove_handler
 .text.irq_set_priority
                0x10000b9c       0x28 CMakeFiles/aquarium.dir/home/marcus-leloq/pico-sdk/src/rp2_common/hardware_irq/irq.c.o
                0x10000b9c                irq_set_priority
 .text.irq_add_tail_to_free_list
                0x10000bc4       0xb4 CMakeFiles/aquarium.dir/home/marcus-leloq/pico-sdk/src/rp2_common/hardware_irq/irq.c.o
                0x10000bc4                irq_add_tail_to_free_list
 .text.user_irq_claim_unused
                0x10000c78       0x2c CMakeFiles/aquarium.dir/home/marcus-leloq/pico-sdk/src/rp2_common/hardware_irq/irq.c.o
                0x10000c78                user_irq_claim_unused
 .text.lock_init
                0x10000ca4       0x10 CMakeFiles/aquarium.dir/home/marcus-leloq/pico-sdk/src/common/pico_sync/lock_core.c.o
                0x10000ca4                lock_init
 .text.runtime_init_mutex
                0x10000cb4       0x54 CMakeFiles/aquarium.dir/home/marcus-leloq/pico-sdk/src/common/pico_sync/mutex.c.o
                0x10000cb4                runtime_init_mutex
 .text.mutex_init
                0x10000d08       0x1c CMakeFiles/aquarium.dir/home/marcus-leloq/pico-sdk/src/common/pico_sync/mutex.c.o
                0x10000d08                mutex_init
 .text.critical_section_init
                0x10000d24       0x1c CMakeFiles/aquarium.dir/home/marcus-leloq/pico-sdk/src/common/pico_sync/critical_section.c.o
                0x10000d24                critical_section_init
 .text.critical_section_init_with_lock_num
                0x10000d40       0x14 CMakeFiles/aquarium.dir/home/marcus-leloq/pico-sdk/src/common/pico_sync/critical_section.c.o
                0x10000d40                critical_section_init_with_lock_num
 .text.alarm_pool_irq_handler
                0x10000d54      0x2fc CMakeFiles/aquarium.dir/home/marcus-leloq/pico-sdk/src/common/pico_time/time.c.o
 .text.sleep_until_callback
                0x10001050       0x24 CMakeFiles/aquarium.dir/home/marcus-leloq/pico-sdk/src/common/pico_time/time.c.o
 .text.runtime_init_default_alarm_pool
                0x10001074       0xdc CMakeFiles/aquarium.dir/home/marcus-leloq/pico-sdk/src/common/pico_time/time.c.o
                0x10001074                runtime_init_default_alarm_pool
 .text.alarm_pool_get_default
                0x10001150        0x8 CMakeFiles/aquarium.dir/home/marcus-leloq/pico-sdk/src/common/pico_time/time.c.o
                0x10001150                alarm_pool_get_default
 .text.alarm_pool_add_alarm_at
                0x10001158       0xd4 CMakeFiles/aquarium.dir/home/marcus-leloq/pico-sdk/src/common/pico_time/time.c.o
                0x10001158                alarm_pool_add_alarm_at
 .text.alarm_pool_add_alarm_at_force_in_context
                0x1000122c       0xb0 CMakeFiles/aquarium.dir/home/marcus-leloq/pico-sdk/src/common/pico_time/time.c.o
                0x1000122c                alarm_pool_add_alarm_at_force_in_context
 .text.alarm_pool_cancel_alarm
                0x100012dc       0x74 CMakeFiles/aquarium.dir/home/marcus-leloq/pico-sdk/src/common/pico_time/time.c.o
                0x100012dc                alarm_pool_cancel_alarm
 .text.alarm_pool_core_num
                0x10001350        0x4 CMakeFiles/aquarium.dir/home/marcus-leloq/pico-sdk/src/common/pico_time/time.c.o
                0x10001350                alarm_pool_core_num
 .text.best_effort_wfe_or_timeout
                0x10001354       0xf8 CMakeFiles/aquarium.dir/home/marcus-leloq/pico-sdk/src/common/pico_time/time.c.o
                0x10001354                best_effort_wfe_or_timeout
 .text.timer_hardware_alarm_claim
                0x1000144c       0x14 CMakeFiles/aquarium.dir/home/marcus-leloq/pico-sdk/src/rp2_common/hardware_timer/timer.c.o
                0x1000144c                timer_hardware_alarm_claim
 .text.timer_time_us_64
                0x10001460       0x10 CMakeFiles/aquarium.dir/home/marcus-leloq/pico-sdk/src/rp2_common/hardware_timer/timer.c.o
                0x10001460                timer_time_us_64
 .text.time_us_64
                0x10001470       0x14 CMakeFiles/aquarium.dir/home/marcus-leloq/pico-sdk/src/rp2_common/hardware_timer/timer.c.o
                0x10001470                time_us_64
 .text.busy_wait_us
                0x10001484       0x68 CMakeFiles/aquarium.dir/home/marcus-leloq/pico-sdk/src/rp2_common/hardware_timer/timer.c.o
                0x10001484                busy_wait_us
 .text.uart_init
                0x100014ec      0x120 CMakeFiles/aquarium.dir/home/marcus-leloq/pico-sdk/src/rp2_common/hardware_uart/uart.c.o
                0x100014ec                uart_init
 .text.clock_configure_int_divider
                0x1000160c       0xf4 CMakeFiles/aquarium.dir/home/marcus-leloq/pico-sdk/src/rp2_common/hardware_clocks/clocks.c.o
                0x1000160c                clock_configure_int_divider
 .text.clock_configure_undivided
                0x10001700       0xe8 CMakeFiles/aquarium.dir/home/marcus-leloq/pico-sdk/src/rp2_common/hardware_clocks/clocks.c.o
                0x10001700                clock_configure_undivided
 .text.clock_get_hz
                0x100017e8        0xc CMakeFiles/aquarium.dir/home/marcus-leloq/pico-sdk/src/rp2_common/hardware_clocks/clocks.c.o
                0x100017e8                clock_get_hz
 .text.pll_init
                0x100017f4       0xa4 CMakeFiles/aquarium.dir/home/marcus-leloq/pico-sdk/src/rp2_common/hardware_pll/pll.c.o
                0x100017f4                pll_init
 .text.watchdog_reboot
                0x10001898       0x9c CMakeFiles/aquarium.dir/home/marcus-leloq/pico-sdk/src/rp2_common/hardware_watchdog/watchdog.c.o
                0x10001898                watchdog_reboot
 .text.tick_start
                0x10001934       0x10 CMakeFiles/aquarium.dir/home/marcus-leloq/pico-sdk/src/rp2_common/hardware_ticks/ticks.c.o
                0x10001934                tick_start
 .text.rom_func_lookup
                0x10001944       0x10 CMakeFiles/aquarium.dir/home/marcus-leloq/pico-sdk/src/rp2_common/pico_bootrom/bootrom.c.o
                0x10001944                rom_func_lookup
 .text.rom_data_lookup
                0x10001954       0x10 CMakeFiles/aquarium.dir/home/marcus-leloq/pico-sdk/src/rp2_common/pico_bootrom/bootrom.c.o
                0x10001954                rom_data_lookup
 .text.rom_funcs_lookup
                0x10001964       0x44 CMakeFiles/aquarium.dir/home/marcus-leloq/pico-sdk/src/rp2_common/pico_bootrom/bootrom.c.o
                0x10001964                rom_funcs_lookup
 .text.rom_reset_usb_boot_extra
                0x100019a8       0x28 CMakeFiles/aquarium.dir/home/marcus-leloq/pico-sdk/src/rp2_common/pico_bootrom/bootrom.c.o
                0x100019a8                rom_reset_usb_boot_extra
 .text.xosc_init
                0x100019d0       0x28 CMakeFiles/aquarium.dir/home/marcus-leloq/pico-sdk/src/rp2_common/hardware_xosc/xosc.c.o
                0x100019d0                xosc_init
 .text.first_per_core_initializer
                0x100019f8        0x4 CMakeFiles/aquarium.dir/home/marcus-leloq/pico-sdk/src/rp2_common/pico_runtime/runtime.c.o
 .text.hard_assertion_failure
                0x100019fc        0xc CMakeFiles/aquarium.dir/home/marcus-leloq/pico-sdk/src/rp2_common/pico_runtime/runtime.c.o
                0x100019fc                hard_assertion_failure
 .text.runtime_run_initializers
                0x10001a08       0x28 CMakeFiles/aquarium.dir/home/marcus-leloq/pico-sdk/src/rp2_common/pico_runtime/runtime.c.o
                0x10001a08                runtime_run_initializers
 .text.runtime_init_early_resets
                0x10001a30       0x2c CMakeFiles/aquarium.dir/home/marcus-leloq/pico-sdk/src/rp2_common/pico_runtime_init/runtime_init.c.o
                0x10001a30                runtime_init_early_resets
 .text.runtime_init_usb_power_down
                0x10001a5c       0x1c CMakeFiles/aquarium.dir/home/marcus-leloq/pico-sdk/src/rp2_common/pico_runtime_init/runtime_init.c.o
                0x10001a5c                runtime_init_usb_power_down
 .text.runtime_init_post_clock_resets
                0x10001a78       0x20 CMakeFiles/aquarium.dir/home/marcus-leloq/pico-sdk/src/rp2_common/pico_runtime_init/runtime_init.c.o
                0x10001a78                runtime_init_post_clock_resets
 .text.runtime_init_rp2040_gpio_ie_disable
                0x10001a98       0x14 CMakeFiles/aquarium.dir/home/marcus-leloq/pico-sdk/src/rp2_common/pico_runtime_init/runtime_init.c.o
                0x10001a98                runtime_init_rp2040_gpio_ie_disable
 .text.runtime_init_spin_locks_reset
                0x10001aac        0x8 CMakeFiles/aquarium.dir/home/marcus-leloq/pico-sdk/src/rp2_common/pico_runtime_init/runtime_init.c.o
                0x10001aac                runtime_init_spin_locks_reset
 .text.runtime_init_install_ram_vector_table
                0x10001ab4       0x1c CMakeFiles/aquarium.dir/home/marcus-leloq/pico-sdk/src/rp2_common/pico_runtime_init/runtime_init.c.o
                0x10001ab4                runtime_init_install_ram_vector_table
 .text.runtime_init_clocks
                0x10001ad0       0xd8 CMakeFiles/aquarium.dir/home/marcus-leloq/pico-sdk/src/rp2_common/pico_runtime_init/runtime_init_clocks.c.o
                0x10001ad0                runtime_init_clocks
 .text          0x10001ba8       0x10 CMakeFiles/aquarium.dir/home/marcus-leloq/pico-sdk/src/rp2_common/pico_bit_ops/bit_ops_aeabi.S.o
 .text.__wrap___aeabi_idiv
                0x10001bb8       0x50 CMakeFiles/aquarium.dir/home/marcus-leloq/pico-sdk/src/rp2_common/pico_divider/divider_hardware.S.o
                0x10001bb8                __wrap___aeabi_idivmod
                0x10001bb8                divmod_s32s32
                0x10001bb8                div_s32s32
                0x10001bb8                __wrap___aeabi_idiv
                0x10001bc0                divmod_s32s32_unsafe
                0x10001bec                divmod_s32s32_savestate
 .text.__wrap___aeabi_uidiv
                0x10001c08       0x4c CMakeFiles/aquarium.dir/home/marcus-leloq/pico-sdk/src/rp2_common/pico_divider/divider_hardware.S.o
                0x10001c08                __wrap___aeabi_uidiv
                0x10001c08                __wrap___aeabi_uidivmod
                0x10001c08                div_u32u32
                0x10001c08                divmod_u32u32
                0x10001c10                divmod_u32u32_unsafe
                0x10001c38                divmod_u32u32_savestate
 .text.__wrap___aeabi_ldiv
                0x10001c54      0x424 CMakeFiles/aquarium.dir/home/marcus-leloq/pico-sdk/src/rp2_common/pico_divider/divider_hardware.S.o
                0x10001c54                div_s64s64
                0x10001c54                divmod_s64s64
                0x10001c54                __wrap___aeabi_ldivmod
                0x10001c84                div_u64u64
                0x10001c84                divmod_u64u64
                0x10001c84                __wrap___aeabi_uldivmod
                0x10001c94                divmod_u64u64_savestate
                0x10001cb4                divmod_s64s64_unsafe
                0x10001d3c                divmod_u64u64_unsafe
 .text.__wrap___aeabi_darithmetic
                0x10002078       0x60 CMakeFiles/aquarium.dir/home/marcus-leloq/pico-sdk/src/rp2_common/pico_double/double_aeabi_rp2040.S.o
                0x10002078                __wrap___aeabi_drsub
                0x1000207e                __wrap___aeabi_dsub
                0x10002088                __wrap___aeabi_dadd
                0x10002092                __wrap___aeabi_ddiv
                0x100020c6                __wrap___aeabi_dmul
 .text.__wrap___aeabi_cdcmple
                0x100020d8       0x6c CMakeFiles/aquarium.dir/home/marcus-leloq/pico-sdk/src/rp2_common/pico_double/double_aeabi_rp2040.S.o
                0x100020d8                __wrap___aeabi_cdrcmple
                0x100020e8                __wrap___aeabi_cdcmple
                0x100020e8                __wrap___aeabi_cdcmpeq
 .text.__wrap___aeabi_dcmplt
                0x10002144        0xc CMakeFiles/aquarium.dir/home/marcus-leloq/pico-sdk/src/rp2_common/pico_double/double_aeabi_rp2040.S.o
                0x10002144                __wrap___aeabi_dcmplt
 .text.__wrap___aeabi_dcmpge
                0x10002150       0x10 CMakeFiles/aquarium.dir/home/marcus-leloq/pico-sdk/src/rp2_common/pico_double/double_aeabi_rp2040.S.o
                0x10002150                __wrap___aeabi_dcmpge
 .text.__wrap___aeabi_dcmpgt
                0x10002160        0xa CMakeFiles/aquarium.dir/home/marcus-leloq/pico-sdk/src/rp2_common/pico_double/double_aeabi_rp2040.S.o
                0x10002160                __wrap___aeabi_dcmpgt
 .text.__wrap___aeabi_dcmpun
                0x1000216a       0x18 CMakeFiles/aquarium.dir/home/marcus-leloq/pico-sdk/src/rp2_common/pico_double/double_aeabi_rp2040.S.o
                0x1000216a                __wrap___aeabi_dcmpun
 *fill*         0x10002182        0x2 
 .text.__wrap___aeabi_i2d
                0x10002184       0x38 CMakeFiles/aquarium.dir/home/marcus-leloq/pico-sdk/src/rp2_common/pico_double/double_aeabi_rp2040.S.o
                0x10002184                __wrap___aeabi_ui2d
                0x10002184                uint2double
                0x1000218c                __wrap___aeabi_i2d
                0x1000218c                int2double
 .text.__wrap___aeabi_d2iz
                0x100021bc       0x48 CMakeFiles/aquarium.dir/home/marcus-leloq/pico-sdk/src/rp2_common/pico_double/double_aeabi_rp2040.S.o
                0x100021bc                __wrap___aeabi_d2iz
                0x100021bc                double2int_z
 .text.__wrap___aeabi_d2uiz
                0x10002204       0x10 CMakeFiles/aquarium.dir/home/marcus-leloq/pico-sdk/src/rp2_common/pico_double/double_aeabi_rp2040.S.o
                0x10002204                double2uint_z
                0x10002204                double2uint
                0x10002204                __wrap___aeabi_d2uiz
 .text.__wrap___aeabi_d2f
                0x10002214       0x10 CMakeFiles/aquarium.dir/home/marcus-leloq/pico-sdk/src/rp2_common/pico_double/double_aeabi_rp2040.S.o
                0x10002214                __wrap___aeabi_d2f
 .text.missing_double_func_shim
                0x10002224        0xc CMakeFiles/aquarium.dir/home/marcus-leloq/pico-sdk/src/rp2_common/pico_double/double_init_rom_rp2040.c.o
 .text.__aeabi_double_init
                0x10002230       0xa0 CMakeFiles/aquarium.dir/home/marcus-leloq/pico-sdk/src/rp2_common/pico_double/double_init_rom_rp2040.c.o
                0x10002230                __aeabi_double_init
 .text.double_table_shim_on_use_helper
                0x100022d0       0x2c CMakeFiles/aquarium.dir/home/marcus-leloq/pico-sdk/src/rp2_common/pico_double/double_v1_rom_shim_rp2040.S.o
                0x100022d0                double_table_shim_on_use_helper
 .text.__aeabi_lmul
                0x100022fc       0x32 CMakeFiles/aquarium.dir/home/marcus-leloq/pico-sdk/src/rp2_common/pico_int64_ops/pico_int64_ops_aeabi.S.o
                0x100022fc                __wrap___aeabi_lmul
 *fill*         0x1000232e        0x2 
 .text.__wrap___aeabi_farithmetic
                0x10002330       0x48 CMakeFiles/aquarium.dir/home/marcus-leloq/pico-sdk/src/rp2_common/pico_float/float_aeabi_rp2040.S.o
                0x10002330                __wrap___aeabi_frsub
                0x10002336                __wrap___aeabi_fsub
                0x1000233c                __wrap___aeabi_fadd
                0x10002342                __wrap___aeabi_fdiv
                0x1000236a                __wrap___aeabi_fmul
 .text.__wrap___aeabi_ui2f
                0x10002378        0xa CMakeFiles/aquarium.dir/home/marcus-leloq/pico-sdk/src/rp2_common/pico_float/float_aeabi_rp2040.S.o
                0x10002378                uint2float
                0x10002378                __wrap___aeabi_ui2f
 *fill*         0x10002382        0x2 
 .text.__wrap___aeabi_i2f
                0x10002384       0x44 CMakeFiles/aquarium.dir/home/marcus-leloq/pico-sdk/src/rp2_common/pico_float/float_aeabi_rp2040.S.o
                0x10002384                int2float
                0x10002384                __wrap___aeabi_i2f
 .text.__wrap___aeabi_f2uiz
                0x100023c8        0xc CMakeFiles/aquarium.dir/home/marcus-leloq/pico-sdk/src/rp2_common/pico_float/float_aeabi_rp2040.S.o
                0x100023c8                float2uint
                0x100023c8                float2uint_z
                0x100023c8                __wrap___aeabi_f2uiz
 .text.missing_float_func_shim
                0x100023d4        0xc CMakeFiles/aquarium.dir/home/marcus-leloq/pico-sdk/src/rp2_common/pico_float/float_init_rom_rp2040.c.o
 .text.__aeabi_float_init
                0x100023e0       0x5c CMakeFiles/aquarium.dir/home/marcus-leloq/pico-sdk/src/rp2_common/pico_float/float_init_rom_rp2040.c.o
                0x100023e0                __aeabi_float_init
 .text          0x1000243c       0x10 CMakeFiles/aquarium.dir/home/marcus-leloq/pico-sdk/src/rp2_common/pico_mem_ops/mem_ops_aeabi.S.o
                0x1000243c                __aeabi_mem_init
 .text.memset   0x1000244c        0xc CMakeFiles/aquarium.dir/home/marcus-leloq/pico-sdk/src/rp2_common/pico_mem_ops/mem_ops_aeabi.S.o
                0x1000244c                __wrap_memset
 .text.memcpy   0x10002458        0xc CMakeFiles/aquarium.dir/home/marcus-leloq/pico-sdk/src/rp2_common/pico_mem_ops/mem_ops_aeabi.S.o
                0x10002458                __wrap___aeabi_memcpy
                0x10002458                __wrap_memcpy
 .text._out_null
                0x10002464        0x4 CMakeFiles/aquarium.dir/home/marcus-leloq/pico-sdk/src/rp2_common/pico_printf/printf.c.o
 .text._out_rev
                0x10002468       0xac CMakeFiles/aquarium.dir/home/marcus-leloq/pico-sdk/src/rp2_common/pico_printf/printf.c.o
 .text._ntoa_format
                0x10002514      0x250 CMakeFiles/aquarium.dir/home/marcus-leloq/pico-sdk/src/rp2_common/pico_printf/printf.c.o
 .text._out_char
                0x10002764       0x10 CMakeFiles/aquarium.dir/home/marcus-leloq/pico-sdk/src/rp2_common/pico_printf/printf.c.o
 .text._out_fct
                0x10002774       0x10 CMakeFiles/aquarium.dir/home/marcus-leloq/pico-sdk/src/rp2_common/pico_printf/printf.c.o
 .text._etoa    0x10002784      0x464 CMakeFiles/aquarium.dir/home/marcus-leloq/pico-sdk/src/rp2_common/pico_printf/printf.c.o
 .text._ftoa    0x10002be8      0x3c0 CMakeFiles/aquarium.dir/home/marcus-leloq/pico-sdk/src/rp2_common/pico_printf/printf.c.o
 .text._vsnprintf
                0x10002fa8      0xbc8 CMakeFiles/aquarium.dir/home/marcus-leloq/pico-sdk/src/rp2_common/pico_printf/printf.c.o
 .text.vfctprintf
                0x10003b70       0x20 CMakeFiles/aquarium.dir/home/marcus-leloq/pico-sdk/src/rp2_common/pico_printf/printf.c.o
                0x10003b70                vfctprintf
 .text.weak_raw_vprintf
                0x10003b90       0x30 CMakeFiles/aquarium.dir/home/marcus-leloq/pico-sdk/src/rp2_common/pico_printf/printf.c.o
                0x10003b90                weak_raw_vprintf
 .text._exit    0x10003bc0        0x4 CMakeFiles/aquarium.dir/home/marcus-leloq/pico-sdk/src/rp2_common/pico_clib_interface/newlib_interface.c.o
                0x10003bc0                _exit
 .text.exit     0x10003bc4        0x8 CMakeFiles/aquarium.dir/home/marcus-leloq/pico-sdk/src/rp2_common/pico_clib_interface/newlib_interface.c.o
                0x10003bc4                exit
 .text.runtime_init
                0x10003bcc       0x2c CMakeFiles/aquarium.dir/home/marcus-leloq/pico-sdk/src/rp2_common/pico_clib_interface/newlib_interface.c.o
                0x10003bcc                runtime_init
 .text.stdio_out_chars_no_crlf
                0x10003bf8       0x10 CMakeFiles/aquarium.dir/home/marcus-leloq/pico-sdk/src/rp2_common/pico_stdio/stdio.c.o
 .text.stdio_out_chars_crlf
                0x10003c08       0x94 CMakeFiles/aquarium.dir/home/marcus-leloq/pico-sdk/src/rp2_common/pico_stdio/stdio.c.o
 .text.stdio_buffered_printer
                0x10003c9c       0x64 CMakeFiles/aquarium.dir/home/marcus-leloq/pico-sdk/src/rp2_common/pico_stdio/stdio.c.o
 .text.stdio_put_string
                0x10003d00      0x100 CMakeFiles/aquarium.dir/home/marcus-leloq/pico-sdk/src/rp2_common/pico_stdio/stdio.c.o
                0x10003d00                stdio_put_string
 .text.stdio_set_driver_enabled
                0x10003e00       0x30 CMakeFiles/aquarium.dir/home/marcus-leloq/pico-sdk/src/rp2_common/pico_stdio/stdio.c.o
                0x10003e00                stdio_set_driver_enabled
 .text.stdio_init_all
                0x10003e30       0x10 CMakeFiles/aquarium.dir/home/marcus-leloq/pico-sdk/src/rp2_common/pico_stdio/stdio.c.o
                0x10003e30                stdio_init_all
 .text.__wrap_putchar
                0x10003e40       0x98 CMakeFiles/aquarium.dir/home/marcus-leloq/pico-sdk/src/rp2_common/pico_stdio/stdio.c.o
                0x10003e40                stdio_putchar
                0x10003e40                __wrap_putchar
 .text.__wrap_puts
                0x10003ed8       0x3c CMakeFiles/aquarium.dir/home/marcus-leloq/pico-sdk/src/rp2_common/pico_stdio/stdio.c.o
                0x10003ed8                __wrap_puts
                0x10003ed8                stdio_puts
 .text.__wrap_vprintf
                0x10003f14       0xd4 CMakeFiles/aquarium.dir/home/marcus-leloq/pico-sdk/src/rp2_common/pico_stdio/stdio.c.o
                0x10003f14                __wrap_vprintf
                0x10003f14                stdio_vprintf
 .text.__wrap_printf
                0x10003fe8       0x18 CMakeFiles/aquarium.dir/home/marcus-leloq/pico-sdk/src/rp2_common/pico_stdio/stdio.c.o
                0x10003fe8                stdio_printf
                0x10003fe8                __wrap_printf
 .text.stdio_uart_out_chars
                0x10004000       0x4c CMakeFiles/aquarium.dir/home/marcus-leloq/pico-sdk/src/rp2_common/pico_stdio_uart/stdio_uart.c.o
 .text.stdio_uart_in_chars
                0x1000404c       0x90 CMakeFiles/aquarium.dir/home/marcus-leloq/pico-sdk/src/rp2_common/pico_stdio_uart/stdio_uart.c.o
                0x1000404c                stdio_uart_in_chars
 .text.on_uart_rx
                0x100040dc       0x28 CMakeFiles/aquarium.dir/home/marcus-leloq/pico-sdk/src/rp2_common/pico_stdio_uart/stdio_uart.c.o
 .text.stdio_uart_out_flush
                0x10004104       0x14 CMakeFiles/aquarium.dir/home/marcus-leloq/pico-sdk/src/rp2_common/pico_stdio_uart/stdio_uart.c.o
 .text.stdio_uart_set_chars_available_callback
                0x10004118       0x84 CMakeFiles/aquarium.dir/home/marcus-leloq/pico-sdk/src/rp2_common/pico_stdio_uart/stdio_uart.c.o
 .text.stdio_uart_init
                0x1000419c       0x50 CMakeFiles/aquarium.dir/home/marcus-leloq/pico-sdk/src/rp2_common/pico_stdio_uart/stdio_uart.c.o
                0x1000419c                stdio_uart_init
 .text.resetd_init
                0x100041ec        0x4 CMakeFiles/aquarium.dir/home/marcus-leloq/pico-sdk/src/rp2_common/pico_stdio_usb/reset_interface.c.o
 .text.resetd_reset
                0x100041f0        0xc CMakeFiles/aquarium.dir/home/marcus-leloq/pico-sdk/src/rp2_common/pico_stdio_usb/reset_interface.c.o
 .text.resetd_open
                0x100041fc       0x28 CMakeFiles/aquarium.dir/home/marcus-leloq/pico-sdk/src/rp2_common/pico_stdio_usb/reset_interface.c.o
 .text.resetd_xfer_cb
                0x10004224        0x4 CMakeFiles/aquarium.dir/home/marcus-leloq/pico-sdk/src/rp2_common/pico_stdio_usb/reset_interface.c.o
 .text.resetd_control_xfer_cb
                0x10004228       0x5c CMakeFiles/aquarium.dir/home/marcus-leloq/pico-sdk/src/rp2_common/pico_stdio_usb/reset_interface.c.o
 .text.tud_descriptor_bos_cb
                0x10004284        0x8 CMakeFiles/aquarium.dir/home/marcus-leloq/pico-sdk/src/rp2_common/pico_stdio_usb/reset_interface.c.o
                0x10004284                tud_descriptor_bos_cb
 .text.tud_vendor_control_xfer_cb
                0x1000428c       0x34 CMakeFiles/aquarium.dir/home/marcus-leloq/pico-sdk/src/rp2_common/pico_stdio_usb/reset_interface.c.o
                0x1000428c                tud_vendor_control_xfer_cb
 .text.usbd_app_driver_get_cb
                0x100042c0        0xc CMakeFiles/aquarium.dir/home/marcus-leloq/pico-sdk/src/rp2_common/pico_stdio_usb/reset_interface.c.o
                0x100042c0                usbd_app_driver_get_cb
 .text.tud_cdc_line_coding_cb
                0x100042cc       0x2c CMakeFiles/aquarium.dir/home/marcus-leloq/pico-sdk/src/rp2_common/pico_stdio_usb/reset_interface.c.o
                0x100042cc                tud_cdc_line_coding_cb
 .text.stdio_usb_set_chars_available_callback
                0x100042f8       0x14 CMakeFiles/aquarium.dir/home/marcus-leloq/pico-sdk/src/rp2_common/pico_stdio_usb/stdio_usb.c.o
                0x100042f8                stdio_usb_set_chars_available_callback
 .text.usb_irq  0x1000430c       0x10 CMakeFiles/aquarium.dir/home/marcus-leloq/pico-sdk/src/rp2_common/pico_stdio_usb/stdio_usb.c.o
 .text.timer_task
                0x1000431c       0x64 CMakeFiles/aquarium.dir/home/marcus-leloq/pico-sdk/src/rp2_common/pico_stdio_usb/stdio_usb.c.o
 .text.stdio_usb_in_chars
                0x10004380       0x90 CMakeFiles/aquarium.dir/home/marcus-leloq/pico-sdk/src/rp2_common/pico_stdio_usb/stdio_usb.c.o
                0x10004380                stdio_usb_in_chars
 .text.stdio_usb_out_flush
                0x10004410       0x50 CMakeFiles/aquarium.dir/home/marcus-leloq/pico-sdk/src/rp2_common/pico_stdio_usb/stdio_usb.c.o
 .text.stdio_usb_out_chars
                0x10004460      0x104 CMakeFiles/aquarium.dir/home/marcus-leloq/pico-sdk/src/rp2_common/pico_stdio_usb/stdio_usb.c.o
 .text.low_priority_worker_irq
                0x10004564       0xcc CMakeFiles/aquarium.dir/home/marcus-leloq/pico-sdk/src/rp2_common/pico_stdio_usb/stdio_usb.c.o
 .text.stdio_usb_init
                0x10004630       0xec CMakeFiles/aquarium.dir/home/marcus-leloq/pico-sdk/src/rp2_common/pico_stdio_usb/stdio_usb.c.o
                0x10004630                stdio_usb_init
 .text.tud_descriptor_device_cb
                0x1000471c        0x8 CMakeFiles/aquarium.dir/home/marcus-leloq/pico-sdk/src/rp2_common/pico_stdio_usb/stdio_usb_descriptors.c.o
                0x1000471c                tud_descriptor_device_cb
 .text.tud_descriptor_configuration_cb
                0x10004724        0x8 CMakeFiles/aquarium.dir/home/marcus-leloq/pico-sdk/src/rp2_common/pico_stdio_usb/stdio_usb_descriptors.c.o
                0x10004724                tud_descriptor_configuration_cb
 .text.tud_descriptor_string_cb
                0x1000472c       0x78 CMakeFiles/aquarium.dir/home/marcus-leloq/pico-sdk/src/rp2_common/pico_stdio_usb/stdio_usb_descriptors.c.o
                0x1000472c                tud_descriptor_string_cb
 .text.startup._retrieve_unique_id_on_boot
                0x100047a4       0x10 CMakeFiles/aquarium.dir/home/marcus-leloq/pico-sdk/src/rp2_common/pico_unique_id/unique_id.c.o
 .text.pico_get_unique_board_id_string
                0x100047b4      0x1a8 CMakeFiles/aquarium.dir/home/marcus-leloq/pico-sdk/src/rp2_common/pico_unique_id/unique_id.c.o
                0x100047b4                pico_get_unique_board_id_string
 .text.flash_get_unique_id
                0x1000495c       0x3c CMakeFiles/aquarium.dir/home/marcus-leloq/pico-sdk/src/rp2_common/hardware_flash/flash.c.o
                0x1000495c                flash_get_unique_id
 .text.dcd_init
                0x10004998       0x90 CMakeFiles/aquarium.dir/home/marcus-leloq/pico-sdk/lib/tinyusb/src/portable/raspberrypi/rp2040/dcd_rp2040.c.o
                0x10004998                dcd_init
 .text.dcd_int_enable
                0x10004a28        0xc CMakeFiles/aquarium.dir/home/marcus-leloq/pico-sdk/lib/tinyusb/src/portable/raspberrypi/rp2040/dcd_rp2040.c.o
                0x10004a28                dcd_int_enable
 .text.dcd_set_address
                0x10004a34       0x14 CMakeFiles/aquarium.dir/home/marcus-leloq/pico-sdk/lib/tinyusb/src/portable/raspberrypi/rp2040/dcd_rp2040.c.o
                0x10004a34                dcd_set_address
 .text.dcd_sof_enable
                0x10004a48       0x1c CMakeFiles/aquarium.dir/home/marcus-leloq/pico-sdk/lib/tinyusb/src/portable/raspberrypi/rp2040/dcd_rp2040.c.o
                0x10004a48                dcd_sof_enable
 .text.dcd_edpt0_status_complete
                0x10004a64       0x1c CMakeFiles/aquarium.dir/home/marcus-leloq/pico-sdk/lib/tinyusb/src/portable/raspberrypi/rp2040/dcd_rp2040.c.o
                0x10004a64                dcd_edpt0_status_complete
 .text.dcd_edpt_open
                0x10004a80      0x114 CMakeFiles/aquarium.dir/home/marcus-leloq/pico-sdk/lib/tinyusb/src/portable/raspberrypi/rp2040/dcd_rp2040.c.o
                0x10004a80                dcd_edpt_open
 .text.dcd_edpt_close_all
                0x10004b94        0x8 CMakeFiles/aquarium.dir/home/marcus-leloq/pico-sdk/lib/tinyusb/src/portable/raspberrypi/rp2040/dcd_rp2040.c.o
                0x10004b94                dcd_edpt_close_all
 .text.dcd_edpt_xfer
                0x10004b9c       0x24 CMakeFiles/aquarium.dir/home/marcus-leloq/pico-sdk/lib/tinyusb/src/portable/raspberrypi/rp2040/dcd_rp2040.c.o
                0x10004b9c                dcd_edpt_xfer
 .text.dcd_edpt_stall
                0x10004bc0       0x34 CMakeFiles/aquarium.dir/home/marcus-leloq/pico-sdk/lib/tinyusb/src/portable/raspberrypi/rp2040/dcd_rp2040.c.o
                0x10004bc0                dcd_edpt_stall
 .text.dcd_edpt_clear_stall
                0x10004bf4       0x30 CMakeFiles/aquarium.dir/home/marcus-leloq/pico-sdk/lib/tinyusb/src/portable/raspberrypi/rp2040/dcd_rp2040.c.o
                0x10004bf4                dcd_edpt_clear_stall
 .text.rp2040_usb_init
                0x10004c24       0x40 CMakeFiles/aquarium.dir/home/marcus-leloq/pico-sdk/lib/tinyusb/src/portable/raspberrypi/rp2040/rp2040_usb.c.o
                0x10004c24                rp2040_usb_init
 .text.hw_endpoint_xfer_start
                0x10004c64       0x40 CMakeFiles/aquarium.dir/home/marcus-leloq/pico-sdk/lib/tinyusb/src/portable/raspberrypi/rp2040/rp2040_usb.c.o
                0x10004c64                hw_endpoint_xfer_start
 .text.tud_event_hook_cb
                0x10004ca4        0x4 CMakeFiles/aquarium.dir/home/marcus-leloq/pico-sdk/lib/tinyusb/src/device/usbd.c.o
                0x10004ca4                tud_event_hook_cb
 .text.tud_sof_cb
                0x10004ca8        0x4 CMakeFiles/aquarium.dir/home/marcus-leloq/pico-sdk/lib/tinyusb/src/device/usbd.c.o
                0x10004ca8                tud_sof_cb
 .text.tud_descriptor_device_qualifier_cb
                0x10004cac        0x4 CMakeFiles/aquarium.dir/home/marcus-leloq/pico-sdk/lib/tinyusb/src/device/usbd.c.o
                0x10004cac                tud_descriptor_device_qualifier_cb
 .text.tud_descriptor_other_speed_configuration_cb
                0x10004cb0        0x4 CMakeFiles/aquarium.dir/home/marcus-leloq/pico-sdk/lib/tinyusb/src/device/usbd.c.o
                0x10004cb0                tud_descriptor_other_speed_configuration_cb
 .text.tud_mount_cb
                0x10004cb4        0x4 CMakeFiles/aquarium.dir/home/marcus-leloq/pico-sdk/lib/tinyusb/src/device/usbd.c.o
                0x10004cb4                tud_mount_cb
 .text.tud_umount_cb
                0x10004cb8        0x4 CMakeFiles/aquarium.dir/home/marcus-leloq/pico-sdk/lib/tinyusb/src/device/usbd.c.o
                0x10004cb8                tud_umount_cb
 .text.tud_suspend_cb
                0x10004cbc        0x4 CMakeFiles/aquarium.dir/home/marcus-leloq/pico-sdk/lib/tinyusb/src/device/usbd.c.o
                0x10004cbc                tud_suspend_cb
 .text.tud_resume_cb
                0x10004cc0        0x4 CMakeFiles/aquarium.dir/home/marcus-leloq/pico-sdk/lib/tinyusb/src/device/usbd.c.o
                0x10004cc0                tud_resume_cb
 .text.tud_mounted
                0x10004cc4       0x10 CMakeFiles/aquarium.dir/home/marcus-leloq/pico-sdk/lib/tinyusb/src/device/usbd.c.o
                0x10004cc4                tud_mounted
 .text.tud_suspended
                0x10004cd4       0x10 CMakeFiles/aquarium.dir/home/marcus-leloq/pico-sdk/lib/tinyusb/src/device/usbd.c.o
                0x10004cd4                tud_suspended
 .text.tud_rhport_init
                0x10004ce4       0xfc CMakeFiles/aquarium.dir/home/marcus-leloq/pico-sdk/lib/tinyusb/src/device/usbd.c.o
                0x10004ce4                tud_rhport_init
 .text.tud_task_ext
                0x10004de0      0x800 CMakeFiles/aquarium.dir/home/marcus-leloq/pico-sdk/lib/tinyusb/src/device/usbd.c.o
                0x10004de0                tud_task_ext
 .text.usbd_open_edpt_pair
                0x100055e0       0x9c CMakeFiles/aquarium.dir/home/marcus-leloq/pico-sdk/lib/tinyusb/src/device/usbd.c.o
                0x100055e0                usbd_open_edpt_pair
 .text.usbd_edpt_open
                0x1000567c       0x34 CMakeFiles/aquarium.dir/home/marcus-leloq/pico-sdk/lib/tinyusb/src/device/usbd.c.o
                0x1000567c                usbd_edpt_open
 .text.usbd_edpt_claim
                0x100056b0       0x28 CMakeFiles/aquarium.dir/home/marcus-leloq/pico-sdk/lib/tinyusb/src/device/usbd.c.o
                0x100056b0                usbd_edpt_claim
 .text.usbd_edpt_release
                0x100056d8       0x28 CMakeFiles/aquarium.dir/home/marcus-leloq/pico-sdk/lib/tinyusb/src/device/usbd.c.o
                0x100056d8                usbd_edpt_release
 .text.usbd_edpt_xfer
                0x10005700       0x4c CMakeFiles/aquarium.dir/home/marcus-leloq/pico-sdk/lib/tinyusb/src/device/usbd.c.o
                0x10005700                usbd_edpt_xfer
 .text.tud_control_status
                0x1000574c       0x2c CMakeFiles/aquarium.dir/home/marcus-leloq/pico-sdk/lib/tinyusb/src/device/usbd_control.c.o
                0x1000574c                tud_control_status
 .text.tud_control_xfer
                0x10005778       0xac CMakeFiles/aquarium.dir/home/marcus-leloq/pico-sdk/lib/tinyusb/src/device/usbd_control.c.o
                0x10005778                tud_control_xfer
 .text.usbd_control_reset
                0x10005824       0x14 CMakeFiles/aquarium.dir/home/marcus-leloq/pico-sdk/lib/tinyusb/src/device/usbd_control.c.o
                0x10005824                usbd_control_reset
 .text.usbd_control_set_complete_callback
                0x10005838        0xc CMakeFiles/aquarium.dir/home/marcus-leloq/pico-sdk/lib/tinyusb/src/device/usbd_control.c.o
                0x10005838                usbd_control_set_complete_callback
 .text.usbd_control_set_request
                0x10005844       0x1c CMakeFiles/aquarium.dir/home/marcus-leloq/pico-sdk/lib/tinyusb/src/device/usbd_control.c.o
                0x10005844                usbd_control_set_request
 .text.usbd_control_xfer_cb
                0x10005860       0xec CMakeFiles/aquarium.dir/home/marcus-leloq/pico-sdk/lib/tinyusb/src/device/usbd_control.c.o
                0x10005860                usbd_control_xfer_cb
 .text._prep_out_transaction.isra.0
                0x1000594c       0x6c CMakeFiles/aquarium.dir/home/marcus-leloq/pico-sdk/lib/tinyusb/src/class/cdc/cdc_device.c.o
 .text.tud_cdc_n_connected
                0x100059b8       0x2c CMakeFiles/aquarium.dir/home/marcus-leloq/pico-sdk/lib/tinyusb/src/class/cdc/cdc_device.c.o
                0x100059b8                tud_cdc_n_connected
 .text.tud_cdc_n_available
                0x100059e4       0x14 CMakeFiles/aquarium.dir/home/marcus-leloq/pico-sdk/lib/tinyusb/src/class/cdc/cdc_device.c.o
                0x100059e4                tud_cdc_n_available
 .text.tud_cdc_n_read
                0x100059f8       0x94 CMakeFiles/aquarium.dir/home/marcus-leloq/pico-sdk/lib/tinyusb/src/class/cdc/cdc_device.c.o
                0x100059f8                tud_cdc_n_read
 .text.tud_cdc_n_write_flush
                0x10005a8c       0x74 CMakeFiles/aquarium.dir/home/marcus-leloq/pico-sdk/lib/tinyusb/src/class/cdc/cdc_device.c.o
                0x10005a8c                tud_cdc_n_write_flush
 .text.tud_cdc_n_write
                0x10005b00       0x40 CMakeFiles/aquarium.dir/home/marcus-leloq/pico-sdk/lib/tinyusb/src/class/cdc/cdc_device.c.o
                0x10005b00                tud_cdc_n_write
 .text.tud_cdc_n_write_available
                0x10005b40       0x14 CMakeFiles/aquarium.dir/home/marcus-leloq/pico-sdk/lib/tinyusb/src/class/cdc/cdc_device.c.o
                0x10005b40                tud_cdc_n_write_available
 .text.cdcd_init
                0x10005b54       0x70 CMakeFiles/aquarium.dir/home/marcus-leloq/pico-sdk/lib/tinyusb/src/class/cdc/cdc_device.c.o
                0x10005b54                cdcd_init
 .text.cdcd_deinit
                0x10005bc4       0x34 CMakeFiles/aquarium.dir/home/marcus-leloq/pico-sdk/lib/tinyusb/src/class/cdc/cdc_device.c.o
                0x10005bc4                cdcd_deinit
 .text.cdcd_reset
                0x10005bf8       0x4c CMakeFiles/aquarium.dir/home/marcus-leloq/pico-sdk/lib/tinyusb/src/class/cdc/cdc_device.c.o
                0x10005bf8                cdcd_reset
 .text.cdcd_open
                0x10005c44       0xa8 CMakeFiles/aquarium.dir/home/marcus-leloq/pico-sdk/lib/tinyusb/src/class/cdc/cdc_device.c.o
                0x10005c44                cdcd_open
 .text.cdcd_control_xfer_cb
                0x10005cec       0xe8 CMakeFiles/aquarium.dir/home/marcus-leloq/pico-sdk/lib/tinyusb/src/class/cdc/cdc_device.c.o
                0x10005cec                cdcd_control_xfer_cb
 .text.cdcd_xfer_cb
                0x10005dd4      0x100 CMakeFiles/aquarium.dir/home/marcus-leloq/pico-sdk/lib/tinyusb/src/class/cdc/cdc_device.c.o
                0x10005dd4                cdcd_xfer_cb
 .text.vendord_init
                0x10005ed4       0x5c CMakeFiles/aquarium.dir/home/marcus-leloq/pico-sdk/lib/tinyusb/src/class/vendor/vendor_device.c.o
                0x10005ed4                vendord_init
 .text.vendord_deinit
                0x10005f30       0x1c CMakeFiles/aquarium.dir/home/marcus-leloq/pico-sdk/lib/tinyusb/src/class/vendor/vendor_device.c.o
                0x10005f30                vendord_deinit
 .text.vendord_reset
                0x10005f4c       0x28 CMakeFiles/aquarium.dir/home/marcus-leloq/pico-sdk/lib/tinyusb/src/class/vendor/vendor_device.c.o
                0x10005f4c                vendord_reset
 .text.vendord_open
                0x10005f74      0x128 CMakeFiles/aquarium.dir/home/marcus-leloq/pico-sdk/lib/tinyusb/src/class/vendor/vendor_device.c.o
                0x10005f74                vendord_open
 .text.vendord_xfer_cb
                0x1000609c       0x9c CMakeFiles/aquarium.dir/home/marcus-leloq/pico-sdk/lib/tinyusb/src/class/vendor/vendor_device.c.o
                0x1000609c                vendord_xfer_cb
 .text.tusb_rhport_init
                0x10006138       0x48 CMakeFiles/aquarium.dir/home/marcus-leloq/pico-sdk/lib/tinyusb/src/tusb.c.o
                0x10006138                tusb_rhport_init
 .text.tu_edpt_claim
                0x10006180       0x50 CMakeFiles/aquarium.dir/home/marcus-leloq/pico-sdk/lib/tinyusb/src/tusb.c.o
                0x10006180                tu_edpt_claim
 .text.tu_edpt_release
                0x100061d0       0x38 CMakeFiles/aquarium.dir/home/marcus-leloq/pico-sdk/lib/tinyusb/src/tusb.c.o
                0x100061d0                tu_edpt_release
 .text.tu_edpt_validate
                0x10006208       0x7c CMakeFiles/aquarium.dir/home/marcus-leloq/pico-sdk/lib/tinyusb/src/tusb.c.o
                0x10006208                tu_edpt_validate
 .text.tu_edpt_bind_driver
                0x10006284       0x34 CMakeFiles/aquarium.dir/home/marcus-leloq/pico-sdk/lib/tinyusb/src/tusb.c.o
                0x10006284                tu_edpt_bind_driver
 .text.tu_edpt_stream_init
                0x100062b8       0x6c CMakeFiles/aquarium.dir/home/marcus-leloq/pico-sdk/lib/tinyusb/src/tusb.c.o
                0x100062b8                tu_edpt_stream_init
 .text.tu_edpt_stream_deinit
                0x10006324        0x4 CMakeFiles/aquarium.dir/home/marcus-leloq/pico-sdk/lib/tinyusb/src/tusb.c.o
                0x10006324                tu_edpt_stream_deinit
 .text.tu_edpt_stream_write_zlp_if_needed
                0x10006328       0x68 CMakeFiles/aquarium.dir/home/marcus-leloq/pico-sdk/lib/tinyusb/src/tusb.c.o
                0x10006328                tu_edpt_stream_write_zlp_if_needed
 .text.tu_edpt_stream_write_xfer
                0x10006390       0x64 CMakeFiles/aquarium.dir/home/marcus-leloq/pico-sdk/lib/tinyusb/src/tusb.c.o
                0x10006390                tu_edpt_stream_write_xfer
 .text.tu_edpt_stream_read_xfer
                0x100063f4       0xdc CMakeFiles/aquarium.dir/home/marcus-leloq/pico-sdk/lib/tinyusb/src/tusb.c.o
                0x100063f4                tu_edpt_stream_read_xfer
 .text.tu_fifo_config
                0x100064d0       0x6c CMakeFiles/aquarium.dir/home/marcus-leloq/pico-sdk/lib/tinyusb/src/common/tusb_fifo.c.o
                0x100064d0                tu_fifo_config
 .text.tu_fifo_count
                0x1000653c       0x2c CMakeFiles/aquarium.dir/home/marcus-leloq/pico-sdk/lib/tinyusb/src/common/tusb_fifo.c.o
                0x1000653c                tu_fifo_count
 .text.tu_fifo_empty
                0x10006568       0x10 CMakeFiles/aquarium.dir/home/marcus-leloq/pico-sdk/lib/tinyusb/src/common/tusb_fifo.c.o
                0x10006568                tu_fifo_empty
 .text.tu_fifo_remaining
                0x10006578       0x2c CMakeFiles/aquarium.dir/home/marcus-leloq/pico-sdk/lib/tinyusb/src/common/tusb_fifo.c.o
                0x10006578                tu_fifo_remaining
 .text.tu_fifo_read
                0x100065a4       0x9c CMakeFiles/aquarium.dir/home/marcus-leloq/pico-sdk/lib/tinyusb/src/common/tusb_fifo.c.o
                0x100065a4                tu_fifo_read
 .text.tu_fifo_read_n
                0x10006640       0xe8 CMakeFiles/aquarium.dir/home/marcus-leloq/pico-sdk/lib/tinyusb/src/common/tusb_fifo.c.o
                0x10006640                tu_fifo_read_n
 .text.tu_fifo_write
                0x10006728       0xa8 CMakeFiles/aquarium.dir/home/marcus-leloq/pico-sdk/lib/tinyusb/src/common/tusb_fifo.c.o
                0x10006728                tu_fifo_write
 .text.tu_fifo_write_n
                0x100067d0      0x178 CMakeFiles/aquarium.dir/home/marcus-leloq/pico-sdk/lib/tinyusb/src/common/tusb_fifo.c.o
                0x100067d0                tu_fifo_write_n
 .text.tu_fifo_clear
                0x10006948       0x40 CMakeFiles/aquarium.dir/home/marcus-leloq/pico-sdk/lib/tinyusb/src/common/tusb_fifo.c.o
                0x10006948                tu_fifo_clear
 .text.tu_fifo_set_overwritable
                0x10006988       0x48 CMakeFiles/aquarium.dir/home/marcus-leloq/pico-sdk/lib/tinyusb/src/common/tusb_fifo.c.o
                0x10006988                tu_fifo_set_overwritable
 .text.pvPortMalloc
                0x100069d0      0x124 CMakeFiles/aquarium.dir/home/marcus-leloq/Documentos/ufc/7-term/rtos/RPIPicoFreeRTOSCourse/lib/FreeRTOS-Kernel/portable/MemMang/heap_4.c.o
                0x100069d0                pvPortMalloc
 .text.vPortFree
                0x10006af4       0x98 CMakeFiles/aquarium.dir/home/marcus-leloq/Documentos/ufc/7-term/rtos/RPIPicoFreeRTOSCourse/lib/FreeRTOS-Kernel/portable/MemMang/heap_4.c.o
                0x10006af4                vPortFree
 *fill*         0x10006b8c        0x4 
 .text.vPortStartFirstTask
                0x10006b90       0x34 CMakeFiles/aquarium.dir/home/marcus-leloq/Documentos/ufc/7-term/rtos/RPIPicoFreeRTOSCourse/lib/FreeRTOS-Kernel/portable/ThirdParty/GCC/RP2040/port.c.o
 *fill*         0x10006bc4        0xc 
 .text.xPortPendSVHandler
                0x10006bd0       0x64 CMakeFiles/aquarium.dir/home/marcus-leloq/Documentos/ufc/7-term/rtos/RPIPicoFreeRTOSCourse/lib/FreeRTOS-Kernel/portable/ThirdParty/GCC/RP2040/port.c.o
                0x10006bd0                xPortPendSVHandler
 .text.prvTaskExitError
                0x10006c34        0x8 CMakeFiles/aquarium.dir/home/marcus-leloq/Documentos/ufc/7-term/rtos/RPIPicoFreeRTOSCourse/lib/FreeRTOS-Kernel/portable/ThirdParty/GCC/RP2040/port.c.o
 .text.prvFIFOInterruptHandler
                0x10006c3c       0x78 CMakeFiles/aquarium.dir/home/marcus-leloq/Documentos/ufc/7-term/rtos/RPIPicoFreeRTOSCourse/lib/FreeRTOS-Kernel/portable/ThirdParty/GCC/RP2040/port.c.o
 .text.vPortSVCHandler
                0x10006cb4        0x4 CMakeFiles/aquarium.dir/home/marcus-leloq/Documentos/ufc/7-term/rtos/RPIPicoFreeRTOSCourse/lib/FreeRTOS-Kernel/portable/ThirdParty/GCC/RP2040/port.c.o
                0x10006cb4                vPortSVCHandler
 .text.pxPortInitialiseStack
                0x10006cb8       0x20 CMakeFiles/aquarium.dir/home/marcus-leloq/Documentos/ufc/7-term/rtos/RPIPicoFreeRTOSCourse/lib/FreeRTOS-Kernel/portable/ThirdParty/GCC/RP2040/port.c.o
                0x10006cb8                pxPortInitialiseStack
 .text.vPortYield
                0x10006cd8       0x18 CMakeFiles/aquarium.dir/home/marcus-leloq/Documentos/ufc/7-term/rtos/RPIPicoFreeRTOSCourse/lib/FreeRTOS-Kernel/portable/ThirdParty/GCC/RP2040/port.c.o
                0x10006cd8                vPortYield
 .text.vPortEnterCritical
                0x10006cf0       0x18 CMakeFiles/aquarium.dir/home/marcus-leloq/Documentos/ufc/7-term/rtos/RPIPicoFreeRTOSCourse/lib/FreeRTOS-Kernel/portable/ThirdParty/GCC/RP2040/port.c.o
                0x10006cf0                vPortEnterCritical
 .text.vPortExitCritical
                0x10006d08       0x14 CMakeFiles/aquarium.dir/home/marcus-leloq/Documentos/ufc/7-term/rtos/RPIPicoFreeRTOSCourse/lib/FreeRTOS-Kernel/portable/ThirdParty/GCC/RP2040/port.c.o
                0x10006d08                vPortExitCritical
 .text.ulSetInterruptMaskFromISR
                0x10006d1c        0x8 CMakeFiles/aquarium.dir/home/marcus-leloq/Documentos/ufc/7-term/rtos/RPIPicoFreeRTOSCourse/lib/FreeRTOS-Kernel/portable/ThirdParty/GCC/RP2040/port.c.o
                0x10006d1c                ulSetInterruptMaskFromISR
 .text.vClearInterruptMaskFromISR
                0x10006d24        0x8 CMakeFiles/aquarium.dir/home/marcus-leloq/Documentos/ufc/7-term/rtos/RPIPicoFreeRTOSCourse/lib/FreeRTOS-Kernel/portable/ThirdParty/GCC/RP2040/port.c.o
                0x10006d24                vClearInterruptMaskFromISR
 .text.xPortSysTickHandler
                0x10006d2c       0x24 CMakeFiles/aquarium.dir/home/marcus-leloq/Documentos/ufc/7-term/rtos/RPIPicoFreeRTOSCourse/lib/FreeRTOS-Kernel/portable/ThirdParty/GCC/RP2040/port.c.o
                0x10006d2c                xPortSysTickHandler
 .text.vPortSetupTimerInterrupt
                0x10006d50       0x68 CMakeFiles/aquarium.dir/home/marcus-leloq/Documentos/ufc/7-term/rtos/RPIPicoFreeRTOSCourse/lib/FreeRTOS-Kernel/portable/ThirdParty/GCC/RP2040/port.c.o
                0x10006d50                vPortSetupTimerInterrupt
 .text.xPortStartScheduler
                0x10006db8       0x9c CMakeFiles/aquarium.dir/home/marcus-leloq/Documentos/ufc/7-term/rtos/RPIPicoFreeRTOSCourse/lib/FreeRTOS-Kernel/portable/ThirdParty/GCC/RP2040/port.c.o
                0x10006db8                xPortStartScheduler
 .text.vPortSuppressTicksAndSleep
                0x10006e54      0x128 CMakeFiles/aquarium.dir/home/marcus-leloq/Documentos/ufc/7-term/rtos/RPIPicoFreeRTOSCourse/lib/FreeRTOS-Kernel/portable/ThirdParty/GCC/RP2040/port.c.o
                0x10006e54                vPortSuppressTicksAndSleep
 .text.ulPortLockGetCurrentOwnerId
                0x10006f7c       0x2c CMakeFiles/aquarium.dir/home/marcus-leloq/Documentos/ufc/7-term/rtos/RPIPicoFreeRTOSCourse/lib/FreeRTOS-Kernel/portable/ThirdParty/GCC/RP2040/port.c.o
                0x10006f7c                ulPortLockGetCurrentOwnerId
 .text.vPortLockInternalSpinUnlockWithNotify
                0x10006fa8       0xcc CMakeFiles/aquarium.dir/home/marcus-leloq/Documentos/ufc/7-term/rtos/RPIPicoFreeRTOSCourse/lib/FreeRTOS-Kernel/portable/ThirdParty/GCC/RP2040/port.c.o
                0x10006fa8                vPortLockInternalSpinUnlockWithNotify
 .text.xPortLockInternalSpinUnlockWithBestEffortWaitOrTimeout
                0x10007074       0xfc CMakeFiles/aquarium.dir/home/marcus-leloq/Documentos/ufc/7-term/rtos/RPIPicoFreeRTOSCourse/lib/FreeRTOS-Kernel/portable/ThirdParty/GCC/RP2040/port.c.o
                0x10007074                xPortLockInternalSpinUnlockWithBestEffortWaitOrTimeout
 .text.startup.prvRuntimeInitializer
                0x10007170       0x30 CMakeFiles/aquarium.dir/home/marcus-leloq/Documentos/ufc/7-term/rtos/RPIPicoFreeRTOSCourse/lib/FreeRTOS-Kernel/portable/ThirdParty/GCC/RP2040/port.c.o
 .text.vEventGroupSetBitsCallback
                0x100071a0       0x90 CMakeFiles/aquarium.dir/home/marcus-leloq/Documentos/ufc/7-term/rtos/RPIPicoFreeRTOSCourse/lib/FreeRTOS-Kernel/event_groups.c.o
                0x100071a0                vEventGroupSetBitsCallback
 .text.xEventGroupCreateStatic
                0x10007230       0x20 CMakeFiles/aquarium.dir/home/marcus-leloq/Documentos/ufc/7-term/rtos/RPIPicoFreeRTOSCourse/lib/FreeRTOS-Kernel/event_groups.c.o
                0x10007230                xEventGroupCreateStatic
 .text.xEventGroupWaitBits
                0x10007250       0xb8 CMakeFiles/aquarium.dir/home/marcus-leloq/Documentos/ufc/7-term/rtos/RPIPicoFreeRTOSCourse/lib/FreeRTOS-Kernel/event_groups.c.o
                0x10007250                xEventGroupWaitBits
 .text.xEventGroupSetBits
                0x10007308       0x9c CMakeFiles/aquarium.dir/home/marcus-leloq/Documentos/ufc/7-term/rtos/RPIPicoFreeRTOSCourse/lib/FreeRTOS-Kernel/event_groups.c.o
                0x10007308                xEventGroupSetBits
 .text.xEventGroupSetBitsFromISR
                0x100073a4       0x18 CMakeFiles/aquarium.dir/home/marcus-leloq/Documentos/ufc/7-term/rtos/RPIPicoFreeRTOSCourse/lib/FreeRTOS-Kernel/event_groups.c.o
                0x100073a4                xEventGroupSetBitsFromISR
 .text.vListInitialise
                0x100073bc       0x18 CMakeFiles/aquarium.dir/home/marcus-leloq/Documentos/ufc/7-term/rtos/RPIPicoFreeRTOSCourse/lib/FreeRTOS-Kernel/list.c.o
                0x100073bc                vListInitialise
 .text.vListInitialiseItem
                0x100073d4        0x8 CMakeFiles/aquarium.dir/home/marcus-leloq/Documentos/ufc/7-term/rtos/RPIPicoFreeRTOSCourse/lib/FreeRTOS-Kernel/list.c.o
                0x100073d4                vListInitialiseItem
 .text.vListInsertEnd
                0x100073dc       0x18 CMakeFiles/aquarium.dir/home/marcus-leloq/Documentos/ufc/7-term/rtos/RPIPicoFreeRTOSCourse/lib/FreeRTOS-Kernel/list.c.o
                0x100073dc                vListInsertEnd
 .text.vListInsert
                0x100073f4       0x30 CMakeFiles/aquarium.dir/home/marcus-leloq/Documentos/ufc/7-term/rtos/RPIPicoFreeRTOSCourse/lib/FreeRTOS-Kernel/list.c.o
                0x100073f4                vListInsert
 .text.uxListRemove
                0x10007424       0x20 CMakeFiles/aquarium.dir/home/marcus-leloq/Documentos/ufc/7-term/rtos/RPIPicoFreeRTOSCourse/lib/FreeRTOS-Kernel/list.c.o
                0x10007424                uxListRemove
 .text.prvUnlockQueue
                0x10007444      0x180 CMakeFiles/aquarium.dir/home/marcus-leloq/Documentos/ufc/7-term/rtos/RPIPicoFreeRTOSCourse/lib/FreeRTOS-Kernel/queue.c.o
 .text.prvNotifyQueueSetContainer
                0x100075c4       0x90 CMakeFiles/aquarium.dir/home/marcus-leloq/Documentos/ufc/7-term/rtos/RPIPicoFreeRTOSCourse/lib/FreeRTOS-Kernel/queue.c.o
 .text.xQueueGenericCreateStatic
                0x10007654       0xb4 CMakeFiles/aquarium.dir/home/marcus-leloq/Documentos/ufc/7-term/rtos/RPIPicoFreeRTOSCourse/lib/FreeRTOS-Kernel/queue.c.o
                0x10007654                xQueueGenericCreateStatic
 .text.xQueueGenericSendFromISR
                0x10007708      0x134 CMakeFiles/aquarium.dir/home/marcus-leloq/Documentos/ufc/7-term/rtos/RPIPicoFreeRTOSCourse/lib/FreeRTOS-Kernel/queue.c.o
                0x10007708                xQueueGenericSendFromISR
 .text.xQueueReceive
                0x1000783c      0x11c CMakeFiles/aquarium.dir/home/marcus-leloq/Documentos/ufc/7-term/rtos/RPIPicoFreeRTOSCourse/lib/FreeRTOS-Kernel/queue.c.o
                0x1000783c                xQueueReceive
 .text.vQueueAddToRegistry
                0x10007958      0x118 CMakeFiles/aquarium.dir/home/marcus-leloq/Documentos/ufc/7-term/rtos/RPIPicoFreeRTOSCourse/lib/FreeRTOS-Kernel/queue.c.o
                0x10007958                vQueueAddToRegistry
 .text.vQueueWaitForMessageRestricted
                0x10007a70       0x48 CMakeFiles/aquarium.dir/home/marcus-leloq/Documentos/ufc/7-term/rtos/RPIPicoFreeRTOSCourse/lib/FreeRTOS-Kernel/queue.c.o
                0x10007a70                vQueueWaitForMessageRestricted
 .text.prvAddNewTaskToReadyList
                0x10007ab8      0x124 CMakeFiles/aquarium.dir/home/marcus-leloq/Documentos/ufc/7-term/rtos/RPIPicoFreeRTOSCourse/lib/FreeRTOS-Kernel/tasks.c.o
 .text.vTaskSwitchContext.part.0
                0x10007bdc       0x7c CMakeFiles/aquarium.dir/home/marcus-leloq/Documentos/ufc/7-term/rtos/RPIPicoFreeRTOSCourse/lib/FreeRTOS-Kernel/tasks.c.o
 .text.xTaskIncrementTick.part.0
                0x10007c58      0x190 CMakeFiles/aquarium.dir/home/marcus-leloq/Documentos/ufc/7-term/rtos/RPIPicoFreeRTOSCourse/lib/FreeRTOS-Kernel/tasks.c.o
 .text.xTaskCreateStatic
                0x10007de8      0x134 CMakeFiles/aquarium.dir/home/marcus-leloq/Documentos/ufc/7-term/rtos/RPIPicoFreeRTOSCourse/lib/FreeRTOS-Kernel/tasks.c.o
                0x10007de8                xTaskCreateStatic
 .text.xTaskCreate
                0x10007f1c      0x138 CMakeFiles/aquarium.dir/home/marcus-leloq/Documentos/ufc/7-term/rtos/RPIPicoFreeRTOSCourse/lib/FreeRTOS-Kernel/tasks.c.o
                0x10007f1c                xTaskCreate
 .text.vTaskDelete
                0x10008054       0xe0 CMakeFiles/aquarium.dir/home/marcus-leloq/Documentos/ufc/7-term/rtos/RPIPicoFreeRTOSCourse/lib/FreeRTOS-Kernel/tasks.c.o
                0x10008054                vTaskDelete
 .text.vTaskStartScheduler
                0x10008134       0xd8 CMakeFiles/aquarium.dir/home/marcus-leloq/Documentos/ufc/7-term/rtos/RPIPicoFreeRTOSCourse/lib/FreeRTOS-Kernel/tasks.c.o
                0x10008134                vTaskStartScheduler
 .text.vTaskSuspendAll
                0x1000820c       0x10 CMakeFiles/aquarium.dir/home/marcus-leloq/Documentos/ufc/7-term/rtos/RPIPicoFreeRTOSCourse/lib/FreeRTOS-Kernel/tasks.c.o
                0x1000820c                vTaskSuspendAll
 .text.xTaskResumeAll
                0x1000821c      0x188 CMakeFiles/aquarium.dir/home/marcus-leloq/Documentos/ufc/7-term/rtos/RPIPicoFreeRTOSCourse/lib/FreeRTOS-Kernel/tasks.c.o
                0x1000821c                xTaskResumeAll
 .text.vTaskDelay
                0x100083a4       0x84 CMakeFiles/aquarium.dir/home/marcus-leloq/Documentos/ufc/7-term/rtos/RPIPicoFreeRTOSCourse/lib/FreeRTOS-Kernel/tasks.c.o
                0x100083a4                vTaskDelay
 .text.prvIdleTask
                0x10008428      0x118 CMakeFiles/aquarium.dir/home/marcus-leloq/Documentos/ufc/7-term/rtos/RPIPicoFreeRTOSCourse/lib/FreeRTOS-Kernel/tasks.c.o
 .text.xTaskGetTickCount
                0x10008540        0xc CMakeFiles/aquarium.dir/home/marcus-leloq/Documentos/ufc/7-term/rtos/RPIPicoFreeRTOSCourse/lib/FreeRTOS-Kernel/tasks.c.o
                0x10008540                xTaskGetTickCount
 .text.uxTaskGetNumberOfTasks
                0x1000854c        0xc CMakeFiles/aquarium.dir/home/marcus-leloq/Documentos/ufc/7-term/rtos/RPIPicoFreeRTOSCourse/lib/FreeRTOS-Kernel/tasks.c.o
                0x1000854c                uxTaskGetNumberOfTasks
 .text.vTaskStepTick
                0x10008558       0x3c CMakeFiles/aquarium.dir/home/marcus-leloq/Documentos/ufc/7-term/rtos/RPIPicoFreeRTOSCourse/lib/FreeRTOS-Kernel/tasks.c.o
                0x10008558                vTaskStepTick
 .text.xTaskIncrementTick
                0x10008594       0x24 CMakeFiles/aquarium.dir/home/marcus-leloq/Documentos/ufc/7-term/rtos/RPIPicoFreeRTOSCourse/lib/FreeRTOS-Kernel/tasks.c.o
                0x10008594                xTaskIncrementTick
 .text.vTaskSwitchContext
                0x100085b8       0x20 CMakeFiles/aquarium.dir/home/marcus-leloq/Documentos/ufc/7-term/rtos/RPIPicoFreeRTOSCourse/lib/FreeRTOS-Kernel/tasks.c.o
                0x100085b8                vTaskSwitchContext
 .text.vTaskPlaceOnEventList
                0x100085d8       0xa0 CMakeFiles/aquarium.dir/home/marcus-leloq/Documentos/ufc/7-term/rtos/RPIPicoFreeRTOSCourse/lib/FreeRTOS-Kernel/tasks.c.o
                0x100085d8                vTaskPlaceOnEventList
 .text.vTaskPlaceOnUnorderedEventList
                0x10008678       0xc4 CMakeFiles/aquarium.dir/home/marcus-leloq/Documentos/ufc/7-term/rtos/RPIPicoFreeRTOSCourse/lib/FreeRTOS-Kernel/tasks.c.o
                0x10008678                vTaskPlaceOnUnorderedEventList
 .text.vTaskPlaceOnEventListRestricted
                0x1000873c       0xf4 CMakeFiles/aquarium.dir/home/marcus-leloq/Documentos/ufc/7-term/rtos/RPIPicoFreeRTOSCourse/lib/FreeRTOS-Kernel/tasks.c.o
                0x1000873c                vTaskPlaceOnEventListRestricted
 .text.xTaskRemoveFromEventList
                0x10008830       0xf0 CMakeFiles/aquarium.dir/home/marcus-leloq/Documentos/ufc/7-term/rtos/RPIPicoFreeRTOSCourse/lib/FreeRTOS-Kernel/tasks.c.o
                0x10008830                xTaskRemoveFromEventList
 .text.vTaskRemoveFromUnorderedEventList
                0x10008920       0xb8 CMakeFiles/aquarium.dir/home/marcus-leloq/Documentos/ufc/7-term/rtos/RPIPicoFreeRTOSCourse/lib/FreeRTOS-Kernel/tasks.c.o
                0x10008920                vTaskRemoveFromUnorderedEventList
 .text.vTaskInternalSetTimeOutState
                0x100089d8       0x18 CMakeFiles/aquarium.dir/home/marcus-leloq/Documentos/ufc/7-term/rtos/RPIPicoFreeRTOSCourse/lib/FreeRTOS-Kernel/tasks.c.o
                0x100089d8                vTaskInternalSetTimeOutState
 .text.xTaskCheckForTimeOut
                0x100089f0       0x74 CMakeFiles/aquarium.dir/home/marcus-leloq/Documentos/ufc/7-term/rtos/RPIPicoFreeRTOSCourse/lib/FreeRTOS-Kernel/tasks.c.o
                0x100089f0                xTaskCheckForTimeOut
 .text.vTaskMissedYield
                0x10008a64        0xc CMakeFiles/aquarium.dir/home/marcus-leloq/Documentos/ufc/7-term/rtos/RPIPicoFreeRTOSCourse/lib/FreeRTOS-Kernel/tasks.c.o
                0x10008a64                vTaskMissedYield
 .text.eTaskConfirmSleepModeStatus
                0x10008a70       0x44 CMakeFiles/aquarium.dir/home/marcus-leloq/Documentos/ufc/7-term/rtos/RPIPicoFreeRTOSCourse/lib/FreeRTOS-Kernel/tasks.c.o
                0x10008a70                eTaskConfirmSleepModeStatus
 .text.xTaskGetCurrentTaskHandle
                0x10008ab4        0xc CMakeFiles/aquarium.dir/home/marcus-leloq/Documentos/ufc/7-term/rtos/RPIPicoFreeRTOSCourse/lib/FreeRTOS-Kernel/tasks.c.o
                0x10008ab4                xTaskGetCurrentTaskHandle
 .text.xTaskPriorityDisinherit
                0x10008ac0       0x64 CMakeFiles/aquarium.dir/home/marcus-leloq/Documentos/ufc/7-term/rtos/RPIPicoFreeRTOSCourse/lib/FreeRTOS-Kernel/tasks.c.o
                0x10008ac0                xTaskPriorityDisinherit
 .text.uxTaskResetEventItemValue
                0x10008b24       0x18 CMakeFiles/aquarium.dir/home/marcus-leloq/Documentos/ufc/7-term/rtos/RPIPicoFreeRTOSCourse/lib/FreeRTOS-Kernel/tasks.c.o
                0x10008b24                uxTaskResetEventItemValue
 .text.prvTimerTask
                0x10008b3c      0x3b4 CMakeFiles/aquarium.dir/home/marcus-leloq/Documentos/ufc/7-term/rtos/RPIPicoFreeRTOSCourse/lib/FreeRTOS-Kernel/timers.c.o
 .text.xTimerCreateTimerTask
                0x10008ef0       0xb0 CMakeFiles/aquarium.dir/home/marcus-leloq/Documentos/ufc/7-term/rtos/RPIPicoFreeRTOSCourse/lib/FreeRTOS-Kernel/timers.c.o
                0x10008ef0                xTimerCreateTimerTask
 .text.xTimerPendFunctionCallFromISR
                0x10008fa0       0x28 CMakeFiles/aquarium.dir/home/marcus-leloq/Documentos/ufc/7-term/rtos/RPIPicoFreeRTOSCourse/lib/FreeRTOS-Kernel/timers.c.o
                0x10008fa0                xTimerPendFunctionCallFromISR
 .text.exception_set_exclusive_handler
                0x10008fc8       0x48 CMakeFiles/aquarium.dir/home/marcus-leloq/pico-sdk/src/rp2_common/hardware_exception/exception.c.o
                0x10008fc8                exception_set_exclusive_handler
 .text.vApplicationGetIdleTaskMemory
                0x10009010       0x18 CMakeFiles/aquarium.dir/__/port/FreeRTOS-Kernel/IdleMemory.c.o
                0x10009010                vApplicationGetIdleTaskMemory
 .text.vApplicationGetTimerTaskMemory
                0x10009028       0x18 CMakeFiles/aquarium.dir/__/port/FreeRTOS-Kernel/IdleMemory.c.o
                0x10009028                vApplicationGetTimerTaskMemory
 .text.vApplicationStackOverflowHook
                0x10009040       0x28 CMakeFiles/aquarium.dir/__/port/FreeRTOS-Kernel/IdleMemory.c.o
                0x10009040                vApplicationStackOverflowHook
 .text.pio_claim_unused_sm
                0x10009068       0x38 CMakeFiles/aquarium.dir/home/marcus-leloq/pico-sdk/src/rp2_common/hardware_pio/pio.c.o
                0x10009068                pio_claim_unused_sm
 .text.pio_can_add_program
                0x100090a0       0x90 CMakeFiles/aquarium.dir/home/marcus-leloq/pico-sdk/src/rp2_common/hardware_pio/pio.c.o
                0x100090a0                pio_can_add_program
 .text.pio_add_program
                0x10009130      0x104 CMakeFiles/aquarium.dir/home/marcus-leloq/pico-sdk/src/rp2_common/hardware_pio/pio.c.o
                0x10009130                pio_add_program
 .text.pio_sm_init
                0x10009234       0x9c CMakeFiles/aquarium.dir/home/marcus-leloq/pico-sdk/src/rp2_common/hardware_pio/pio.c.o
                0x10009234                pio_sm_init
 .text.ow_init  0x100092d0      0x10c ../onewire_library/libonewire_library.a(onewire_library.c.o)
                0x100092d0                ow_init
 .text.ow_send  0x100093dc       0x28 ../onewire_library/libonewire_library.a(onewire_library.c.o)
                0x100093dc                ow_send
 .text.ow_read  0x10009404       0x30 ../onewire_library/libonewire_library.a(onewire_library.c.o)
                0x10009404                ow_read
 .text.ow_reset
                0x10009434       0x34 ../onewire_library/libonewire_library.a(onewire_library.c.o)
                0x10009434                ow_reset
 .text.ow_romsearch
                0x10009468      0x4a0 ../onewire_library/libonewire_library.a(onewire_library.c.o)
                0x10009468                ow_romsearch
 .text          0x10009908       0x10 /usr/lib/gcc/arm-none-eabi/13.2.1/../../../arm-none-eabi/lib/thumb/v6-m/nofp/libg.a(libc_a-atexit.o)
                0x10009908                atexit
 .text          0x10009918       0x5c /usr/lib/gcc/arm-none-eabi/13.2.1/../../../arm-none-eabi/lib/thumb/v6-m/nofp/libg.a(libc_a-strlen-stub.o)
                0x10009918                strlen
 .text          0x10009974       0x28 /usr/lib/gcc/arm-none-eabi/13.2.1/../../../arm-none-eabi/lib/thumb/v6-m/nofp/libg.a(libc_a-fini.o)
                0x10009974                __libc_fini_array
 .text          0x1000999c       0x78 /usr/lib/gcc/arm-none-eabi/13.2.1/../../../arm-none-eabi/lib/thumb/v6-m/nofp/libg.a(libc_a-__atexit.o)
                0x1000999c                __register_exitproc
 .text.startup  0x10009a14       0x18 /usr/lib/gcc/arm-none-eabi/13.2.1/../../../arm-none-eabi/lib/thumb/v6-m/nofp/libg.a(libc_a-__call_atexit.o)
 *(.fini)
 .fini          0x10009a2c        0x4 /usr/lib/gcc/arm-none-eabi/13.2.1/thumb/v6-m/nofp/crti.o
                0x10009a2c                _fini
 .fini.__stub   0x10009a30       0xc0 linker stubs
 *crtbegin.o(.ctors)
 *crtbegin?.o(.ctors)
 *(EXCLUDE_FILE(*crtend.o *crtend?.o) .ctors)
 *(SORT_BY_NAME(.ctors.*))
 *(.ctors)
 *crtbegin.o(.dtors)
 *crtbegin?.o(.dtors)
 *(EXCLUDE_FILE(*crtend.o *crtend?.o) .dtors)
 *(SORT_BY_NAME(.dtors.*))
 *(.dtors)
                0x10009af0                        . = ALIGN (0x4)
                0x10009af0                        PROVIDE (__preinit_array_start = .)
 *(SORT_BY_NAME(.preinit_array.*))
 .preinit_array.00100
                0x10009af0        0x4 CMakeFiles/aquarium.dir/home/marcus-leloq/pico-sdk/src/rp2_common/pico_runtime_init/runtime_init.c.o
                0x10009af0                __pre_init_runtime_init_early_resets
 .preinit_array.00101
                0x10009af4        0x4 CMakeFiles/aquarium.dir/home/marcus-leloq/pico-sdk/src/rp2_common/pico_runtime_init/runtime_init.c.o
                0x10009af4                __pre_init_runtime_init_usb_power_down
 .preinit_array.00275
                0x10009af8        0x4 CMakeFiles/aquarium.dir/home/marcus-leloq/pico-sdk/src/rp2_common/pico_bit_ops/bit_ops_aeabi.S.o
 .preinit_array.00300
                0x10009afc        0x4 CMakeFiles/aquarium.dir/home/marcus-leloq/pico-sdk/src/rp2_common/pico_mem_ops/mem_ops_aeabi.S.o
 .preinit_array.00350
                0x10009b00        0x4 CMakeFiles/aquarium.dir/home/marcus-leloq/pico-sdk/src/rp2_common/pico_double/double_aeabi_rp2040.S.o
 .preinit_array.00350
                0x10009b04        0x4 CMakeFiles/aquarium.dir/home/marcus-leloq/pico-sdk/src/rp2_common/pico_float/float_aeabi_rp2040.S.o
 .preinit_array.00500
                0x10009b08        0x4 CMakeFiles/aquarium.dir/home/marcus-leloq/pico-sdk/src/rp2_common/pico_runtime_init/runtime_init.c.o
                0x10009b08                __pre_init_runtime_init_clocks
 .preinit_array.00600
                0x10009b0c        0x4 CMakeFiles/aquarium.dir/home/marcus-leloq/pico-sdk/src/rp2_common/pico_runtime_init/runtime_init.c.o
                0x10009b0c                __pre_init_runtime_init_post_clock_resets
 .preinit_array.00700
                0x10009b10        0x4 CMakeFiles/aquarium.dir/home/marcus-leloq/pico-sdk/src/rp2_common/pico_runtime_init/runtime_init.c.o
                0x10009b10                __pre_init_runtime_init_rp2040_gpio_ie_disable
 .preinit_array.01000
                0x10009b14        0x4 CMakeFiles/aquarium.dir/home/marcus-leloq/pico-sdk/src/rp2_common/pico_runtime_init/runtime_init.c.o
                0x10009b14                __pre_init_runtime_init_spin_locks_reset
 .preinit_array.01100
                0x10009b18        0x4 CMakeFiles/aquarium.dir/home/marcus-leloq/pico-sdk/src/common/pico_sync/mutex.c.o
                0x10009b18                __pre_init_runtime_init_mutex
 .preinit_array.10080
                0x10009b1c        0x4 CMakeFiles/aquarium.dir/home/marcus-leloq/pico-sdk/src/rp2_common/pico_runtime_init/runtime_init.c.o
                0x10009b1c                __pre_init_runtime_init_install_ram_vector_table
 .preinit_array.11000
                0x10009b20        0x4 CMakeFiles/aquarium.dir/home/marcus-leloq/pico-sdk/src/common/pico_time/time.c.o
                0x10009b20                __pre_init_runtime_init_default_alarm_pool
 .preinit_array.YYYYY
                0x10009b24        0x4 CMakeFiles/aquarium.dir/home/marcus-leloq/pico-sdk/src/rp2_common/pico_runtime/runtime.c.o
                0x10009b24                __pre_init_first_per_core_initializer
 .preinit_array.ZZZZZ.01200
                0x10009b28        0x4 CMakeFiles/aquarium.dir/home/marcus-leloq/pico-sdk/src/rp2_common/hardware_irq/irq.c.o
                0x10009b28                __pre_init_runtime_init_per_core_irq_priorities
 *(.preinit_array)
                0x10009b2c                        PROVIDE (__preinit_array_end = .)
                0x10009b2c                        . = ALIGN (0x4)
                0x10009b2c                        PROVIDE (__init_array_start = .)
 *(SORT_BY_NAME(.init_array.*))
 .init_array.00000
                0x10009b2c        0x4 /usr/lib/gcc/arm-none-eabi/13.2.1/../../../arm-none-eabi/lib/thumb/v6-m/nofp/libg.a(libc_a-__call_atexit.o)
 *(.init_array)
 .init_array    0x10009b30        0x4 /usr/lib/gcc/arm-none-eabi/13.2.1/thumb/v6-m/nofp/crtbegin.o
 .init_array    0x10009b34        0x4 CMakeFiles/aquarium.dir/home/marcus-leloq/pico-sdk/src/rp2_common/pico_unique_id/unique_id.c.o
 .init_array    0x10009b38        0x4 CMakeFiles/aquarium.dir/home/marcus-leloq/Documentos/ufc/7-term/rtos/RPIPicoFreeRTOSCourse/lib/FreeRTOS-Kernel/portable/ThirdParty/GCC/RP2040/port.c.o
                0x10009b3c                        PROVIDE (__init_array_end = .)
                0x10009b3c                        . = ALIGN (0x4)
                0x10009b3c                        PROVIDE (__fini_array_start = .)
 *(SORT_BY_NAME(.fini_array.*))
 *(.fini_array)
                0x10009b3c                        PROVIDE (__fini_array_end = .)
 *(.eh_frame*)
 .eh_frame      0x10009b3c        0x0 /usr/lib/gcc/arm-none-eabi/13.2.1/thumb/v6-m/nofp/crtbegin.o
                0x10009b3c                        . = ALIGN (0x4)

.glue_7         0x10009b3c        0x0
 .glue_7        0x10009b3c        0x0 linker stubs

.glue_7t        0x10009b3c        0x0
 .glue_7t       0x10009b3c        0x0 linker stubs

.vfp11_veneer   0x10009b3c        0x0
 .vfp11_veneer  0x10009b3c        0x0 linker stubs

.v4_bx          0x10009b3c        0x0
 .v4_bx         0x10009b3c        0x0 linker stubs

.iplt           0x10009b3c        0x0
 .iplt          0x10009b3c        0x0 /usr/lib/gcc/arm-none-eabi/13.2.1/thumb/v6-m/nofp/crtbegin.o

.rodata         0x10009b40      0x80c
 *(EXCLUDE_FILE(*libm.a: *libc.a:*lib_a-mem*.o *libgcc.a:) .rodata*)
 .rodata.temperature_task.str1.4
                0x10009b40      0x2f0 CMakeFiles/aquarium.dir/main.c.o
                                 0xa5 (size before relaxing)
 .rodata.main.str1.4
                0x10009e30        0x9 CMakeFiles/aquarium.dir/main.c.o
 .rodata.onewire_program
                0x10009e30        0x8 CMakeFiles/aquarium.dir/main.c.o
 .rodata.onewire_program_instructions
                0x10009e38       0x22 CMakeFiles/aquarium.dir/main.c.o
 .rodata.panic.str1.4
                0x10009e5a       0x12 CMakeFiles/aquarium.dir/home/marcus-leloq/pico-sdk/src/rp2_common/pico_platform_panic/panic.c.o
 .rodata.panic_unsupported.str1.4
                0x10009e5a        0xe CMakeFiles/aquarium.dir/home/marcus-leloq/pico-sdk/src/rp2_common/pico_platform_panic/panic.c.o
 .rodata.spin_lock_claim_unused.str1.4
                0x10009e5a       0x1b CMakeFiles/aquarium.dir/home/marcus-leloq/pico-sdk/src/rp2_common/hardware_sync/sync.c.o
 .rodata.user_irq_claim_unused.str1.4
                0x10009e5a       0x1b CMakeFiles/aquarium.dir/home/marcus-leloq/pico-sdk/src/rp2_common/hardware_irq/irq.c.o
 .rodata.timer_hardware_alarm_claim.str1.4
                0x10009e5a       0x22 CMakeFiles/aquarium.dir/home/marcus-leloq/pico-sdk/src/rp2_common/hardware_timer/timer.c.o
 .rodata.hard_assertion_failure.str1.4
                0x10009e5a        0xc CMakeFiles/aquarium.dir/home/marcus-leloq/pico-sdk/src/rp2_common/pico_runtime/runtime.c.o
 .rodata.missing_double_func_shim.str1.4
                0x10009e5a       0x18 CMakeFiles/aquarium.dir/home/marcus-leloq/pico-sdk/src/rp2_common/pico_double/double_init_rom_rp2040.c.o
 .rodata.missing_float_func_shim.str1.4
                0x10009e5a        0x1 CMakeFiles/aquarium.dir/home/marcus-leloq/pico-sdk/src/rp2_common/pico_float/float_init_rom_rp2040.c.o
 .rodata.str1.4
                0x10009e5a       0x40 CMakeFiles/aquarium.dir/home/marcus-leloq/pico-sdk/src/rp2_common/pico_standard_binary_info/standard_binary_info.c.o
 *fill*         0x10009e5a        0x2 
 .rodata.__bi_84
                0x10009e5c        0xc CMakeFiles/aquarium.dir/home/marcus-leloq/pico-sdk/src/rp2_common/pico_standard_binary_info/standard_binary_info.c.o
 .rodata.__bi_78
                0x10009e68        0xc CMakeFiles/aquarium.dir/home/marcus-leloq/pico-sdk/src/rp2_common/pico_standard_binary_info/standard_binary_info.c.o
 .rodata.__bi_54
                0x10009e74        0xc CMakeFiles/aquarium.dir/home/marcus-leloq/pico-sdk/src/rp2_common/pico_standard_binary_info/standard_binary_info.c.o
 .rodata.__bi_48
                0x10009e80        0xc CMakeFiles/aquarium.dir/home/marcus-leloq/pico-sdk/src/rp2_common/pico_standard_binary_info/standard_binary_info.c.o
 .rodata.__bi_42
                0x10009e8c        0xc CMakeFiles/aquarium.dir/home/marcus-leloq/pico-sdk/src/rp2_common/pico_standard_binary_info/standard_binary_info.c.o
 .rodata.__bi_34
                0x10009e98        0xc CMakeFiles/aquarium.dir/home/marcus-leloq/pico-sdk/src/rp2_common/pico_standard_binary_info/standard_binary_info.c.o
 .rodata.__bi_26
                0x10009ea4        0xc CMakeFiles/aquarium.dir/home/marcus-leloq/pico-sdk/src/rp2_common/pico_standard_binary_info/standard_binary_info.c.o
 .rodata._ftoa.str1.4
                0x10009eb0       0x15 CMakeFiles/aquarium.dir/home/marcus-leloq/pico-sdk/src/rp2_common/pico_printf/printf.c.o
 .rodata._vsnprintf
                0x10009eb0      0x19c CMakeFiles/aquarium.dir/home/marcus-leloq/pico-sdk/src/rp2_common/pico_printf/printf.c.o
 *fill*         0x1000a04c        0x4 
 .rodata.pow10.0
                0x1000a050       0x50 CMakeFiles/aquarium.dir/home/marcus-leloq/pico-sdk/src/rp2_common/pico_printf/printf.c.o
 .rodata.crlf_str.0
                0x1000a0a0        0x2 CMakeFiles/aquarium.dir/home/marcus-leloq/pico-sdk/src/rp2_common/pico_stdio/stdio.c.o
 .rodata.str1.4
                0x1000a0a2       0x2c CMakeFiles/aquarium.dir/home/marcus-leloq/pico-sdk/src/rp2_common/pico_stdio_uart/stdio_uart.c.o
 *fill*         0x1000a0a2        0x2 
 .rodata.__bi_45.4
                0x1000a0a4        0xc CMakeFiles/aquarium.dir/home/marcus-leloq/pico-sdk/src/rp2_common/pico_stdio_uart/stdio_uart.c.o
 .rodata.__bi_49.5
                0x1000a0b0        0x8 CMakeFiles/aquarium.dir/home/marcus-leloq/pico-sdk/src/rp2_common/pico_stdio_uart/stdio_uart.c.o
 .rodata.__bi_50.6
                0x1000a0b8        0x8 CMakeFiles/aquarium.dir/home/marcus-leloq/pico-sdk/src/rp2_common/pico_stdio_uart/stdio_uart.c.o
 .rodata._resetd_driver
                0x1000a0c0       0x20 CMakeFiles/aquarium.dir/home/marcus-leloq/pico-sdk/src/rp2_common/pico_stdio_usb/reset_interface.c.o
 .rodata.desc_ms_os_20
                0x1000a0e0       0xa6 CMakeFiles/aquarium.dir/home/marcus-leloq/pico-sdk/src/rp2_common/pico_stdio_usb/reset_interface.c.o
 *fill*         0x1000a186        0x2 
 .rodata.desc_bos
                0x1000a188       0x21 CMakeFiles/aquarium.dir/home/marcus-leloq/pico-sdk/src/rp2_common/pico_stdio_usb/reset_interface.c.o
                0x1000a188                desc_bos
 .rodata.str1.4
                0x1000a1a9       0x13 CMakeFiles/aquarium.dir/home/marcus-leloq/pico-sdk/src/rp2_common/pico_stdio_usb/stdio_usb.c.o
 *fill*         0x1000a1a9        0x3 
 .rodata.__bi_197.0
                0x1000a1ac        0xc CMakeFiles/aquarium.dir/home/marcus-leloq/pico-sdk/src/rp2_common/pico_stdio_usb/stdio_usb.c.o
 .rodata.str1.4
                0x1000a1b8       0x2a CMakeFiles/aquarium.dir/home/marcus-leloq/pico-sdk/src/rp2_common/pico_stdio_usb/stdio_usb_descriptors.c.o
 .rodata.usbd_desc_str
                0x1000a1b8       0x18 CMakeFiles/aquarium.dir/home/marcus-leloq/pico-sdk/src/rp2_common/pico_stdio_usb/stdio_usb_descriptors.c.o
 .rodata.usbd_desc_cfg
                0x1000a1d0       0x54 CMakeFiles/aquarium.dir/home/marcus-leloq/pico-sdk/src/rp2_common/pico_stdio_usb/stdio_usb_descriptors.c.o
 .rodata.usbd_desc_device
                0x1000a224       0x12 CMakeFiles/aquarium.dir/home/marcus-leloq/pico-sdk/src/rp2_common/pico_stdio_usb/stdio_usb_descriptors.c.o
 .rodata.str1.4
                0x1000a236       0x14 CMakeFiles/aquarium.dir/home/marcus-leloq/pico-sdk/lib/tinyusb/src/portable/raspberrypi/rp2040/dcd_rp2040.c.o
 .rodata.str1.4
                0x1000a236       0x48 CMakeFiles/aquarium.dir/home/marcus-leloq/pico-sdk/lib/tinyusb/src/portable/raspberrypi/rp2040/rp2040_usb.c.o
 *fill*         0x1000a236        0x2 
 .rodata.tud_task_ext
                0x1000a238       0x8c CMakeFiles/aquarium.dir/home/marcus-leloq/pico-sdk/lib/tinyusb/src/device/usbd.c.o
 .rodata        0x1000a2c4       0x1c CMakeFiles/aquarium.dir/home/marcus-leloq/pico-sdk/lib/tinyusb/src/device/usbd.c.o
 .rodata._usbd_driver
                0x1000a2e0       0x40 CMakeFiles/aquarium.dir/home/marcus-leloq/pico-sdk/lib/tinyusb/src/device/usbd.c.o
 .rodata.uxTopUsedPriority
                0x1000a320        0x4 CMakeFiles/aquarium.dir/home/marcus-leloq/Documentos/ufc/7-term/rtos/RPIPicoFreeRTOSCourse/lib/FreeRTOS-Kernel/tasks.c.o
 .rodata.prvTimerTask
                0x1000a324       0x28 CMakeFiles/aquarium.dir/home/marcus-leloq/Documentos/ufc/7-term/rtos/RPIPicoFreeRTOSCourse/lib/FreeRTOS-Kernel/timers.c.o
 .rodata.xTimerCreateTimerTask.str1.4
                0x1000a34c       0x10 CMakeFiles/aquarium.dir/home/marcus-leloq/Documentos/ufc/7-term/rtos/RPIPicoFreeRTOSCourse/lib/FreeRTOS-Kernel/timers.c.o
 .rodata.vApplicationStackOverflowHook.str1.4
                0x1000a34c       0x46 CMakeFiles/aquarium.dir/__/port/FreeRTOS-Kernel/IdleMemory.c.o
 .rodata.pio_claim_unused_sm.str1.4
                0x1000a34c       0x24 CMakeFiles/aquarium.dir/home/marcus-leloq/pico-sdk/src/rp2_common/hardware_pio/pio.c.o
                0x1000a394                        . = ALIGN (0x4)
 *(SORT_BY_ALIGNMENT(SORT_BY_NAME(.flashdata*)))
                0x1000a394                        . = ALIGN (0x4)

.ARM.extab
 *(.ARM.extab* .gnu.linkonce.armextab.*)
                0x1000a34c                        __exidx_start = .

.ARM.exidx
 *(.ARM.exidx* .gnu.linkonce.armexidx.*)
                0x1000a34c                        __exidx_end = .
                0x1000a394                        . = ALIGN (0x4)
                0x1000a34c                        __binary_info_start = .

.binary_info    0x1000a34c       0x2c
 *(.binary_info.keep.*)
 .binary_info.keep.__bi_ptr84
                0x1000a34c        0x4 CMakeFiles/aquarium.dir/home/marcus-leloq/pico-sdk/src/rp2_common/pico_standard_binary_info/standard_binary_info.c.o
 .binary_info.keep.__bi_ptr78
                0x1000a350        0x4 CMakeFiles/aquarium.dir/home/marcus-leloq/pico-sdk/src/rp2_common/pico_standard_binary_info/standard_binary_info.c.o
 .binary_info.keep.__bi_ptr54
                0x1000a354        0x4 CMakeFiles/aquarium.dir/home/marcus-leloq/pico-sdk/src/rp2_common/pico_standard_binary_info/standard_binary_info.c.o
 .binary_info.keep.__bi_ptr48
                0x1000a358        0x4 CMakeFiles/aquarium.dir/home/marcus-leloq/pico-sdk/src/rp2_common/pico_standard_binary_info/standard_binary_info.c.o
 .binary_info.keep.__bi_ptr42
                0x1000a35c        0x4 CMakeFiles/aquarium.dir/home/marcus-leloq/pico-sdk/src/rp2_common/pico_standard_binary_info/standard_binary_info.c.o
 .binary_info.keep.__bi_ptr34
                0x1000a360        0x4 CMakeFiles/aquarium.dir/home/marcus-leloq/pico-sdk/src/rp2_common/pico_standard_binary_info/standard_binary_info.c.o
 .binary_info.keep.__bi_ptr26
                0x1000a364        0x4 CMakeFiles/aquarium.dir/home/marcus-leloq/pico-sdk/src/rp2_common/pico_standard_binary_info/standard_binary_info.c.o
 *(.binary_info.*)
 .binary_info.__bi_ptr50
                0x1000a368        0x4 CMakeFiles/aquarium.dir/home/marcus-leloq/pico-sdk/src/rp2_common/pico_stdio_uart/stdio_uart.c.o
 .binary_info.__bi_ptr49
                0x1000a36c        0x4 CMakeFiles/aquarium.dir/home/marcus-leloq/pico-sdk/src/rp2_common/pico_stdio_uart/stdio_uart.c.o
 .binary_info.__bi_ptr45
                0x1000a370        0x4 CMakeFiles/aquarium.dir/home/marcus-leloq/pico-sdk/src/rp2_common/pico_stdio_uart/stdio_uart.c.o
 .binary_info.__bi_ptr197
                0x1000a374        0x4 CMakeFiles/aquarium.dir/home/marcus-leloq/pico-sdk/src/rp2_common/pico_stdio_usb/stdio_usb.c.o
                0x1000a378                        __binary_info_end = .

.rel.dyn        0x1000a378        0x0
 .rel.iplt      0x1000a378        0x0 /usr/lib/gcc/arm-none-eabi/13.2.1/thumb/v6-m/nofp/crtbegin.o
                0x1000a378                        . = ALIGN (0x4)

.ram_vector_table
                0x20000000       0xc0
 *(.ram_vector_table)
 .ram_vector_table
                0x20000000       0xc0 CMakeFiles/aquarium.dir/home/marcus-leloq/pico-sdk/src/rp2_common/pico_runtime_init/runtime_init.c.o
                0x20000000                ram_vector_table

.uninitialized_data
                0x200000c0        0x0
                0x200000c0                        . = ALIGN (0x4)
 *(.uninitialized_data*)

.data           0x200000c0      0xf80 load address 0x1000a378
                0x200000c0                        __data_start__ = .
 *(vtable)
 *(.time_critical*)
 .time_critical.mutex_try_enter
                0x200000c0       0x40 CMakeFiles/aquarium.dir/home/marcus-leloq/pico-sdk/src/common/pico_sync/mutex.c.o
                0x200000c0                mutex_try_enter
 .time_critical.mutex_try_enter_block_until
                0x20000100       0xa0 CMakeFiles/aquarium.dir/home/marcus-leloq/pico-sdk/src/common/pico_sync/mutex.c.o
                0x20000100                mutex_try_enter_block_until
 .time_critical.mutex_enter_timeout_ms
                0x200001a0       0x78 CMakeFiles/aquarium.dir/home/marcus-leloq/pico-sdk/src/common/pico_sync/mutex.c.o
                0x200001a0                mutex_enter_timeout_ms
 .time_critical.mutex_exit
                0x20000218       0x20 CMakeFiles/aquarium.dir/home/marcus-leloq/pico-sdk/src/common/pico_sync/mutex.c.o
                0x20000218                mutex_exit
 .time_critical.flash_init_boot2_copyout
                0x20000238       0x30 CMakeFiles/aquarium.dir/home/marcus-leloq/pico-sdk/src/rp2_common/hardware_flash/flash.c.o
 .time_critical.flash_enable_xip_via_boot2
                0x20000268        0xc CMakeFiles/aquarium.dir/home/marcus-leloq/pico-sdk/src/rp2_common/hardware_flash/flash.c.o
 .time_critical.flash_cs_force
                0x20000274       0x38 CMakeFiles/aquarium.dir/home/marcus-leloq/pico-sdk/src/rp2_common/hardware_flash/flash.c.o
 .time_critical.flash_do_cmd
                0x200002ac       0xc0 CMakeFiles/aquarium.dir/home/marcus-leloq/pico-sdk/src/rp2_common/hardware_flash/flash.c.o
                0x200002ac                flash_do_cmd
 .time_critical.reset_non_control_endpoints
                0x2000036c       0x68 CMakeFiles/aquarium.dir/home/marcus-leloq/pico-sdk/lib/tinyusb/src/portable/raspberrypi/rp2040/dcd_rp2040.c.o
 .time_critical.hw_handle_buff_status
                0x200003d4       0xa0 CMakeFiles/aquarium.dir/home/marcus-leloq/pico-sdk/lib/tinyusb/src/portable/raspberrypi/rp2040/dcd_rp2040.c.o
 .time_critical.dcd_rp2040_irq
                0x20000474      0x544 CMakeFiles/aquarium.dir/home/marcus-leloq/pico-sdk/lib/tinyusb/src/portable/raspberrypi/rp2040/dcd_rp2040.c.o
 .time_critical.prepare_ep_buffer
                0x200009b8       0xe0 CMakeFiles/aquarium.dir/home/marcus-leloq/pico-sdk/lib/tinyusb/src/portable/raspberrypi/rp2040/rp2040_usb.c.o
 .time_critical.sync_ep_buffer
                0x20000a98       0xa8 CMakeFiles/aquarium.dir/home/marcus-leloq/pico-sdk/lib/tinyusb/src/portable/raspberrypi/rp2040/rp2040_usb.c.o
 .time_critical._hw_endpoint_xfer_sync
                0x20000b40       0x28 CMakeFiles/aquarium.dir/home/marcus-leloq/pico-sdk/lib/tinyusb/src/portable/raspberrypi/rp2040/rp2040_usb.c.o
 .time_critical.e15_is_bulkin_ep
                0x20000b68       0x28 CMakeFiles/aquarium.dir/home/marcus-leloq/pico-sdk/lib/tinyusb/src/portable/raspberrypi/rp2040/rp2040_usb.c.o
 .time_critical.e15_is_critical_frame_period
                0x20000b90       0x34 CMakeFiles/aquarium.dir/home/marcus-leloq/pico-sdk/lib/tinyusb/src/portable/raspberrypi/rp2040/rp2040_usb.c.o
 .time_critical.hw_endpoint_reset_transfer
                0x20000bc4        0xc CMakeFiles/aquarium.dir/home/marcus-leloq/pico-sdk/lib/tinyusb/src/portable/raspberrypi/rp2040/rp2040_usb.c.o
                0x20000bc4                hw_endpoint_reset_transfer
 .time_critical._hw_endpoint_buffer_control_update32
                0x20000bd0       0x50 CMakeFiles/aquarium.dir/home/marcus-leloq/pico-sdk/lib/tinyusb/src/portable/raspberrypi/rp2040/rp2040_usb.c.o
                0x20000bd0                _hw_endpoint_buffer_control_update32
 .time_critical.hw_endpoint_start_next_buffer
                0x20000c20       0x6c CMakeFiles/aquarium.dir/home/marcus-leloq/pico-sdk/lib/tinyusb/src/portable/raspberrypi/rp2040/rp2040_usb.c.o
                0x20000c20                hw_endpoint_start_next_buffer
 .time_critical.hw_endpoint_xfer_continue
                0x20000c8c       0x40 CMakeFiles/aquarium.dir/home/marcus-leloq/pico-sdk/lib/tinyusb/src/portable/raspberrypi/rp2040/rp2040_usb.c.o
                0x20000c8c                hw_endpoint_xfer_continue
 .time_critical.tinyusb
                0x20000ccc      0x1e4 CMakeFiles/aquarium.dir/home/marcus-leloq/pico-sdk/lib/tinyusb/src/device/usbd.c.o
                0x20000ccc                dcd_event_handler
 *(.text*)
 .text          0x20000eb0        0x4 /usr/lib/gcc/arm-none-eabi/13.2.1/thumb/v6-m/nofp/libgcc.a(_dvmd_tls.o)
                0x20000eb0                __aeabi_ldiv0
                0x20000eb0                __aeabi_idiv0
 *fill*         0x20000eb4        0x4 
 .text.__stub   0x20000eb8       0xa0 linker stubs