Archive member included to satisfy reference by file (symbol)

/usr/lib/gcc/arm-none-eabi/13.2.1/thumb/v6-m/nofp/libgcc.a(_dvmd_tls.o)
                              CMakeFiles/aquarium.dir/home/marcus-leloq/pico-sdk/src/rp2_common/pico_divider/divider_hardware.S.o (__aeabi_idiv0)
/usr/lib/gcc/arm-none-eabi/13.2.1/../../../arm-none-eabi/lib/thumb/v6-m/nofp/libg.a(libc_a-strncmp.o)
                              CMakeFiles/aquarium.dir/home/marcus-leloq/pico-sdk/lib/lwip/src/core/def.c.o (strncmp)
/usr/lib/gcc/arm-none-eabi/13.2.1/../../../arm-none-eabi/lib/thumb/v6-m/nofp/libg.a(libc_a-memmove.o)
                              CMakeFiles/aquarium.dir/home/marcus-leloq/pico-sdk/lib/lwip/src/core/def.c.o (memmove)
/usr/lib/gcc/arm-none-eabi/13.2.1/../../../arm-none-eabi/lib/thumb/v6-m/nofp/libg.a(libc_a-calloc.o)
                              CMakeFiles/aquarium.dir/home/marcus-leloq/pico-sdk/src/rp2_common/pico_malloc/malloc.c.o (calloc)
/usr/lib/gcc/arm-none-eabi/13.2.1/../../../arm-none-eabi/lib/thumb/v6-m/nofp/libg.a(libc_a-impure.o)
                              /usr/lib/gcc/arm-none-eabi/13.2.1/../../../arm-none-eabi/lib/thumb/v6-m/nofp/libg.a(libc_a-calloc.o) (_impure_ptr)
/usr/lib/gcc/arm-none-eabi/13.2.1/../../../arm-none-eabi/lib/thumb/v6-m/nofp/libg.a(libc_a-callocr.o)
                              /usr/lib/gcc/arm-none-eabi/13.2.1/../../../arm-none-eabi/lib/thumb/v6-m/nofp/libg.a(libc_a-calloc.o) (_calloc_r)
/usr/lib/gcc/arm-none-eabi/13.2.1/../../../arm-none-eabi/lib/thumb/v6-m/nofp/libg.a(libc_a-realloc.o)
                              CMakeFiles/aquarium.dir/home/marcus-leloq/pico-sdk/src/rp2_common/pico_malloc/malloc.c.o (realloc)
/usr/lib/gcc/arm-none-eabi/13.2.1/../../../arm-none-eabi/lib/thumb/v6-m/nofp/libg.a(libc_a-mallocr.o)
                              /usr/lib/gcc/arm-none-eabi/13.2.1/../../../arm-none-eabi/lib/thumb/v6-m/nofp/libg.a(libc_a-callocr.o) (_malloc_r)
/usr/lib/gcc/arm-none-eabi/13.2.1/../../../arm-none-eabi/lib/thumb/v6-m/nofp/libg.a(libc_a-freer.o)
                              /usr/lib/gcc/arm-none-eabi/13.2.1/../../../arm-none-eabi/lib/thumb/v6-m/nofp/libg.a(libc_a-mallocr.o) (_free_r)
/usr/lib/gcc/arm-none-eabi/13.2.1/../../../arm-none-eabi/lib/thumb/v6-m/nofp/libg.a(libc_a-memcmp.o)
                              CMakeFiles/aquarium.dir/home/marcus-leloq/pico-sdk/src/rp2_common/pico_atomic/atomic.c.o (memcmp)
/usr/lib/gcc/arm-none-eabi/13.2.1/../../../arm-none-eabi/lib/thumb/v6-m/nofp/libg.a(libc_a-atoi.o)
                              CMakeFiles/aquarium.dir/home/marcus-leloq/pico-sdk/lib/lwip/src/core/netif.c.o (atoi)
/usr/lib/gcc/arm-none-eabi/13.2.1/../../../arm-none-eabi/lib/thumb/v6-m/nofp/libg.a(libc_a-strtol.o)
                              /usr/lib/gcc/arm-none-eabi/13.2.1/../../../arm-none-eabi/lib/thumb/v6-m/nofp/libg.a(libc_a-atoi.o) (_strtol_r)
/usr/lib/gcc/arm-none-eabi/13.2.1/../../../arm-none-eabi/lib/thumb/v6-m/nofp/libg.a(libc_a-malloc.o)
                              CMakeFiles/aquarium.dir/home/marcus-leloq/pico-sdk/src/rp2_common/pico_malloc/malloc.c.o (malloc)
/usr/lib/gcc/arm-none-eabi/13.2.1/../../../arm-none-eabi/lib/thumb/v6-m/nofp/libg.a(libc_a-sysconf.o)
                              /usr/lib/gcc/arm-none-eabi/13.2.1/../../../arm-none-eabi/lib/thumb/v6-m/nofp/libg.a(libc_a-mallocr.o) (sysconf)
/usr/lib/gcc/arm-none-eabi/13.2.1/../../../arm-none-eabi/lib/thumb/v6-m/nofp/libg.a(libc_a-init.o)
                              /usr/lib/gcc/arm-none-eabi/13.2.1/../../../arm-none-eabi/lib/thumb/v6-m/nofp/crt0.o (__libc_init_array)
/usr/lib/gcc/arm-none-eabi/13.2.1/../../../arm-none-eabi/lib/thumb/v6-m/nofp/libg.a(libc_a-reallocr.o)
                              /usr/lib/gcc/arm-none-eabi/13.2.1/../../../arm-none-eabi/lib/thumb/v6-m/nofp/libg.a(libc_a-realloc.o) (_realloc_r)
/usr/lib/gcc/arm-none-eabi/13.2.1/../../../arm-none-eabi/lib/thumb/v6-m/nofp/libg.a(libc_a-mktime.o)
                              CMakeFiles/aquarium.dir/home/marcus-leloq/pico-sdk/src/common/pico_util/datetime.c.o (mktime)
/usr/lib/gcc/arm-none-eabi/13.2.1/../../../arm-none-eabi/lib/thumb/v6-m/nofp/libg.a(libc_a-mlock.o)
                              /usr/lib/gcc/arm-none-eabi/13.2.1/../../../arm-none-eabi/lib/thumb/v6-m/nofp/libg.a(libc_a-mallocr.o) (__malloc_lock)
/usr/lib/gcc/arm-none-eabi/13.2.1/../../../arm-none-eabi/lib/thumb/v6-m/nofp/libg.a(libc_a-findfp.o)
                              /usr/lib/gcc/arm-none-eabi/13.2.1/../../../arm-none-eabi/lib/thumb/v6-m/nofp/libg.a(libc_a-impure.o) (__sf)
/usr/lib/gcc/arm-none-eabi/13.2.1/../../../arm-none-eabi/lib/thumb/v6-m/nofp/libg.a(libc_a-tzlock.o)
                              /usr/lib/gcc/arm-none-eabi/13.2.1/../../../arm-none-eabi/lib/thumb/v6-m/nofp/libg.a(libc_a-mktime.o) (__tz_lock)
/usr/lib/gcc/arm-none-eabi/13.2.1/../../../arm-none-eabi/lib/thumb/v6-m/nofp/libg.a(libc_a-ctype_.o)
                              CMakeFiles/aquarium.dir/home/marcus-leloq/pico-sdk/lib/lwip/src/core/dns.c.o (_ctype_)
[...]
Memory Configuration

Name             Origin             Length             Attributes
FLASH            0x10000000         0x00200000         xr
RAM              0x20000000         0x00040000         xrw
SCRATCH_X        0x20040000         0x00001000         xrw
SCRATCH_Y        0x20041000         0x00001000         xrw
*default*        0x00000000         0xffffffff

Linker script and memory map

LOAD /usr/lib/gcc/arm-none-eabi/13.2.1/thumb/v6-m/nofp/crti.o
LOAD /usr/lib/gcc/arm-none-eabi/13.2.1/thumb/v6-m/nofp/crtbegin.o
LOAD /usr/lib/gcc/arm-none-eabi/13.2.1/../../../arm-none-eabi/lib/thumb/v6-m/nofp/crt0.o

.flash_begin    0x10000000        0x0
                0x10000000                        __flash_binary_start = .

.boot2          0x10000000      0x100
                0x10000000                        __boot2_start__ = .
 *(.boot2)
 .boot2         0x10000000      0x100 ../pico-sdk/src/rp2040/boot_stage2/CMakeFiles/bs2_default_library.dir/bs2_default_padded_checksummed.S.o
                0x10000100                        __boot2_end__ = .
                0x00000001                        ASSERT (((__boot2_end__ - __boot2_start__) == 0x100), ERROR: Pico second stage bootloader must be 256 bytes in size)

.text           0x10000100     0x8e24
                0x10000100                        __logical_binary_start = .
 *(.vectors)
 .vectors       0x10000100       0xd4 CMakeFiles/aquarium.dir/home/marcus-leloq/pico-sdk/src/rp2_common/pico_crt0/crt0.S.o
                0x10000100                __vectors
                0x10000100                __VECTOR_TABLE
                0x100001c0                isr_invalid
                0x100001c0                __default_isrs_start
                0x100001c2                isr_nmi
                0x100001c4                isr_hardfault
                0x100001c6                isr_svcall
                0x100001c8                isr_pendsv
                0x100001ca                isr_systick
                0x100001cc                isr_irq30
                0x100001cc                __unhandled_user_irq
                0x100001cc                isr_irq13
                0x100001cc                isr_irq27
                0x100001cc                isr_irq31
                0x100001cc                isr_irq5
                0x100001cc                isr_irq11
                0x100001cc                isr_irq23
                0x100001cc                isr_irq18
                0x100001cc                isr_irq28
                0x100001cc                isr_irq19
                0x100001cc                isr_irq0
                0x100001cc                isr_irq6
                0x100001cc                isr_irq22
                0x100001cc                isr_irq17
                0x100001cc                isr_irq14
                0x100001cc                isr_irq2
                0x100001cc                isr_irq10
                0x100001cc                isr_irq8
                0x100001cc                isr_irq24
                0x100001cc                isr_irq1
                0x100001cc                isr_irq7
                0x100001cc                isr_irq21
                0x100001cc                isr_irq20
                0x100001cc                isr_irq15
                0x100001cc                isr_irq25
                0x100001cc                isr_irq4
                0x100001cc                isr_irq16
                0x100001cc                isr_irq29
                0x100001cc                isr_irq26
                0x100001cc                __default_isrs_end
                0x100001cc                isr_irq3
                0x100001cc                isr_irq12
                0x100001cc                isr_irq9
                0x100001d2                unhandled_user_irq_num_in_r0
 *(.binary_info_header)
 .binary_info_header
                0x100001d4       0x14 CMakeFiles/aquarium.dir/home/marcus-leloq/pico-sdk/src/rp2_common/pico_crt0/crt0.S.o
                0x100001e8                        __binary_info_header_end = .
 *(.embedded_block)
                0x100001e8                        __embedded_block_end = .
 *(.reset)
 .reset         0x100001e8       0x9c CMakeFiles/aquarium.dir/home/marcus-leloq/pico-sdk/src/rp2_common/pico_crt0/crt0.S.o
                0x100001e8                _entry_point
 *(.init)
 .init          0x10000284        0x4 /usr/lib/gcc/arm-none-eabi/13.2.1/thumb/v6-m/nofp/crti.o
                0x10000284                _init
 *(EXCLUDE_FILE(*libm.a: *libc.a:*lib_a-mem*.o *libgcc.a:) .text*)
 .text          0x10000288       0x98 /usr/lib/gcc/arm-none-eabi/13.2.1/thumb/v6-m/nofp/crtbegin.o
 .text._Z11task_serialPv
                0x10000320       0x18 CMakeFiles/aquarium.dir/main.cpp.o
                0x10000320                task_serial(void*)
 .text.startup.main
                0x10000338       0x2c CMakeFiles/aquarium.dir/main.cpp.o
                0x10000338                main
 .text.gpio_set_function
                0x10000364       0x34 CMakeFiles/aquarium.dir/home/marcus-leloq/pico-sdk/src/rp2_common/hardware_gpio/gpio.c.o
                0x10000364                gpio_set_function
 .text.rp2040_chip_version
                0x10000398        0xc CMakeFiles/aquarium.dir/home/marcus-leloq/pico-sdk/src/rp2040/pico_platform/platform.c.o
                0x10000398                rp2040_chip_version
 .text.panic    0x100003a4       0x30 CMakeFiles/aquarium.dir/home/marcus-leloq/pico-sdk/src/rp2_common/pico_platform_panic/panic.c.o
                0x100003a4                panic
 .text.panic_unsupported
                0x100003d4        0xc CMakeFiles/aquarium.dir/home/marcus-leloq/pico-sdk/src/rp2_common/pico_platform_panic/panic.c.o
                0x100003d4                panic_unsupported
 .text.hw_claim_or_assert
                0x100003e0       0x44 CMakeFiles/aquarium.dir/home/marcus-leloq/pico-sdk/src/common/hardware_claim/claim.c.o
                0x100003e0                hw_claim_or_assert
 .text.hw_claim_unused_from_range
                0x10000424       0x9c CMakeFiles/aquarium.dir/home/marcus-leloq/pico-sdk/src/common/hardware_claim/claim.c.o
                0x10000424                hw_claim_unused_from_range
 .text.next_striped_spin_lock_num
                0x100004c0       0x18 CMakeFiles/aquarium.dir/home/marcus-leloq/pico-sdk/src/rp2_common/hardware_sync/sync.c.o
                0x100004c0                next_striped_spin_lock_num
 .text.spin_lock_claim_unused
                0x100004d8       0x24 CMakeFiles/aquarium.dir/home/marcus-leloq/pico-sdk/src/rp2_common/hardware_sync/sync.c.o
                0x100004d8                spin_lock_claim_unused
 .text.spin_locks_reset
                0x100004fc       0x1c CMakeFiles/aquarium.dir/home/marcus-leloq/pico-sdk/src/rp2_common/hardware_sync_spin_lock/sync_spin_lock.c.o
                0x100004fc                spin_locks_reset
 .text.runtime_init_per_core_irq_priorities
                0x10000518       0x24 CMakeFiles/aquarium.dir/home/marcus-leloq/pico-sdk/src/rp2_common/hardware_irq/irq.c.o
                0x10000518                runtime_init_per_core_irq_priorities
 .text.irq_set_enabled
                0x1000053c       0x24 CMakeFiles/aquarium.dir/home/marcus-leloq/pico-sdk/src/rp2_common/hardware_irq/irq.c.o
                0x1000053c                irq_set_enabled
 .text.irq_is_enabled
                0x10000560       0x18 CMakeFiles/aquarium.dir/home/marcus-leloq/pico-sdk/src/rp2_common/hardware_irq/irq.c.o
                0x10000560                irq_is_enabled
 .text.irq_set_pending
                0x10000578       0x10 CMakeFiles/aquarium.dir/home/marcus-leloq/pico-sdk/src/rp2_common/hardware_irq/irq.c.o
                0x10000578                irq_set_pending
 .text.irq_has_shared_handler
                0x10000588       0x24 CMakeFiles/aquarium.dir/home/marcus-leloq/pico-sdk/src/rp2_common/hardware_irq/irq.c.o
                0x10000588                irq_has_shared_handler
 .text.irq_set_exclusive_handler
                0x100005ac       0x54 CMakeFiles/aquarium.dir/home/marcus-leloq/pico-sdk/src/rp2_common/hardware_irq/irq.c.o
                0x100005ac                irq_set_exclusive_handler
 .text.irq_add_shared_handler
                0x10000600      0x1f4 CMakeFiles/aquarium.dir/home/marcus-leloq/pico-sdk/src/rp2_common/hardware_irq/irq.c.o
                0x10000600                irq_add_shared_handler
 .text.irq_remove_handler
                0x100007f4      0x1d4 CMakeFiles/aquarium.dir/home/marcus-leloq/pico-sdk/src/rp2_common/hardware_irq/irq.c.o
                0x100007f4                irq_remove_handler
 .text.irq_set_priority
                0x100009c8       0x28 CMakeFiles/aquarium.dir/home/marcus-leloq/pico-sdk/src/rp2_common/hardware_irq/irq.c.o
                0x100009c8                irq_set_priority
 .text.irq_add_tail_to_free_list
                0x100009f0       0xb4 CMakeFiles/aquarium.dir/home/marcus-leloq/pico-sdk/src/rp2_common/hardware_irq/irq.c.o
                0x100009f0                irq_add_tail_to_free_list
 .text.user_irq_claim_unused
                0x10000aa4       0x2c CMakeFiles/aquarium.dir/home/marcus-leloq/pico-sdk/src/rp2_common/hardware_irq/irq.c.o
                0x10000aa4                user_irq_claim_unused
 .text.lock_init
                0x10000ad0       0x10 CMakeFiles/aquarium.dir/home/marcus-leloq/pico-sdk/src/common/pico_sync/lock_core.c.o
                0x10000ad0                lock_init
 .text.runtime_init_mutex
                0x10000ae0       0x54 CMakeFiles/aquarium.dir/home/marcus-leloq/pico-sdk/src/common/pico_sync/mutex.c.o
                0x10000ae0                runtime_init_mutex
 .text.mutex_init
                0x10000b34       0x1c CMakeFiles/aquarium.dir/home/marcus-leloq/pico-sdk/src/common/pico_sync/mutex.c.o
                0x10000b34                mutex_init
 .text.critical_section_init
                0x10000b50       0x1c CMakeFiles/aquarium.dir/home/marcus-leloq/pico-sdk/src/common/pico_sync/critical_section.c.o
                0x10000b50                critical_section_init
 .text.critical_section_init_with_lock_num
                0x10000b6c       0x14 CMakeFiles/aquarium.dir/home/marcus-leloq/pico-sdk/src/common/pico_sync/critical_section.c.o
                0x10000b6c                critical_section_init_with_lock_num
 .text.alarm_pool_irq_handler
                0x10000b80      0x2fc CMakeFiles/aquarium.dir/home/marcus-leloq/pico-sdk/src/common/pico_time/time.c.o
 .text.sleep_until_callback
                0x10000e7c       0x24 CMakeFiles/aquarium.dir/home/marcus-leloq/pico-sdk/src/common/pico_time/time.c.o
 .text.runtime_init_default_alarm_pool
                0x10000ea0       0xdc CMakeFiles/aquarium.dir/home/marcus-leloq/pico-sdk/src/common/pico_time/time.c.o
                0x10000ea0                runtime_init_default_alarm_pool
 .text.alarm_pool_get_default
                0x10000f7c        0x8 CMakeFiles/aquarium.dir/home/marcus-leloq/pico-sdk/src/common/pico_time/time.c.o
                0x10000f7c                alarm_pool_get_default
 .text.alarm_pool_add_alarm_at
                0x10000f84       0xd4 CMakeFiles/aquarium.dir/home/marcus-leloq/pico-sdk/src/common/pico_time/time.c.o
                0x10000f84                alarm_pool_add_alarm_at
 .text.alarm_pool_add_alarm_at_force_in_context
                0x10001058       0xb0 CMakeFiles/aquarium.dir/home/marcus-leloq/pico-sdk/src/common/pico_time/time.c.o
                0x10001058                alarm_pool_add_alarm_at_force_in_context
 .text.alarm_pool_cancel_alarm
                0x10001108       0x74 CMakeFiles/aquarium.dir/home/marcus-leloq/pico-sdk/src/common/pico_time/time.c.o
                0x10001108                alarm_pool_cancel_alarm
 .text.alarm_pool_core_num
                0x1000117c        0x4 CMakeFiles/aquarium.dir/home/marcus-leloq/pico-sdk/src/common/pico_time/time.c.o
                0x1000117c                alarm_pool_core_num
 .text.best_effort_wfe_or_timeout
                0x10001180       0xf8 CMakeFiles/aquarium.dir/home/marcus-leloq/pico-sdk/src/common/pico_time/time.c.o
                0x10001180                best_effort_wfe_or_timeout
 .text.timer_hardware_alarm_claim
                0x10001278       0x14 CMakeFiles/aquarium.dir/home/marcus-leloq/pico-sdk/src/rp2_common/hardware_timer/timer.c.o
                0x10001278                timer_hardware_alarm_claim
 .text.timer_time_us_64
                0x1000128c       0x10 CMakeFiles/aquarium.dir/home/marcus-leloq/pico-sdk/src/rp2_common/hardware_timer/timer.c.o
                0x1000128c                timer_time_us_64
 .text.time_us_64
                0x1000129c       0x14 CMakeFiles/aquarium.dir/home/marcus-leloq/pico-sdk/src/rp2_common/hardware_timer/timer.c.o
                0x1000129c                time_us_64
 .text.busy_wait_us
                0x100012b0       0x68 CMakeFiles/aquarium.dir/home/marcus-leloq/pico-sdk/src/rp2_common/hardware_timer/timer.c.o
                0x100012b0                busy_wait_us
 .text.uart_init
                0x10001318      0x120 CMakeFiles/aquarium.dir/home/marcus-leloq/pico-sdk/src/rp2_common/hardware_uart/uart.c.o
                0x10001318                uart_init
 .text.clock_configure_int_divider
                0x10001438       0xf4 CMakeFiles/aquarium.dir/home/marcus-leloq/pico-sdk/src/rp2_common/hardware_clocks/clocks.c.o
                0x10001438                clock_configure_int_divider
 .text.clock_configure_undivided
                0x1000152c       0xe8 CMakeFiles/aquarium.dir/home/marcus-leloq/pico-sdk/src/rp2_common/hardware_clocks/clocks.c.o
                0x1000152c                clock_configure_undivided
 .text.clock_get_hz
                0x10001614        0xc CMakeFiles/aquarium.dir/home/marcus-leloq/pico-sdk/src/rp2_common/hardware_clocks/clocks.c.o
                0x10001614                clock_get_hz
 .text.pll_init
                0x10001620       0xa4 CMakeFiles/aquarium.dir/home/marcus-leloq/pico-sdk/src/rp2_common/hardware_pll/pll.c.o
                0x10001620                pll_init
 .text.watchdog_reboot
                0x100016c4       0x9c CMakeFiles/aquarium.dir/home/marcus-leloq/pico-sdk/src/rp2_common/hardware_watchdog/watchdog.c.o
                0x100016c4                watchdog_reboot
 .text.tick_start
                0x10001760       0x10 CMakeFiles/aquarium.dir/home/marcus-leloq/pico-sdk/src/rp2_common/hardware_ticks/ticks.c.o
                0x10001760                tick_start
 .text.rom_func_lookup
                0x10001770       0x10 CMakeFiles/aquarium.dir/home/marcus-leloq/pico-sdk/src/rp2_common/pico_bootrom/bootrom.c.o
                0x10001770                rom_func_lookup
 .text.rom_data_lookup
                0x10001780       0x10 CMakeFiles/aquarium.dir/home/marcus-leloq/pico-sdk/src/rp2_common/pico_bootrom/bootrom.c.o
                0x10001780                rom_data_lookup
 .text.rom_funcs_lookup
                0x10001790       0x44 CMakeFiles/aquarium.dir/home/marcus-leloq/pico-sdk/src/rp2_common/pico_bootrom/bootrom.c.o
                0x10001790                rom_funcs_lookup
 .text.rom_reset_usb_boot_extra
                0x100017d4       0x28 CMakeFiles/aquarium.dir/home/marcus-leloq/pico-sdk/src/rp2_common/pico_bootrom/bootrom.c.o
                0x100017d4                rom_reset_usb_boot_extra
 .text.xosc_init
                0x100017fc       0x28 CMakeFiles/aquarium.dir/home/marcus-leloq/pico-sdk/src/rp2_common/hardware_xosc/xosc.c.o
                0x100017fc                xosc_init
 .text.first_per_core_initializer
                0x10001824        0x4 CMakeFiles/aquarium.dir/home/marcus-leloq/pico-sdk/src/rp2_common/pico_runtime/runtime.c.o
 .text.hard_assertion_failure
                0x10001828        0xc CMakeFiles/aquarium.dir/home/marcus-leloq/pico-sdk/src/rp2_common/pico_runtime/runtime.c.o
                0x10001828                hard_assertion_failure
 .text.runtime_run_initializers
                0x10001834       0x28 CMakeFiles/aquarium.dir/home/marcus-leloq/pico-sdk/src/rp2_common/pico_runtime/runtime.c.o
                0x10001834                runtime_run_initializers
 .text.runtime_init_early_resets
                0x1000185c       0x2c CMakeFiles/aquarium.dir/home/marcus-leloq/pico-sdk/src/rp2_common/pico_runtime_init/runtime_init.c.o
                0x1000185c                runtime_init_early_resets
 .text.runtime_init_usb_power_down
                0x10001888       0x1c CMakeFiles/aquarium.dir/home/marcus-leloq/pico-sdk/src/rp2_common/pico_runtime_init/runtime_init.c.o
                0x10001888                runtime_init_usb_power_down
 .text.runtime_init_post_clock_resets
                0x100018a4       0x20 CMakeFiles/aquarium.dir/home/marcus-leloq/pico-sdk/src/rp2_common/pico_runtime_init/runtime_init.c.o
                0x100018a4                runtime_init_post_clock_resets
 .text.runtime_init_rp2040_gpio_ie_disable
                0x100018c4       0x14 CMakeFiles/aquarium.dir/home/marcus-leloq/pico-sdk/src/rp2_common/pico_runtime_init/runtime_init.c.o
                0x100018c4                runtime_init_rp2040_gpio_ie_disable
 .text.runtime_init_spin_locks_reset
                0x100018d8        0x8 CMakeFiles/aquarium.dir/home/marcus-leloq/pico-sdk/src/rp2_common/pico_runtime_init/runtime_init.c.o
                0x100018d8                runtime_init_spin_locks_reset
 .text.runtime_init_install_ram_vector_table
                0x100018e0       0x1c CMakeFiles/aquarium.dir/home/marcus-leloq/pico-sdk/src/rp2_common/pico_runtime_init/runtime_init.c.o
                0x100018e0                runtime_init_install_ram_vector_table
 .text.runtime_init_clocks
                0x100018fc       0xd8 CMakeFiles/aquarium.dir/home/marcus-leloq/pico-sdk/src/rp2_common/pico_runtime_init/runtime_init_clocks.c.o
                0x100018fc                runtime_init_clocks
 .text          0x100019d4       0x10 CMakeFiles/aquarium.dir/home/marcus-leloq/pico-sdk/src/rp2_common/pico_bit_ops/bit_ops_aeabi.S.o
 .text.__wrap___aeabi_idiv
                0x100019e4       0x50 CMakeFiles/aquarium.dir/home/marcus-leloq/pico-sdk/src/rp2_common/pico_divider/divider_hardware.S.o
                0x100019e4                __wrap___aeabi_idivmod
                0x100019e4                divmod_s32s32
                0x100019e4                div_s32s32
                0x100019e4                __wrap___aeabi_idiv
                0x100019ec                divmod_s32s32_unsafe
                0x10001a18                divmod_s32s32_savestate
 .text.__wrap___aeabi_uidiv
                0x10001a34       0x4c CMakeFiles/aquarium.dir/home/marcus-leloq/pico-sdk/src/rp2_common/pico_divider/divider_hardware.S.o
                0x10001a34                __wrap___aeabi_uidiv
                0x10001a34                __wrap___aeabi_uidivmod
                0x10001a34                div_u32u32
                0x10001a34                divmod_u32u32
                0x10001a3c                divmod_u32u32_unsafe
                0x10001a64                divmod_u32u32_savestate
 .text.__wrap___aeabi_ldiv
                0x10001a80      0x424 CMakeFiles/aquarium.dir/home/marcus-leloq/pico-sdk/src/rp2_common/pico_divider/divider_hardware.S.o
                0x10001a80                div_s64s64
                0x10001a80                divmod_s64s64
                0x10001a80                __wrap___aeabi_ldivmod
                0x10001ab0                div_u64u64
                0x10001ab0                divmod_u64u64
                0x10001ab0                __wrap___aeabi_uldivmod
                0x10001ac0                divmod_u64u64_savestate
                0x10001ae0                divmod_s64s64_unsafe
                0x10001b68                divmod_u64u64_unsafe
 .text.__wrap___aeabi_darithmetic
                0x10001ea4       0x60 CMakeFiles/aquarium.dir/home/marcus-leloq/pico-sdk/src/rp2_common/pico_double/double_aeabi_rp2040.S.o
                0x10001ea4                __wrap___aeabi_drsub
                0x10001eaa                __wrap___aeabi_dsub
                0x10001eb4                __wrap___aeabi_dadd
                0x10001ebe                __wrap___aeabi_ddiv
                0x10001ef2                __wrap___aeabi_dmul
 .text.__wrap___aeabi_cdcmple
                0x10001f04       0x6c CMakeFiles/aquarium.dir/home/marcus-leloq/pico-sdk/src/rp2_common/pico_double/double_aeabi_rp2040.S.o
                0x10001f04                __wrap___aeabi_cdrcmple
                0x10001f14                __wrap___aeabi_cdcmple
                0x10001f14                __wrap___aeabi_cdcmpeq
 .text.__wrap___aeabi_dcmplt
                0x10001f70        0xc CMakeFiles/aquarium.dir/home/marcus-leloq/pico-sdk/src/rp2_common/pico_double/double_aeabi_rp2040.S.o
                0x10001f70                __wrap___aeabi_dcmplt
 .text.__wrap___aeabi_dcmpge
                0x10001f7c       0x10 CMakeFiles/aquarium.dir/home/marcus-leloq/pico-sdk/src/rp2_common/pico_double/double_aeabi_rp2040.S.o
                0x10001f7c                __wrap___aeabi_dcmpge
 .text.__wrap___aeabi_dcmpgt
                0x10001f8c        0xa CMakeFiles/aquarium.dir/home/marcus-leloq/pico-sdk/src/rp2_common/pico_double/double_aeabi_rp2040.S.o
                0x10001f8c                __wrap___aeabi_dcmpgt
 .text.__wrap___aeabi_dcmpun
                0x10001f96       0x18 CMakeFiles/aquarium.dir/home/marcus-leloq/pico-sdk/src/rp2_common/pico_double/double_aeabi_rp2040.S.o
                0x10001f96                __wrap___aeabi_dcmpun
 *fill*         0x10001fae        0x2 
 .text.__wrap___aeabi_i2d
                0x10001fb0       0x38 CMakeFiles/aquarium.dir/home/marcus-leloq/pico-sdk/src/rp2_common/pico_double/double_aeabi_rp2040.S.o
                0x10001fb0                __wrap___aeabi_ui2d
                0x10001fb0                uint2double
                0x10001fb8                __wrap___aeabi_i2d
                0x10001fb8                int2double
 .text.__wrap___aeabi_d2iz
                0x10001fe8       0x48 CMakeFiles/aquarium.dir/home/marcus-leloq/pico-sdk/src/rp2_common/pico_double/double_aeabi_rp2040.S.o
                0x10001fe8                __wrap___aeabi_d2iz
                0x10001fe8                double2int_z
 .text.__wrap___aeabi_d2uiz
                0x10002030       0x10 CMakeFiles/aquarium.dir/home/marcus-leloq/pico-sdk/src/rp2_common/pico_double/double_aeabi_rp2040.S.o
                0x10002030                double2uint_z
                0x10002030                double2uint
                0x10002030                __wrap___aeabi_d2uiz
 .text.missing_double_func_shim
                0x10002040        0xc CMakeFiles/aquarium.dir/home/marcus-leloq/pico-sdk/src/rp2_common/pico_double/double_init_rom_rp2040.c.o
 .text.__aeabi_double_init
                0x1000204c       0xa0 CMakeFiles/aquarium.dir/home/marcus-leloq/pico-sdk/src/rp2_common/pico_double/double_init_rom_rp2040.c.o
                0x1000204c                __aeabi_double_init
 .text.double_table_shim_on_use_helper
                0x100020ec       0x2c CMakeFiles/aquarium.dir/home/marcus-leloq/pico-sdk/src/rp2_common/pico_double/double_v1_rom_shim_rp2040.S.o
                0x100020ec                double_table_shim_on_use_helper
 .text.__aeabi_lmul
                0x10002118       0x32 CMakeFiles/aquarium.dir/home/marcus-leloq/pico-sdk/src/rp2_common/pico_int64_ops/pico_int64_ops_aeabi.S.o
                0x10002118                __wrap___aeabi_lmul
 *fill*         0x1000214a        0x2 
 .text.missing_float_func_shim
                0x1000214c        0xc CMakeFiles/aquarium.dir/home/marcus-leloq/pico-sdk/src/rp2_common/pico_float/float_init_rom_rp2040.c.o
 .text.__aeabi_float_init
                0x10002158       0x5c CMakeFiles/aquarium.dir/home/marcus-leloq/pico-sdk/src/rp2_common/pico_float/float_init_rom_rp2040.c.o
                0x10002158                __aeabi_float_init
 .text          0x100021b4       0x10 CMakeFiles/aquarium.dir/home/marcus-leloq/pico-sdk/src/rp2_common/pico_mem_ops/mem_ops_aeabi.S.o
                0x100021b4                __aeabi_mem_init
 .text.memset   0x100021c4        0xc CMakeFiles/aquarium.dir/home/marcus-leloq/pico-sdk/src/rp2_common/pico_mem_ops/mem_ops_aeabi.S.o
                0x100021c4                __wrap_memset
 .text.memcpy   0x100021d0        0xc CMakeFiles/aquarium.dir/home/marcus-leloq/pico-sdk/src/rp2_common/pico_mem_ops/mem_ops_aeabi.S.o
                0x100021d0                __wrap___aeabi_memcpy
                0x100021d0                __wrap_memcpy
 .text._out_null
                0x100021dc        0x4 CMakeFiles/aquarium.dir/home/marcus-leloq/pico-sdk/src/rp2_common/pico_printf/printf.c.o
 .text._out_rev
                0x100021e0       0xac CMakeFiles/aquarium.dir/home/marcus-leloq/pico-sdk/src/rp2_common/pico_printf/printf.c.o
 .text._ntoa_format
                0x1000228c      0x250 CMakeFiles/aquarium.dir/home/marcus-leloq/pico-sdk/src/rp2_common/pico_printf/printf.c.o
 .text._out_char
                0x100024dc       0x10 CMakeFiles/aquarium.dir/home/marcus-leloq/pico-sdk/src/rp2_common/pico_printf/printf.c.o
 .text._out_fct
                0x100024ec       0x10 CMakeFiles/aquarium.dir/home/marcus-leloq/pico-sdk/src/rp2_common/pico_printf/printf.c.o
 .text._etoa    0x100024fc      0x464 CMakeFiles/aquarium.dir/home/marcus-leloq/pico-sdk/src/rp2_common/pico_printf/printf.c.o
 .text._ftoa    0x10002960      0x3c0 CMakeFiles/aquarium.dir/home/marcus-leloq/pico-sdk/src/rp2_common/pico_printf/printf.c.o
 .text._vsnprintf
                0x10002d20      0xbc8 CMakeFiles/aquarium.dir/home/marcus-leloq/pico-sdk/src/rp2_common/pico_printf/printf.c.o
 .text.vfctprintf
                0x100038e8       0x20 CMakeFiles/aquarium.dir/home/marcus-leloq/pico-sdk/src/rp2_common/pico_printf/printf.c.o
                0x100038e8                vfctprintf
 .text.weak_raw_vprintf
                0x10003908       0x30 CMakeFiles/aquarium.dir/home/marcus-leloq/pico-sdk/src/rp2_common/pico_printf/printf.c.o
                0x10003908                weak_raw_vprintf
 .text._exit    0x10003938        0x4 CMakeFiles/aquarium.dir/home/marcus-leloq/pico-sdk/src/rp2_common/pico_clib_interface/newlib_interface.c.o
                0x10003938                _exit
 .text.exit     0x1000393c        0x8 CMakeFiles/aquarium.dir/home/marcus-leloq/pico-sdk/src/rp2_common/pico_clib_interface/newlib_interface.c.o
                0x1000393c                exit
 .text.runtime_init
                0x10003944       0x2c CMakeFiles/aquarium.dir/home/marcus-leloq/pico-sdk/src/rp2_common/pico_clib_interface/newlib_interface.c.o
                0x10003944                runtime_init
 .text.stdio_out_chars_no_crlf
                0x10003970       0x10 CMakeFiles/aquarium.dir/home/marcus-leloq/pico-sdk/src/rp2_common/pico_stdio/stdio.c.o
 .text.stdio_out_chars_crlf
                0x10003980       0x94 CMakeFiles/aquarium.dir/home/marcus-leloq/pico-sdk/src/rp2_common/pico_stdio/stdio.c.o
 .text.stdio_buffered_printer
                0x10003a14       0x64 CMakeFiles/aquarium.dir/home/marcus-leloq/pico-sdk/src/rp2_common/pico_stdio/stdio.c.o
 .text.stdio_put_string
                0x10003a78      0x100 CMakeFiles/aquarium.dir/home/marcus-leloq/pico-sdk/src/rp2_common/pico_stdio/stdio.c.o
                0x10003a78                stdio_put_string
 .text.stdio_set_driver_enabled
                0x10003b78       0x30 CMakeFiles/aquarium.dir/home/marcus-leloq/pico-sdk/src/rp2_common/pico_stdio/stdio.c.o
                0x10003b78                stdio_set_driver_enabled
 .text.stdio_init_all
                0x10003ba8       0x10 CMakeFiles/aquarium.dir/home/marcus-leloq/pico-sdk/src/rp2_common/pico_stdio/stdio.c.o
                0x10003ba8                stdio_init_all
 .text.__wrap_putchar
                0x10003bb8       0x98 CMakeFiles/aquarium.dir/home/marcus-leloq/pico-sdk/src/rp2_common/pico_stdio/stdio.c.o
                0x10003bb8                stdio_putchar
                0x10003bb8                __wrap_putchar
 .text.__wrap_puts
                0x10003c50       0x3c CMakeFiles/aquarium.dir/home/marcus-leloq/pico-sdk/src/rp2_common/pico_stdio/stdio.c.o
                0x10003c50                __wrap_puts
                0x10003c50                stdio_puts
 .text.__wrap_vprintf
                0x10003c8c       0xd4 CMakeFiles/aquarium.dir/home/marcus-leloq/pico-sdk/src/rp2_common/pico_stdio/stdio.c.o
                0x10003c8c                __wrap_vprintf
                0x10003c8c                stdio_vprintf
 .text.__wrap_printf
                0x10003d60       0x18 CMakeFiles/aquarium.dir/home/marcus-leloq/pico-sdk/src/rp2_common/pico_stdio/stdio.c.o
                0x10003d60                stdio_printf
                0x10003d60                __wrap_printf
 .text.stdio_uart_out_chars
                0x10003d78       0x4c CMakeFiles/aquarium.dir/home/marcus-leloq/pico-sdk/src/rp2_common/pico_stdio_uart/stdio_uart.c.o
 .text.stdio_uart_in_chars
                0x10003dc4       0x90 CMakeFiles/aquarium.dir/home/marcus-leloq/pico-sdk/src/rp2_common/pico_stdio_uart/stdio_uart.c.o
                0x10003dc4                stdio_uart_in_chars
 .text.on_uart_rx
                0x10003e54       0x28 CMakeFiles/aquarium.dir/home/marcus-leloq/pico-sdk/src/rp2_common/pico_stdio_uart/stdio_uart.c.o
 .text.stdio_uart_out_flush
                0x10003e7c       0x14 CMakeFiles/aquarium.dir/home/marcus-leloq/pico-sdk/src/rp2_common/pico_stdio_uart/stdio_uart.c.o
 .text.stdio_uart_set_chars_available_callback
                0x10003e90       0x84 CMakeFiles/aquarium.dir/home/marcus-leloq/pico-sdk/src/rp2_common/pico_stdio_uart/stdio_uart.c.o
 .text.stdio_uart_init
                0x10003f14       0x50 CMakeFiles/aquarium.dir/home/marcus-leloq/pico-sdk/src/rp2_common/pico_stdio_uart/stdio_uart.c.o
                0x10003f14                stdio_uart_init
 .text.resetd_init
                0x10003f64        0x4 CMakeFiles/aquarium.dir/home/marcus-leloq/pico-sdk/src/rp2_common/pico_stdio_usb/reset_interface.c.o
 .text.resetd_reset
                0x10003f68        0xc CMakeFiles/aquarium.dir/home/marcus-leloq/pico-sdk/src/rp2_common/pico_stdio_usb/reset_interface.c.o
 .text.resetd_open
                0x10003f74       0x28 CMakeFiles/aquarium.dir/home/marcus-leloq/pico-sdk/src/rp2_common/pico_stdio_usb/reset_interface.c.o
 .text.resetd_xfer_cb
                0x10003f9c        0x4 CMakeFiles/aquarium.dir/home/marcus-leloq/pico-sdk/src/rp2_common/pico_stdio_usb/reset_interface.c.o
 .text.resetd_control_xfer_cb
                0x10003fa0       0x5c CMakeFiles/aquarium.dir/home/marcus-leloq/pico-sdk/src/rp2_common/pico_stdio_usb/reset_interface.c.o
 .text.tud_descriptor_bos_cb
                0x10003ffc        0x8 CMakeFiles/aquarium.dir/home/marcus-leloq/pico-sdk/src/rp2_common/pico_stdio_usb/reset_interface.c.o
                0x10003ffc                tud_descriptor_bos_cb
 .text.tud_vendor_control_xfer_cb
                0x10004004       0x34 CMakeFiles/aquarium.dir/home/marcus-leloq/pico-sdk/src/rp2_common/pico_stdio_usb/reset_interface.c.o
                0x10004004                tud_vendor_control_xfer_cb
 .text.usbd_app_driver_get_cb
                0x10004038        0xc CMakeFiles/aquarium.dir/home/marcus-leloq/pico-sdk/src/rp2_common/pico_stdio_usb/reset_interface.c.o
                0x10004038                usbd_app_driver_get_cb
 .text.tud_cdc_line_coding_cb
                0x10004044       0x2c CMakeFiles/aquarium.dir/home/marcus-leloq/pico-sdk/src/rp2_common/pico_stdio_usb/reset_interface.c.o
                0x10004044                tud_cdc_line_coding_cb
 .text.stdio_usb_set_chars_available_callback
                0x10004070       0x14 CMakeFiles/aquarium.dir/home/marcus-leloq/pico-sdk/src/rp2_common/pico_stdio_usb/stdio_usb.c.o
                0x10004070                stdio_usb_set_chars_available_callback
 .text.usb_irq  0x10004084       0x10 CMakeFiles/aquarium.dir/home/marcus-leloq/pico-sdk/src/rp2_common/pico_stdio_usb/stdio_usb.c.o
 .text.timer_task
                0x10004094       0x64 CMakeFiles/aquarium.dir/home/marcus-leloq/pico-sdk/src/rp2_common/pico_stdio_usb/stdio_usb.c.o
 .text.stdio_usb_in_chars
                0x100040f8       0x90 CMakeFiles/aquarium.dir/home/marcus-leloq/pico-sdk/src/rp2_common/pico_stdio_usb/stdio_usb.c.o
                0x100040f8                stdio_usb_in_chars
 .text.stdio_usb_out_flush
                0x10004188       0x50 CMakeFiles/aquarium.dir/home/marcus-leloq/pico-sdk/src/rp2_common/pico_stdio_usb/stdio_usb.c.o
 .text.stdio_usb_out_chars
                0x100041d8      0x104 CMakeFiles/aquarium.dir/home/marcus-leloq/pico-sdk/src/rp2_common/pico_stdio_usb/stdio_usb.c.o
 .text.low_priority_worker_irq
                0x100042dc       0xcc CMakeFiles/aquarium.dir/home/marcus-leloq/pico-sdk/src/rp2_common/pico_stdio_usb/stdio_usb.c.o
 .text.stdio_usb_init
                0x100043a8       0xec CMakeFiles/aquarium.dir/home/marcus-leloq/pico-sdk/src/rp2_common/pico_stdio_usb/stdio_usb.c.o
                0x100043a8                stdio_usb_init
 .text.tud_descriptor_device_cb
                0x10004494        0x8 CMakeFiles/aquarium.dir/home/marcus-leloq/pico-sdk/src/rp2_common/pico_stdio_usb/stdio_usb_descriptors.c.o
                0x10004494                tud_descriptor_device_cb
 .text.tud_descriptor_configuration_cb
                0x1000449c        0x8 CMakeFiles/aquarium.dir/home/marcus-leloq/pico-sdk/src/rp2_common/pico_stdio_usb/stdio_usb_descriptors.c.o
                0x1000449c                tud_descriptor_configuration_cb
 .text.tud_descriptor_string_cb
                0x100044a4       0x78 CMakeFiles/aquarium.dir/home/marcus-leloq/pico-sdk/src/rp2_common/pico_stdio_usb/stdio_usb_descriptors.c.o
                0x100044a4                tud_descriptor_string_cb
 .text.startup._retrieve_unique_id_on_boot
                0x1000451c       0x10 CMakeFiles/aquarium.dir/home/marcus-leloq/pico-sdk/src/rp2_common/pico_unique_id/unique_id.c.o
 .text.pico_get_unique_board_id_string
                0x1000452c      0x1a8 CMakeFiles/aquarium.dir/home/marcus-leloq/pico-sdk/src/rp2_common/pico_unique_id/unique_id.c.o
                0x1000452c                pico_get_unique_board_id_string
 .text.flash_get_unique_id
                0x100046d4       0x3c CMakeFiles/aquarium.dir/home/marcus-leloq/pico-sdk/src/rp2_common/hardware_flash/flash.c.o
                0x100046d4                flash_get_unique_id
 .text.dcd_init
                0x10004710       0x90 CMakeFiles/aquarium.dir/home/marcus-leloq/pico-sdk/lib/tinyusb/src/portable/raspberrypi/rp2040/dcd_rp2040.c.o
                0x10004710                dcd_init
 .text.dcd_int_enable
                0x100047a0        0xc CMakeFiles/aquarium.dir/home/marcus-leloq/pico-sdk/lib/tinyusb/src/portable/raspberrypi/rp2040/dcd_rp2040.c.o
                0x100047a0                dcd_int_enable
 .text.dcd_set_address
                0x100047ac       0x14 CMakeFiles/aquarium.dir/home/marcus-leloq/pico-sdk/lib/tinyusb/src/portable/raspberrypi/rp2040/dcd_rp2040.c.o
                0x100047ac                dcd_set_address
 .text.dcd_sof_enable
                0x100047c0       0x1c CMakeFiles/aquarium.dir/home/marcus-leloq/pico-sdk/lib/tinyusb/src/portable/raspberrypi/rp2040/dcd_rp2040.c.o
                0x100047c0                dcd_sof_enable
 .text.dcd_edpt0_status_complete
                0x100047dc       0x1c CMakeFiles/aquarium.dir/home/marcus-leloq/pico-sdk/lib/tinyusb/src/portable/raspberrypi/rp2040/dcd_rp2040.c.o
                0x100047dc                dcd_edpt0_status_complete
 .text.dcd_edpt_open
                0x100047f8      0x114 CMakeFiles/aquarium.dir/home/marcus-leloq/pico-sdk/lib/tinyusb/src/portable/raspberrypi/rp2040/dcd_rp2040.c.o
                0x100047f8                dcd_edpt_open
 .text.dcd_edpt_close_all
                0x1000490c        0x8 CMakeFiles/aquarium.dir/home/marcus-leloq/pico-sdk/lib/tinyusb/src/portable/raspberrypi/rp2040/dcd_rp2040.c.o
                0x1000490c                dcd_edpt_close_all
 .text.dcd_edpt_xfer
                0x10004914       0x24 CMakeFiles/aquarium.dir/home/marcus-leloq/pico-sdk/lib/tinyusb/src/portable/raspberrypi/rp2040/dcd_rp2040.c.o
                0x10004914                dcd_edpt_xfer
 .text.dcd_edpt_stall
                0x10004938       0x34 CMakeFiles/aquarium.dir/home/marcus-leloq/pico-sdk/lib/tinyusb/src/portable/raspberrypi/rp2040/dcd_rp2040.c.o
                0x10004938                dcd_edpt_stall
 .text.dcd_edpt_clear_stall
                0x1000496c       0x30 CMakeFiles/aquarium.dir/home/marcus-leloq/pico-sdk/lib/tinyusb/src/portable/raspberrypi/rp2040/dcd_rp2040.c.o
                0x1000496c                dcd_edpt_clear_stall
 .text.rp2040_usb_init
                0x1000499c       0x40 CMakeFiles/aquarium.dir/home/marcus-leloq/pico-sdk/lib/tinyusb/src/portable/raspberrypi/rp2040/rp2040_usb.c.o
                0x1000499c                rp2040_usb_init
 .text.hw_endpoint_xfer_start
                0x100049dc       0x40 CMakeFiles/aquarium.dir/home/marcus-leloq/pico-sdk/lib/tinyusb/src/portable/raspberrypi/rp2040/rp2040_usb.c.o
                0x100049dc                hw_endpoint_xfer_start
 .text.tud_event_hook_cb
                0x10004a1c        0x4 CMakeFiles/aquarium.dir/home/marcus-leloq/pico-sdk/lib/tinyusb/src/device/usbd.c.o
                0x10004a1c                tud_event_hook_cb
 .text.tud_sof_cb
                0x10004a20        0x4 CMakeFiles/aquarium.dir/home/marcus-leloq/pico-sdk/lib/tinyusb/src/device/usbd.c.o
                0x10004a20                tud_sof_cb
 .text.tud_descriptor_device_qualifier_cb
                0x10004a24        0x4 CMakeFiles/aquarium.dir/home/marcus-leloq/pico-sdk/lib/tinyusb/src/device/usbd.c.o
                0x10004a24                tud_descriptor_device_qualifier_cb
 .text.tud_descriptor_other_speed_configuration_cb
                0x10004a28        0x4 CMakeFiles/aquarium.dir/home/marcus-leloq/pico-sdk/lib/tinyusb/src/device/usbd.c.o
                0x10004a28                tud_descriptor_other_speed_configuration_cb
 .text.tud_mount_cb
                0x10004a2c        0x4 CMakeFiles/aquarium.dir/home/marcus-leloq/pico-sdk/lib/tinyusb/src/device/usbd.c.o
                0x10004a2c                tud_mount_cb
 .text.tud_umount_cb
                0x10004a30        0x4 CMakeFiles/aquarium.dir/home/marcus-leloq/pico-sdk/lib/tinyusb/src/device/usbd.c.o
                0x10004a30                tud_umount_cb
 .text.tud_suspend_cb
                0x10004a34        0x4 CMakeFiles/aquarium.dir/home/marcus-leloq/pico-sdk/lib/tinyusb/src/device/usbd.c.o
                0x10004a34                tud_suspend_cb
 .text.tud_resume_cb
                0x10004a38        0x4 CMakeFiles/aquarium.dir/home/marcus-leloq/pico-sdk/lib/tinyusb/src/device/usbd.c.o
                0x10004a38                tud_resume_cb
 .text.tud_mounted
                0x10004a3c       0x10 CMakeFiles/aquarium.dir/home/marcus-leloq/pico-sdk/lib/tinyusb/src/device/usbd.c.o
                0x10004a3c                tud_mounted
 .text.tud_suspended
                0x10004a4c       0x10 CMakeFiles/aquarium.dir/home/marcus-leloq/pico-sdk/lib/tinyusb/src/device/usbd.c.o
                0x10004a4c                tud_suspended
 .text.tud_rhport_init
                0x10004a5c       0xfc CMakeFiles/aquarium.dir/home/marcus-leloq/pico-sdk/lib/tinyusb/src/device/usbd.c.o
                0x10004a5c                tud_rhport_init
 .text.tud_task_ext
                0x10004b58      0x800 CMakeFiles/aquarium.dir/home/marcus-leloq/pico-sdk/lib/tinyusb/src/device/usbd.c.o
                0x10004b58                tud_task_ext
 .text.usbd_open_edpt_pair
                0x10005358       0x9c CMakeFiles/aquarium.dir/home/marcus-leloq/pico-sdk/lib/tinyusb/src/device/usbd.c.o
                0x10005358                usbd_open_edpt_pair
 .text.usbd_edpt_open
                0x100053f4       0x34 CMakeFiles/aquarium.dir/home/marcus-leloq/pico-sdk/lib/tinyusb/src/device/usbd.c.o
                0x100053f4                usbd_edpt_open
 .text.usbd_edpt_claim
                0x10005428       0x28 CMakeFiles/aquarium.dir/home/marcus-leloq/pico-sdk/lib/tinyusb/src/device/usbd.c.o
                0x10005428                usbd_edpt_claim
 .text.usbd_edpt_release
                0x10005450       0x28 CMakeFiles/aquarium.dir/home/marcus-leloq/pico-sdk/lib/tinyusb/src/device/usbd.c.o
                0x10005450                usbd_edpt_release
 .text.usbd_edpt_xfer
                0x10005478       0x4c CMakeFiles/aquarium.dir/home/marcus-leloq/pico-sdk/lib/tinyusb/src/device/usbd.c.o
                0x10005478                usbd_edpt_xfer
 .text.tud_control_status
                0x100054c4       0x2c CMakeFiles/aquarium.dir/home/marcus-leloq/pico-sdk/lib/tinyusb/src/device/usbd_control.c.o
                0x100054c4                tud_control_status
 .text.tud_control_xfer
                0x100054f0       0xac CMakeFiles/aquarium.dir/home/marcus-leloq/pico-sdk/lib/tinyusb/src/device/usbd_control.c.o
                0x100054f0                tud_control_xfer
 .text.usbd_control_reset
                0x1000559c       0x14 CMakeFiles/aquarium.dir/home/marcus-leloq/pico-sdk/lib/tinyusb/src/device/usbd_control.c.o
                0x1000559c                usbd_control_reset
 .text.usbd_control_set_complete_callback
                0x100055b0        0xc CMakeFiles/aquarium.dir/home/marcus-leloq/pico-sdk/lib/tinyusb/src/device/usbd_control.c.o
                0x100055b0                usbd_control_set_complete_callback
 .text.usbd_control_set_request
                0x100055bc       0x1c CMakeFiles/aquarium.dir/home/marcus-leloq/pico-sdk/lib/tinyusb/src/device/usbd_control.c.o
                0x100055bc                usbd_control_set_request
 .text.usbd_control_xfer_cb
                0x100055d8       0xec CMakeFiles/aquarium.dir/home/marcus-leloq/pico-sdk/lib/tinyusb/src/device/usbd_control.c.o
                0x100055d8                usbd_control_xfer_cb
 .text._prep_out_transaction.isra.0
                0x100056c4       0x6c CMakeFiles/aquarium.dir/home/marcus-leloq/pico-sdk/lib/tinyusb/src/class/cdc/cdc_device.c.o
 .text.tud_cdc_n_connected
                0x10005730       0x2c CMakeFiles/aquarium.dir/home/marcus-leloq/pico-sdk/lib/tinyusb/src/class/cdc/cdc_device.c.o
                0x10005730                tud_cdc_n_connected
 .text.tud_cdc_n_available
                0x1000575c       0x14 CMakeFiles/aquarium.dir/home/marcus-leloq/pico-sdk/lib/tinyusb/src/class/cdc/cdc_device.c.o
                0x1000575c                tud_cdc_n_available
 .text.tud_cdc_n_read
                0x10005770       0x94 CMakeFiles/aquarium.dir/home/marcus-leloq/pico-sdk/lib/tinyusb/src/class/cdc/cdc_device.c.o
                0x10005770                tud_cdc_n_read
 .text.tud_cdc_n_write_flush
                0x10005804       0x74 CMakeFiles/aquarium.dir/home/marcus-leloq/pico-sdk/lib/tinyusb/src/class/cdc/cdc_device.c.o
                0x10005804                tud_cdc_n_write_flush
 .text.tud_cdc_n_write
                0x10005878       0x40 CMakeFiles/aquarium.dir/home/marcus-leloq/pico-sdk/lib/tinyusb/src/class/cdc/cdc_device.c.o
                0x10005878                tud_cdc_n_write
 .text.tud_cdc_n_write_available
                0x100058b8       0x14 CMakeFiles/aquarium.dir/home/marcus-leloq/pico-sdk/lib/tinyusb/src/class/cdc/cdc_device.c.o
                0x100058b8                tud_cdc_n_write_available
 .text.cdcd_init
                0x100058cc       0x70 CMakeFiles/aquarium.dir/home/marcus-leloq/pico-sdk/lib/tinyusb/src/class/cdc/cdc_device.c.o
                0x100058cc                cdcd_init
 .text.cdcd_deinit
                0x1000593c       0x34 CMakeFiles/aquarium.dir/home/marcus-leloq/pico-sdk/lib/tinyusb/src/class/cdc/cdc_device.c.o
                0x1000593c                cdcd_deinit
 .text.cdcd_reset
                0x10005970       0x4c CMakeFiles/aquarium.dir/home/marcus-leloq/pico-sdk/lib/tinyusb/src/class/cdc/cdc_device.c.o
                0x10005970                cdcd_reset
 .text.cdcd_open
                0x100059bc       0xa8 CMakeFiles/aquarium.dir/home/marcus-leloq/pico-sdk/lib/tinyusb/src/class/cdc/cdc_device.c.o
                0x100059bc                cdcd_open
 .text.cdcd_control_xfer_cb
                0x10005a64       0xe8 CMakeFiles/aquarium.dir/home/marcus-leloq/pico-sdk/lib/tinyusb/src/class/cdc/cdc_device.c.o
                0x10005a64                cdcd_control_xfer_cb
 .text.cdcd_xfer_cb
                0x10005b4c      0x100 CMakeFiles/aquarium.dir/home/marcus-leloq/pico-sdk/lib/tinyusb/src/class/cdc/cdc_device.c.o
                0x10005b4c                cdcd_xfer_cb
 .text.vendord_init
                0x10005c4c       0x5c CMakeFiles/aquarium.dir/home/marcus-leloq/pico-sdk/lib/tinyusb/src/class/vendor/vendor_device.c.o
                0x10005c4c                vendord_init
 .text.vendord_deinit
                0x10005ca8       0x1c CMakeFiles/aquarium.dir/home/marcus-leloq/pico-sdk/lib/tinyusb/src/class/vendor/vendor_device.c.o
                0x10005ca8                vendord_deinit
 .text.vendord_reset
                0x10005cc4       0x28 CMakeFiles/aquarium.dir/home/marcus-leloq/pico-sdk/lib/tinyusb/src/class/vendor/vendor_device.c.o
                0x10005cc4                vendord_reset
 .text.vendord_open
                0x10005cec      0x128 CMakeFiles/aquarium.dir/home/marcus-leloq/pico-sdk/lib/tinyusb/src/class/vendor/vendor_device.c.o
                0x10005cec                vendord_open
 .text.vendord_xfer_cb
                0x10005e14       0x9c CMakeFiles/aquarium.dir/home/marcus-leloq/pico-sdk/lib/tinyusb/src/class/vendor/vendor_device.c.o
                0x10005e14                vendord_xfer_cb
 .text.tusb_rhport_init
                0x10005eb0       0x48 CMakeFiles/aquarium.dir/home/marcus-leloq/pico-sdk/lib/tinyusb/src/tusb.c.o
                0x10005eb0                tusb_rhport_init
 .text.tu_edpt_claim
                0x10005ef8       0x50 CMakeFiles/aquarium.dir/home/marcus-leloq/pico-sdk/lib/tinyusb/src/tusb.c.o
                0x10005ef8                tu_edpt_claim
 .text.tu_edpt_release
                0x10005f48       0x38 CMakeFiles/aquarium.dir/home/marcus-leloq/pico-sdk/lib/tinyusb/src/tusb.c.o
                0x10005f48                tu_edpt_release
 .text.tu_edpt_validate
                0x10005f80       0x7c CMakeFiles/aquarium.dir/home/marcus-leloq/pico-sdk/lib/tinyusb/src/tusb.c.o
                0x10005f80                tu_edpt_validate
 .text.tu_edpt_bind_driver
                0x10005ffc       0x34 CMakeFiles/aquarium.dir/home/marcus-leloq/pico-sdk/lib/tinyusb/src/tusb.c.o
                0x10005ffc                tu_edpt_bind_driver
 .text.tu_edpt_stream_init
                0x10006030       0x6c CMakeFiles/aquarium.dir/home/marcus-leloq/pico-sdk/lib/tinyusb/src/tusb.c.o
                0x10006030                tu_edpt_stream_init
 .text.tu_edpt_stream_deinit
                0x1000609c        0x4 CMakeFiles/aquarium.dir/home/marcus-leloq/pico-sdk/lib/tinyusb/src/tusb.c.o
                0x1000609c                tu_edpt_stream_deinit
 .text.tu_edpt_stream_write_zlp_if_needed
                0x100060a0       0x68 CMakeFiles/aquarium.dir/home/marcus-leloq/pico-sdk/lib/tinyusb/src/tusb.c.o
                0x100060a0                tu_edpt_stream_write_zlp_if_needed
 .text.tu_edpt_stream_write_xfer
                0x10006108       0x64 CMakeFiles/aquarium.dir/home/marcus-leloq/pico-sdk/lib/tinyusb/src/tusb.c.o
                0x10006108                tu_edpt_stream_write_xfer
 .text.tu_edpt_stream_read_xfer
                0x1000616c       0xdc CMakeFiles/aquarium.dir/home/marcus-leloq/pico-sdk/lib/tinyusb/src/tusb.c.o
                0x1000616c                tu_edpt_stream_read_xfer
 .text.tu_fifo_config
                0x10006248       0x6c CMakeFiles/aquarium.dir/home/marcus-leloq/pico-sdk/lib/tinyusb/src/common/tusb_fifo.c.o
                0x10006248                tu_fifo_config
 .text.tu_fifo_count
                0x100062b4       0x2c CMakeFiles/aquarium.dir/home/marcus-leloq/pico-sdk/lib/tinyusb/src/common/tusb_fifo.c.o
                0x100062b4                tu_fifo_count
 .text.tu_fifo_empty
                0x100062e0       0x10 CMakeFiles/aquarium.dir/home/marcus-leloq/pico-sdk/lib/tinyusb/src/common/tusb_fifo.c.o
                0x100062e0                tu_fifo_empty
 .text.tu_fifo_remaining
                0x100062f0       0x2c CMakeFiles/aquarium.dir/home/marcus-leloq/pico-sdk/lib/tinyusb/src/common/tusb_fifo.c.o
                0x100062f0                tu_fifo_remaining
 .text.tu_fifo_read
                0x1000631c       0x9c CMakeFiles/aquarium.dir/home/marcus-leloq/pico-sdk/lib/tinyusb/src/common/tusb_fifo.c.o
                0x1000631c                tu_fifo_read
 .text.tu_fifo_read_n
                0x100063b8       0xe8 CMakeFiles/aquarium.dir/home/marcus-leloq/pico-sdk/lib/tinyusb/src/common/tusb_fifo.c.o
                0x100063b8                tu_fifo_read_n
 .text.tu_fifo_write
                0x100064a0       0xa8 CMakeFiles/aquarium.dir/home/marcus-leloq/pico-sdk/lib/tinyusb/src/common/tusb_fifo.c.o
                0x100064a0                tu_fifo_write
 .text.tu_fifo_write_n
                0x10006548      0x178 CMakeFiles/aquarium.dir/home/marcus-leloq/pico-sdk/lib/tinyusb/src/common/tusb_fifo.c.o
                0x10006548                tu_fifo_write_n
 .text.tu_fifo_clear
                0x100066c0       0x40 CMakeFiles/aquarium.dir/home/marcus-leloq/pico-sdk/lib/tinyusb/src/common/tusb_fifo.c.o
                0x100066c0                tu_fifo_clear
 .text.tu_fifo_set_overwritable
                0x10006700       0x48 CMakeFiles/aquarium.dir/home/marcus-leloq/pico-sdk/lib/tinyusb/src/common/tusb_fifo.c.o
                0x10006700                tu_fifo_set_overwritable
 .text.pvPortMalloc
                0x10006748      0x124 CMakeFiles/aquarium.dir/home/marcus-leloq/Documentos/ufc/7-term/rtos/RPIPicoFreeRTOSCourse/lib/FreeRTOS-Kernel/portable/MemMang/heap_4.c.o
                0x10006748                pvPortMalloc
 .text.vPortFree
                0x1000686c       0x98 CMakeFiles/aquarium.dir/home/marcus-leloq/Documentos/ufc/7-term/rtos/RPIPicoFreeRTOSCourse/lib/FreeRTOS-Kernel/portable/MemMang/heap_4.c.o
                0x1000686c                vPortFree
 *fill*         0x10006904        0xc 
 .text.vPortStartFirstTask
                0x10006910       0x34 CMakeFiles/aquarium.dir/home/marcus-leloq/Documentos/ufc/7-term/rtos/RPIPicoFreeRTOSCourse/lib/FreeRTOS-Kernel/portable/ThirdParty/GCC/RP2040/port.c.o
 *fill*         0x10006944        0xc 
 .text.xPortPendSVHandler
                0x10006950       0x64 CMakeFiles/aquarium.dir/home/marcus-leloq/Documentos/ufc/7-term/rtos/RPIPicoFreeRTOSCourse/lib/FreeRTOS-Kernel/portable/ThirdParty/GCC/RP2040/port.c.o
                0x10006950                xPortPendSVHandler
 .text.prvTaskExitError
                0x100069b4        0x8 CMakeFiles/aquarium.dir/home/marcus-leloq/Documentos/ufc/7-term/rtos/RPIPicoFreeRTOSCourse/lib/FreeRTOS-Kernel/portable/ThirdParty/GCC/RP2040/port.c.o
 .text.prvFIFOInterruptHandler
                0x100069bc       0x78 CMakeFiles/aquarium.dir/home/marcus-leloq/Documentos/ufc/7-term/rtos/RPIPicoFreeRTOSCourse/lib/FreeRTOS-Kernel/portable/ThirdParty/GCC/RP2040/port.c.o
 .text.vPortSVCHandler
                0x10006a34        0x4 CMakeFiles/aquarium.dir/home/marcus-leloq/Documentos/ufc/7-term/rtos/RPIPicoFreeRTOSCourse/lib/FreeRTOS-Kernel/portable/ThirdParty/GCC/RP2040/port.c.o
                0x10006a34                vPortSVCHandler
 .text.pxPortInitialiseStack
                0x10006a38       0x20 CMakeFiles/aquarium.dir/home/marcus-leloq/Documentos/ufc/7-term/rtos/RPIPicoFreeRTOSCourse/lib/FreeRTOS-Kernel/portable/ThirdParty/GCC/RP2040/port.c.o
                0x10006a38                pxPortInitialiseStack
 .text.vPortYield
                0x10006a58       0x18 CMakeFiles/aquarium.dir/home/marcus-leloq/Documentos/ufc/7-term/rtos/RPIPicoFreeRTOSCourse/lib/FreeRTOS-Kernel/portable/ThirdParty/GCC/RP2040/port.c.o
                0x10006a58                vPortYield
 .text.vPortEnterCritical
                0x10006a70       0x18 CMakeFiles/aquarium.dir/home/marcus-leloq/Documentos/ufc/7-term/rtos/RPIPicoFreeRTOSCourse/lib/FreeRTOS-Kernel/portable/ThirdParty/GCC/RP2040/port.c.o
                0x10006a70                vPortEnterCritical
 .text.vPortExitCritical
                0x10006a88       0x14 CMakeFiles/aquarium.dir/home/marcus-leloq/Documentos/ufc/7-term/rtos/RPIPicoFreeRTOSCourse/lib/FreeRTOS-Kernel/portable/ThirdParty/GCC/RP2040/port.c.o
                0x10006a88                vPortExitCritical
 .text.ulSetInterruptMaskFromISR
                0x10006a9c        0x8 CMakeFiles/aquarium.dir/home/marcus-leloq/Documentos/ufc/7-term/rtos/RPIPicoFreeRTOSCourse/lib/FreeRTOS-Kernel/portable/ThirdParty/GCC/RP2040/port.c.o
                0x10006a9c                ulSetInterruptMaskFromISR
 .text.vClearInterruptMaskFromISR
                0x10006aa4        0x8 CMakeFiles/aquarium.dir/home/marcus-leloq/Documentos/ufc/7-term/rtos/RPIPicoFreeRTOSCourse/lib/FreeRTOS-Kernel/portable/ThirdParty/GCC/RP2040/port.c.o
                0x10006aa4                vClearInterruptMaskFromISR
 .text.xPortSysTickHandler
                0x10006aac       0x24 CMakeFiles/aquarium.dir/home/marcus-leloq/Documentos/ufc/7-term/rtos/RPIPicoFreeRTOSCourse/lib/FreeRTOS-Kernel/portable/ThirdParty/GCC/RP2040/port.c.o
                0x10006aac                xPortSysTickHandler
 .text.vPortSetupTimerInterrupt
                0x10006ad0       0x68 CMakeFiles/aquarium.dir/home/marcus-leloq/Documentos/ufc/7-term/rtos/RPIPicoFreeRTOSCourse/lib/FreeRTOS-Kernel/portable/ThirdParty/GCC/RP2040/port.c.o
                0x10006ad0                vPortSetupTimerInterrupt
 .text.xPortStartScheduler
                0x10006b38       0x9c CMakeFiles/aquarium.dir/home/marcus-leloq/Documentos/ufc/7-term/rtos/RPIPicoFreeRTOSCourse/lib/FreeRTOS-Kernel/portable/ThirdParty/GCC/RP2040/port.c.o
                0x10006b38                xPortStartScheduler
 .text.vPortSuppressTicksAndSleep
                0x10006bd4      0x128 CMakeFiles/aquarium.dir/home/marcus-leloq/Documentos/ufc/7-term/rtos/RPIPicoFreeRTOSCourse/lib/FreeRTOS-Kernel/portable/ThirdParty/GCC/RP2040/port.c.o
                0x10006bd4                vPortSuppressTicksAndSleep
 .text.ulPortLockGetCurrentOwnerId
                0x10006cfc       0x2c CMakeFiles/aquarium.dir/home/marcus-leloq/Documentos/ufc/7-term/rtos/RPIPicoFreeRTOSCourse/lib/FreeRTOS-Kernel/portable/ThirdParty/GCC/RP2040/port.c.o
                0x10006cfc                ulPortLockGetCurrentOwnerId
 .text.vPortLockInternalSpinUnlockWithNotify
                0x10006d28       0xcc CMakeFiles/aquarium.dir/home/marcus-leloq/Documentos/ufc/7-term/rtos/RPIPicoFreeRTOSCourse/lib/FreeRTOS-Kernel/portable/ThirdParty/GCC/RP2040/port.c.o
                0x10006d28                vPortLockInternalSpinUnlockWithNotify
 .text.xPortLockInternalSpinUnlockWithBestEffortWaitOrTimeout
                0x10006df4       0xfc CMakeFiles/aquarium.dir/home/marcus-leloq/Documentos/ufc/7-term/rtos/RPIPicoFreeRTOSCourse/lib/FreeRTOS-Kernel/portable/ThirdParty/GCC/RP2040/port.c.o
                0x10006df4                xPortLockInternalSpinUnlockWithBestEffortWaitOrTimeout
 .text.startup.prvRuntimeInitializer
                0x10006ef0       0x30 CMakeFiles/aquarium.dir/home/marcus-leloq/Documentos/ufc/7-term/rtos/RPIPicoFreeRTOSCourse/lib/FreeRTOS-Kernel/portable/ThirdParty/GCC/RP2040/port.c.o
 .text.vEventGroupSetBitsCallback
                0x10006f20       0x90 CMakeFiles/aquarium.dir/home/marcus-leloq/Documentos/ufc/7-term/rtos/RPIPicoFreeRTOSCourse/lib/FreeRTOS-Kernel/event_groups.c.o
                0x10006f20                vEventGroupSetBitsCallback
 .text.xEventGroupCreateStatic
                0x10006fb0       0x20 CMakeFiles/aquarium.dir/home/marcus-leloq/Documentos/ufc/7-term/rtos/RPIPicoFreeRTOSCourse/lib/FreeRTOS-Kernel/event_groups.c.o
                0x10006fb0                xEventGroupCreateStatic
 .text.xEventGroupWaitBits
                0x10006fd0       0xb8 CMakeFiles/aquarium.dir/home/marcus-leloq/Documentos/ufc/7-term/rtos/RPIPicoFreeRTOSCourse/lib/FreeRTOS-Kernel/event_groups.c.o
                0x10006fd0                xEventGroupWaitBits
 .text.xEventGroupSetBits
                0x10007088       0x9c CMakeFiles/aquarium.dir/home/marcus-leloq/Documentos/ufc/7-term/rtos/RPIPicoFreeRTOSCourse/lib/FreeRTOS-Kernel/event_groups.c.o
                0x10007088                xEventGroupSetBits
 .text.xEventGroupSetBitsFromISR
                0x10007124       0x18 CMakeFiles/aquarium.dir/home/marcus-leloq/Documentos/ufc/7-term/rtos/RPIPicoFreeRTOSCourse/lib/FreeRTOS-Kernel/event_groups.c.o
                0x10007124                xEventGroupSetBitsFromISR
 .text.vListInitialise
                0x1000713c       0x18 CMakeFiles/aquarium.dir/home/marcus-leloq/Documentos/ufc/7-term/rtos/RPIPicoFreeRTOSCourse/lib/FreeRTOS-Kernel/list.c.o
                0x1000713c                vListInitialise
 .text.vListInitialiseItem
                0x10007154        0x8 CMakeFiles/aquarium.dir/home/marcus-leloq/Documentos/ufc/7-term/rtos/RPIPicoFreeRTOSCourse/lib/FreeRTOS-Kernel/list.c.o
                0x10007154                vListInitialiseItem
 .text.vListInsert
                0x1000715c       0x30 CMakeFiles/aquarium.dir/home/marcus-leloq/Documentos/ufc/7-term/rtos/RPIPicoFreeRTOSCourse/lib/FreeRTOS-Kernel/list.c.o
                0x1000715c                vListInsert
 .text.uxListRemove
                0x1000718c       0x20 CMakeFiles/aquarium.dir/home/marcus-leloq/Documentos/ufc/7-term/rtos/RPIPicoFreeRTOSCourse/lib/FreeRTOS-Kernel/list.c.o
                0x1000718c                uxListRemove
 .text.prvUnlockQueue
                0x100071ac      0x180 CMakeFiles/aquarium.dir/home/marcus-leloq/Documentos/ufc/7-term/rtos/RPIPicoFreeRTOSCourse/lib/FreeRTOS-Kernel/queue.c.o
 .text.prvNotifyQueueSetContainer
                0x1000732c       0x90 CMakeFiles/aquarium.dir/home/marcus-leloq/Documentos/ufc/7-term/rtos/RPIPicoFreeRTOSCourse/lib/FreeRTOS-Kernel/queue.c.o
 .text.xQueueGenericCreateStatic
                0x100073bc       0xb4 CMakeFiles/aquarium.dir/home/marcus-leloq/Documentos/ufc/7-term/rtos/RPIPicoFreeRTOSCourse/lib/FreeRTOS-Kernel/queue.c.o
                0x100073bc                xQueueGenericCreateStatic
 .text.xQueueGenericSendFromISR
                0x10007470      0x134 CMakeFiles/aquarium.dir/home/marcus-leloq/Documentos/ufc/7-term/rtos/RPIPicoFreeRTOSCourse/lib/FreeRTOS-Kernel/queue.c.o
                0x10007470                xQueueGenericSendFromISR
 .text.xQueueReceive
                0x100075a4      0x11c CMakeFiles/aquarium.dir/home/marcus-leloq/Documentos/ufc/7-term/rtos/RPIPicoFreeRTOSCourse/lib/FreeRTOS-Kernel/queue.c.o
                0x100075a4                xQueueReceive
 .text.vQueueAddToRegistry
                0x100076c0      0x118 CMakeFiles/aquarium.dir/home/marcus-leloq/Documentos/ufc/7-term/rtos/RPIPicoFreeRTOSCourse/lib/FreeRTOS-Kernel/queue.c.o
                0x100076c0                vQueueAddToRegistry
 .text.vQueueWaitForMessageRestricted
                0x100077d8       0x48 CMakeFiles/aquarium.dir/home/marcus-leloq/Documentos/ufc/7-term/rtos/RPIPicoFreeRTOSCourse/lib/FreeRTOS-Kernel/queue.c.o
                0x100077d8                vQueueWaitForMessageRestricted
 .text.prvAddNewTaskToReadyList
                0x10007820      0x124 CMakeFiles/aquarium.dir/home/marcus-leloq/Documentos/ufc/7-term/rtos/RPIPicoFreeRTOSCourse/lib/FreeRTOS-Kernel/tasks.c.o
 .text.vTaskSwitchContext.part.0
                0x10007944       0x7c CMakeFiles/aquarium.dir/home/marcus-leloq/Documentos/ufc/7-term/rtos/RPIPicoFreeRTOSCourse/lib/FreeRTOS-Kernel/tasks.c.o
 .text.xTaskIncrementTick.part.0
                0x100079c0      0x190 CMakeFiles/aquarium.dir/home/marcus-leloq/Documentos/ufc/7-term/rtos/RPIPicoFreeRTOSCourse/lib/FreeRTOS-Kernel/tasks.c.o
 .text.xTaskCreateStatic
                0x10007b50      0x134 CMakeFiles/aquarium.dir/home/marcus-leloq/Documentos/ufc/7-term/rtos/RPIPicoFreeRTOSCourse/lib/FreeRTOS-Kernel/tasks.c.o
                0x10007b50                xTaskCreateStatic
 .text.xTaskCreate
                0x10007c84      0x138 CMakeFiles/aquarium.dir/home/marcus-leloq/Documentos/ufc/7-term/rtos/RPIPicoFreeRTOSCourse/lib/FreeRTOS-Kernel/tasks.c.o
                0x10007c84                xTaskCreate
 .text.vTaskStartScheduler
                0x10007dbc       0xd8 CMakeFiles/aquarium.dir/home/marcus-leloq/Documentos/ufc/7-term/rtos/RPIPicoFreeRTOSCourse/lib/FreeRTOS-Kernel/tasks.c.o
                0x10007dbc                vTaskStartScheduler
 .text.vTaskSuspendAll
                0x10007e94       0x10 CMakeFiles/aquarium.dir/home/marcus-leloq/Documentos/ufc/7-term/rtos/RPIPicoFreeRTOSCourse/lib/FreeRTOS-Kernel/tasks.c.o
                0x10007e94                vTaskSuspendAll
 .text.xTaskResumeAll
                0x10007ea4      0x188 CMakeFiles/aquarium.dir/home/marcus-leloq/Documentos/ufc/7-term/rtos/RPIPicoFreeRTOSCourse/lib/FreeRTOS-Kernel/tasks.c.o
                0x10007ea4                xTaskResumeAll
 .text.vTaskDelay
                0x1000802c       0x84 CMakeFiles/aquarium.dir/home/marcus-leloq/Documentos/ufc/7-term/rtos/RPIPicoFreeRTOSCourse/lib/FreeRTOS-Kernel/tasks.c.o
                0x1000802c                vTaskDelay
 .text.prvIdleTask
                0x100080b0      0x118 CMakeFiles/aquarium.dir/home/marcus-leloq/Documentos/ufc/7-term/rtos/RPIPicoFreeRTOSCourse/lib/FreeRTOS-Kernel/tasks.c.o
 .text.xTaskGetTickCount
                0x100081c8        0xc CMakeFiles/aquarium.dir/home/marcus-leloq/Documentos/ufc/7-term/rtos/RPIPicoFreeRTOSCourse/lib/FreeRTOS-Kernel/tasks.c.o
                0x100081c8                xTaskGetTickCount
 .text.uxTaskGetNumberOfTasks
                0x100081d4        0xc CMakeFiles/aquarium.dir/home/marcus-leloq/Documentos/ufc/7-term/rtos/RPIPicoFreeRTOSCourse/lib/FreeRTOS-Kernel/tasks.c.o
                0x100081d4                uxTaskGetNumberOfTasks
 .text.vTaskStepTick
                0x100081e0       0x3c CMakeFiles/aquarium.dir/home/marcus-leloq/Documentos/ufc/7-term/rtos/RPIPicoFreeRTOSCourse/lib/FreeRTOS-Kernel/tasks.c.o
                0x100081e0                vTaskStepTick
 .text.xTaskIncrementTick
                0x1000821c       0x24 CMakeFiles/aquarium.dir/home/marcus-leloq/Documentos/ufc/7-term/rtos/RPIPicoFreeRTOSCourse/lib/FreeRTOS-Kernel/tasks.c.o
                0x1000821c                xTaskIncrementTick
 .text.vTaskSwitchContext
                0x10008240       0x20 CMakeFiles/aquarium.dir/home/marcus-leloq/Documentos/ufc/7-term/rtos/RPIPicoFreeRTOSCourse/lib/FreeRTOS-Kernel/tasks.c.o
                0x10008240                vTaskSwitchContext
 .text.vTaskPlaceOnEventList
                0x10008260       0xa0 CMakeFiles/aquarium.dir/home/marcus-leloq/Documentos/ufc/7-term/rtos/RPIPicoFreeRTOSCourse/lib/FreeRTOS-Kernel/tasks.c.o
                0x10008260                vTaskPlaceOnEventList
 .text.vTaskPlaceOnUnorderedEventList
                0x10008300       0xc4 CMakeFiles/aquarium.dir/home/marcus-leloq/Documentos/ufc/7-term/rtos/RPIPicoFreeRTOSCourse/lib/FreeRTOS-Kernel/tasks.c.o
                0x10008300                vTaskPlaceOnUnorderedEventList
 .text.vTaskPlaceOnEventListRestricted
                0x100083c4       0xf4 CMakeFiles/aquarium.dir/home/marcus-leloq/Documentos/ufc/7-term/rtos/RPIPicoFreeRTOSCourse/lib/FreeRTOS-Kernel/tasks.c.o
                0x100083c4                vTaskPlaceOnEventListRestricted
 .text.xTaskRemoveFromEventList
                0x100084b8       0xf0 CMakeFiles/aquarium.dir/home/marcus-leloq/Documentos/ufc/7-term/rtos/RPIPicoFreeRTOSCourse/lib/FreeRTOS-Kernel/tasks.c.o
                0x100084b8                xTaskRemoveFromEventList
 .text.vTaskRemoveFromUnorderedEventList
                0x100085a8       0xb8 CMakeFiles/aquarium.dir/home/marcus-leloq/Documentos/ufc/7-term/rtos/RPIPicoFreeRTOSCourse/lib/FreeRTOS-Kernel/tasks.c.o
                0x100085a8                vTaskRemoveFromUnorderedEventList
 .text.vTaskInternalSetTimeOutState
                0x10008660       0x18 CMakeFiles/aquarium.dir/home/marcus-leloq/Documentos/ufc/7-term/rtos/RPIPicoFreeRTOSCourse/lib/FreeRTOS-Kernel/tasks.c.o
                0x10008660                vTaskInternalSetTimeOutState
 .text.xTaskCheckForTimeOut
                0x10008678       0x74 CMakeFiles/aquarium.dir/home/marcus-leloq/Documentos/ufc/7-term/rtos/RPIPicoFreeRTOSCourse/lib/FreeRTOS-Kernel/tasks.c.o
                0x10008678                xTaskCheckForTimeOut
 .text.vTaskMissedYield
                0x100086ec        0xc CMakeFiles/aquarium.dir/home/marcus-leloq/Documentos/ufc/7-term/rtos/RPIPicoFreeRTOSCourse/lib/FreeRTOS-Kernel/tasks.c.o
                0x100086ec                vTaskMissedYield
 .text.eTaskConfirmSleepModeStatus
                0x100086f8       0x44 CMakeFiles/aquarium.dir/home/marcus-leloq/Documentos/ufc/7-term/rtos/RPIPicoFreeRTOSCourse/lib/FreeRTOS-Kernel/tasks.c.o
                0x100086f8                eTaskConfirmSleepModeStatus
 .text.xTaskGetCurrentTaskHandle
                0x1000873c        0xc CMakeFiles/aquarium.dir/home/marcus-leloq/Documentos/ufc/7-term/rtos/RPIPicoFreeRTOSCourse/lib/FreeRTOS-Kernel/tasks.c.o
                0x1000873c                xTaskGetCurrentTaskHandle
 .text.xTaskPriorityDisinherit
                0x10008748       0x64 CMakeFiles/aquarium.dir/home/marcus-leloq/Documentos/ufc/7-term/rtos/RPIPicoFreeRTOSCourse/lib/FreeRTOS-Kernel/tasks.c.o
                0x10008748                xTaskPriorityDisinherit
 .text.uxTaskResetEventItemValue
                0x100087ac       0x18 CMakeFiles/aquarium.dir/home/marcus-leloq/Documentos/ufc/7-term/rtos/RPIPicoFreeRTOSCourse/lib/FreeRTOS-Kernel/tasks.c.o
                0x100087ac                uxTaskResetEventItemValue
 .text.prvTimerTask
                0x100087c4      0x3b4 CMakeFiles/aquarium.dir/home/marcus-leloq/Documentos/ufc/7-term/rtos/RPIPicoFreeRTOSCourse/lib/FreeRTOS-Kernel/timers.c.o
 .text.xTimerCreateTimerTask
                0x10008b78       0xb0 CMakeFiles/aquarium.dir/home/marcus-leloq/Documentos/ufc/7-term/rtos/RPIPicoFreeRTOSCourse/lib/FreeRTOS-Kernel/timers.c.o
                0x10008b78                xTimerCreateTimerTask
 .text.xTimerPendFunctionCallFromISR
                0x10008c28       0x28 CMakeFiles/aquarium.dir/home/marcus-leloq/Documentos/ufc/7-term/rtos/RPIPicoFreeRTOSCourse/lib/FreeRTOS-Kernel/timers.c.o
                0x10008c28                xTimerPendFunctionCallFromISR
 .text.exception_set_exclusive_handler
                0x10008c50       0x48 CMakeFiles/aquarium.dir/home/marcus-leloq/pico-sdk/src/rp2_common/hardware_exception/exception.c.o
                0x10008c50                exception_set_exclusive_handler
 .text.vApplicationGetIdleTaskMemory
                0x10008c98       0x18 CMakeFiles/aquarium.dir/__/port/FreeRTOS-Kernel/IdleMemory.c.o
                0x10008c98                vApplicationGetIdleTaskMemory
 .text.vApplicationGetTimerTaskMemory
                0x10008cb0       0x18 CMakeFiles/aquarium.dir/__/port/FreeRTOS-Kernel/IdleMemory.c.o
                0x10008cb0                vApplicationGetTimerTaskMemory
 .text.vApplicationStackOverflowHook
                0x10008cc8       0x28 CMakeFiles/aquarium.dir/__/port/FreeRTOS-Kernel/IdleMemory.c.o
                0x10008cc8                vApplicationStackOverflowHook
 .text          0x10008cf0       0x10 /usr/lib/gcc/arm-none-eabi/13.2.1/../../../arm-none-eabi/lib/thumb/v6-m/nofp/libg.a(libc_a-atexit.o)
                0x10008cf0                atexit
 .text          0x10008d00       0x5c /usr/lib/gcc/arm-none-eabi/13.2.1/../../../arm-none-eabi/lib/thumb/v6-m/nofp/libg.a(libc_a-strlen-stub.o)
                0x10008d00                strlen
 .text          0x10008d5c       0x28 /usr/lib/gcc/arm-none-eabi/13.2.1/../../../arm-none-eabi/lib/thumb/v6-m/nofp/libg.a(libc_a-fini.o)
                0x10008d5c                __libc_fini_array
 .text          0x10008d84       0x78 /usr/lib/gcc/arm-none-eabi/13.2.1/../../../arm-none-eabi/lib/thumb/v6-m/nofp/libg.a(libc_a-__atexit.o)
                0x10008d84                __register_exitproc
 .text.startup  0x10008dfc       0x18 /usr/lib/gcc/arm-none-eabi/13.2.1/../../../arm-none-eabi/lib/thumb/v6-m/nofp/libg.a(libc_a-__call_atexit.o)
 *(.fini)
 .fini          0x10008e14        0x4 /usr/lib/gcc/arm-none-eabi/13.2.1/thumb/v6-m/nofp/crti.o
                0x10008e14                _fini
 .fini.__stub   0x10008e18       0xc0 linker stubs
 *crtbegin.o(.ctors)
 *crtbegin?.o(.ctors)
 *(EXCLUDE_FILE(*crtend.o *crtend?.o) .ctors)
 *(SORT_BY_NAME(.ctors.*))
 *(.ctors)
 *crtbegin.o(.dtors)
 *crtbegin?.o(.dtors)
 *(EXCLUDE_FILE(*crtend.o *crtend?.o) .dtors)
 *(SORT_BY_NAME(.dtors.*))
 *(.dtors)
                0x10008ed8                        . = ALIGN (0x4)
                0x10008ed8                        PROVIDE (__preinit_array_start = .)
 *(SORT_BY_NAME(.preinit_array.*))
 .preinit_array.00100
                0x10008ed8        0x4 CMakeFiles/aquarium.dir/home/marcus-leloq/pico-sdk/src/rp2_common/pico_runtime_init/runtime_init.c.o
                0x10008ed8                __pre_init_runtime_init_early_resets
 .preinit_array.00101
                0x10008edc        0x4 CMakeFiles/aquarium.dir/home/marcus-leloq/pico-sdk/src/rp2_common/pico_runtime_init/runtime_init.c.o
                0x10008edc                __pre_init_runtime_init_usb_power_down
 .preinit_array.00275
                0x10008ee0        0x4 CMakeFiles/aquarium.dir/home/marcus-leloq/pico-sdk/src/rp2_common/pico_bit_ops/bit_ops_aeabi.S.o
 .preinit_array.00300
                0x10008ee4        0x4 CMakeFiles/aquarium.dir/home/marcus-leloq/pico-sdk/src/rp2_common/pico_mem_ops/mem_ops_aeabi.S.o
 .preinit_array.00350
                0x10008ee8        0x4 CMakeFiles/aquarium.dir/home/marcus-leloq/pico-sdk/src/rp2_common/pico_double/double_aeabi_rp2040.S.o
 .preinit_array.00350
                0x10008eec        0x4 CMakeFiles/aquarium.dir/home/marcus-leloq/pico-sdk/src/rp2_common/pico_float/float_aeabi_rp2040.S.o
 .preinit_array.00500
                0x10008ef0        0x4 CMakeFiles/aquarium.dir/home/marcus-leloq/pico-sdk/src/rp2_common/pico_runtime_init/runtime_init.c.o
                0x10008ef0                __pre_init_runtime_init_clocks
 .preinit_array.00600
                0x10008ef4        0x4 CMakeFiles/aquarium.dir/home/marcus-leloq/pico-sdk/src/rp2_common/pico_runtime_init/runtime_init.c.o
                0x10008ef4                __pre_init_runtime_init_post_clock_resets
 .preinit_array.00700
                0x10008ef8        0x4 CMakeFiles/aquarium.dir/home/marcus-leloq/pico-sdk/src/rp2_common/pico_runtime_init/runtime_init.c.o
                0x10008ef8                __pre_init_runtime_init_rp2040_gpio_ie_disable
 .preinit_array.01000
                0x10008efc        0x4 CMakeFiles/aquarium.dir/home/marcus-leloq/pico-sdk/src/rp2_common/pico_runtime_init/runtime_init.c.o
                0x10008efc                __pre_init_runtime_init_spin_locks_reset
 .preinit_array.01100
                0x10008f00        0x4 CMakeFiles/aquarium.dir/home/marcus-leloq/pico-sdk/src/common/pico_sync/mutex.c.o
                0x10008f00                __pre_init_runtime_init_mutex
 .preinit_array.10080
                0x10008f04        0x4 CMakeFiles/aquarium.dir/home/marcus-leloq/pico-sdk/src/rp2_common/pico_runtime_init/runtime_init.c.o
                0x10008f04                __pre_init_runtime_init_install_ram_vector_table
 .preinit_array.11000
                0x10008f08        0x4 CMakeFiles/aquarium.dir/home/marcus-leloq/pico-sdk/src/common/pico_time/time.c.o
                0x10008f08                __pre_init_runtime_init_default_alarm_pool
 .preinit_array.YYYYY
                0x10008f0c        0x4 CMakeFiles/aquarium.dir/home/marcus-leloq/pico-sdk/src/rp2_common/pico_runtime/runtime.c.o
                0x10008f0c                __pre_init_first_per_core_initializer
 .preinit_array.ZZZZZ.01200
                0x10008f10        0x4 CMakeFiles/aquarium.dir/home/marcus-leloq/pico-sdk/src/rp2_common/hardware_irq/irq.c.o
                0x10008f10                __pre_init_runtime_init_per_core_irq_priorities
 *(.preinit_array)
                0x10008f14                        PROVIDE (__preinit_array_end = .)
                0x10008f14                        . = ALIGN (0x4)
                0x10008f14                        PROVIDE (__init_array_start = .)
 *(SORT_BY_NAME(.init_array.*))
 .init_array.00000
                0x10008f14        0x4 /usr/lib/gcc/arm-none-eabi/13.2.1/../../../arm-none-eabi/lib/thumb/v6-m/nofp/libg.a(libc_a-__call_atexit.o)
 *(.init_array)
 .init_array    0x10008f18        0x4 /usr/lib/gcc/arm-none-eabi/13.2.1/thumb/v6-m/nofp/crtbegin.o
 .init_array    0x10008f1c        0x4 CMakeFiles/aquarium.dir/home/marcus-leloq/pico-sdk/src/rp2_common/pico_unique_id/unique_id.c.o
 .init_array    0x10008f20        0x4 CMakeFiles/aquarium.dir/home/marcus-leloq/Documentos/ufc/7-term/rtos/RPIPicoFreeRTOSCourse/lib/FreeRTOS-Kernel/portable/ThirdParty/GCC/RP2040/port.c.o
                0x10008f24                        PROVIDE (__init_array_end = .)
                0x10008f24                        . = ALIGN (0x4)
                0x10008f24                        PROVIDE (__fini_array_start = .)
 *(SORT_BY_NAME(.fini_array.*))
 *(.fini_array)
                0x10008f24                        PROVIDE (__fini_array_end = .)
 *(.eh_frame*)
 .eh_frame      0x10008f24        0x0 /usr/lib/gcc/arm-none-eabi/13.2.1/thumb/v6-m/nofp/crtbegin.o
                0x10008f24                        . = ALIGN (0x4)

.glue_7         0x10008f24        0x0
 .glue_7        0x10008f24        0x0 linker stubs

.glue_7t        0x10008f24        0x0
 .glue_7t       0x10008f24        0x0 linker stubs

.vfp11_veneer   0x10008f24        0x0
 .vfp11_veneer  0x10008f24        0x0 linker stubs

.v4_bx          0x10008f24        0x0
 .v4_bx         0x10008f24        0x0 linker stubs

.iplt           0x10008f24        0x0
 .iplt          0x10008f24        0x0 /usr/lib/gcc/arm-none-eabi/13.2.1/thumb/v6-m/nofp/crtbegin.o

.rodata         0x10008f28      0x72c
 *(EXCLUDE_FILE(*libm.a: *libc.a:*lib_a-mem*.o *libgcc.a:) .rodata*)
 .rodata._Z11task_serialPv.str1.4
                0x10008f28      0x23a CMakeFiles/aquarium.dir/main.cpp.o
                                 0x17 (size before relaxing)
 .rodata.main.str1.4
                0x10009162        0xb CMakeFiles/aquarium.dir/main.cpp.o
 .rodata.panic.str1.4
                0x10009162       0x12 CMakeFiles/aquarium.dir/home/marcus-leloq/pico-sdk/src/rp2_common/pico_platform_panic/panic.c.o
 .rodata.panic_unsupported.str1.4
                0x10009162        0xe CMakeFiles/aquarium.dir/home/marcus-leloq/pico-sdk/src/rp2_common/pico_platform_panic/panic.c.o
 .rodata.spin_lock_claim_unused.str1.4
                0x10009162       0x1b CMakeFiles/aquarium.dir/home/marcus-leloq/pico-sdk/src/rp2_common/hardware_sync/sync.c.o
 .rodata.user_irq_claim_unused.str1.4
                0x10009162       0x1b CMakeFiles/aquarium.dir/home/marcus-leloq/pico-sdk/src/rp2_common/hardware_irq/irq.c.o
 .rodata.timer_hardware_alarm_claim.str1.4
                0x10009162       0x22 CMakeFiles/aquarium.dir/home/marcus-leloq/pico-sdk/src/rp2_common/hardware_timer/timer.c.o
 .rodata.hard_assertion_failure.str1.4
                0x10009162        0xc CMakeFiles/aquarium.dir/home/marcus-leloq/pico-sdk/src/rp2_common/pico_runtime/runtime.c.o
 .rodata.missing_double_func_shim.str1.4
                0x10009162       0x18 CMakeFiles/aquarium.dir/home/marcus-leloq/pico-sdk/src/rp2_common/pico_double/double_init_rom_rp2040.c.o
 .rodata.missing_float_func_shim.str1.4
                0x10009162        0x1 CMakeFiles/aquarium.dir/home/marcus-leloq/pico-sdk/src/rp2_common/pico_float/float_init_rom_rp2040.c.o
 .rodata.str1.4
                0x10009162       0x40 CMakeFiles/aquarium.dir/home/marcus-leloq/pico-sdk/src/rp2_common/pico_standard_binary_info/standard_binary_info.c.o
 *fill*         0x10009162        0x2 
 .rodata.__bi_84
                0x10009164        0xc CMakeFiles/aquarium.dir/home/marcus-leloq/pico-sdk/src/rp2_common/pico_standard_binary_info/standard_binary_info.c.o
 .rodata.__bi_78
                0x10009170        0xc CMakeFiles/aquarium.dir/home/marcus-leloq/pico-sdk/src/rp2_common/pico_standard_binary_info/standard_binary_info.c.o
 .rodata.__bi_54
                0x1000917c        0xc CMakeFiles/aquarium.dir/home/marcus-leloq/pico-sdk/src/rp2_common/pico_standard_binary_info/standard_binary_info.c.o
 .rodata.__bi_48
                0x10009188        0xc CMakeFiles/aquarium.dir/home/marcus-leloq/pico-sdk/src/rp2_common/pico_standard_binary_info/standard_binary_info.c.o
 .rodata.__bi_42
                0x10009194        0xc CMakeFiles/aquarium.dir/home/marcus-leloq/pico-sdk/src/rp2_common/pico_standard_binary_info/standard_binary_info.c.o
 .rodata.__bi_34
                0x100091a0        0xc CMakeFiles/aquarium.dir/home/marcus-leloq/pico-sdk/src/rp2_common/pico_standard_binary_info/standard_binary_info.c.o
 .rodata.__bi_26
                0x100091ac        0xc CMakeFiles/aquarium.dir/home/marcus-leloq/pico-sdk/src/rp2_common/pico_standard_binary_info/standard_binary_info.c.o
 .rodata._ftoa.str1.4
                0x100091b8       0x15 CMakeFiles/aquarium.dir/home/marcus-leloq/pico-sdk/src/rp2_common/pico_printf/printf.c.o
 .rodata._vsnprintf
                0x100091b8      0x19c CMakeFiles/aquarium.dir/home/marcus-leloq/pico-sdk/src/rp2_common/pico_printf/printf.c.o
 *fill*         0x10009354        0x4 
 .rodata.pow10.0
                0x10009358       0x50 CMakeFiles/aquarium.dir/home/marcus-leloq/pico-sdk/src/rp2_common/pico_printf/printf.c.o
 .rodata.crlf_str.0
                0x100093a8        0x2 CMakeFiles/aquarium.dir/home/marcus-leloq/pico-sdk/src/rp2_common/pico_stdio/stdio.c.o
 .rodata.str1.4
                0x100093aa       0x2c CMakeFiles/aquarium.dir/home/marcus-leloq/pico-sdk/src/rp2_common/pico_stdio_uart/stdio_uart.c.o
 *fill*         0x100093aa        0x2 
 .rodata.__bi_45.4
                0x100093ac        0xc CMakeFiles/aquarium.dir/home/marcus-leloq/pico-sdk/src/rp2_common/pico_stdio_uart/stdio_uart.c.o
 .rodata.__bi_49.5
                0x100093b8        0x8 CMakeFiles/aquarium.dir/home/marcus-leloq/pico-sdk/src/rp2_common/pico_stdio_uart/stdio_uart.c.o
 .rodata.__bi_50.6
                0x100093c0        0x8 CMakeFiles/aquarium.dir/home/marcus-leloq/pico-sdk/src/rp2_common/pico_stdio_uart/stdio_uart.c.o
 .rodata._resetd_driver
                0x100093c8       0x20 CMakeFiles/aquarium.dir/home/marcus-leloq/pico-sdk/src/rp2_common/pico_stdio_usb/reset_interface.c.o
 .rodata.desc_ms_os_20
                0x100093e8       0xa6 CMakeFiles/aquarium.dir/home/marcus-leloq/pico-sdk/src/rp2_common/pico_stdio_usb/reset_interface.c.o
 *fill*         0x1000948e        0x2 
 .rodata.desc_bos
                0x10009490       0x21 CMakeFiles/aquarium.dir/home/marcus-leloq/pico-sdk/src/rp2_common/pico_stdio_usb/reset_interface.c.o
                0x10009490                desc_bos
 .rodata.str1.4
                0x100094b1       0x13 CMakeFiles/aquarium.dir/home/marcus-leloq/pico-sdk/src/rp2_common/pico_stdio_usb/stdio_usb.c.o
 *fill*         0x100094b1        0x3 
 .rodata.__bi_197.0
                0x100094b4        0xc CMakeFiles/aquarium.dir/home/marcus-leloq/pico-sdk/src/rp2_common/pico_stdio_usb/stdio_usb.c.o
 .rodata.str1.4
                0x100094c0       0x2a CMakeFiles/aquarium.dir/home/marcus-leloq/pico-sdk/src/rp2_common/pico_stdio_usb/stdio_usb_descriptors.c.o
 .rodata.usbd_desc_str
                0x100094c0       0x18 CMakeFiles/aquarium.dir/home/marcus-leloq/pico-sdk/src/rp2_common/pico_stdio_usb/stdio_usb_descriptors.c.o
 .rodata.usbd_desc_cfg
                0x100094d8       0x54 CMakeFiles/aquarium.dir/home/marcus-leloq/pico-sdk/src/rp2_common/pico_stdio_usb/stdio_usb_descriptors.c.o
 .rodata.usbd_desc_device
                0x1000952c       0x12 CMakeFiles/aquarium.dir/home/marcus-leloq/pico-sdk/src/rp2_common/pico_stdio_usb/stdio_usb_descriptors.c.o
 .rodata.str1.4
                0x1000953e       0x14 CMakeFiles/aquarium.dir/home/marcus-leloq/pico-sdk/lib/tinyusb/src/portable/raspberrypi/rp2040/dcd_rp2040.c.o
 .rodata.str1.4
                0x1000953e       0x48 CMakeFiles/aquarium.dir/home/marcus-leloq/pico-sdk/lib/tinyusb/src/portable/raspberrypi/rp2040/rp2040_usb.c.o
 *fill*         0x1000953e        0x2 
 .rodata.tud_task_ext
                0x10009540       0x8c CMakeFiles/aquarium.dir/home/marcus-leloq/pico-sdk/lib/tinyusb/src/device/usbd.c.o
 .rodata        0x100095cc       0x1c CMakeFiles/aquarium.dir/home/marcus-leloq/pico-sdk/lib/tinyusb/src/device/usbd.c.o
 .rodata._usbd_driver
                0x100095e8       0x40 CMakeFiles/aquarium.dir/home/marcus-leloq/pico-sdk/lib/tinyusb/src/device/usbd.c.o
 .rodata.uxTopUsedPriority
                0x10009628        0x4 CMakeFiles/aquarium.dir/home/marcus-leloq/Documentos/ufc/7-term/rtos/RPIPicoFreeRTOSCourse/lib/FreeRTOS-Kernel/tasks.c.o
 .rodata.prvTimerTask
                0x1000962c       0x28 CMakeFiles/aquarium.dir/home/marcus-leloq/Documentos/ufc/7-term/rtos/RPIPicoFreeRTOSCourse/lib/FreeRTOS-Kernel/timers.c.o
 .rodata.xTimerCreateTimerTask.str1.4
                0x10009654       0x10 CMakeFiles/aquarium.dir/home/marcus-leloq/Documentos/ufc/7-term/rtos/RPIPicoFreeRTOSCourse/lib/FreeRTOS-Kernel/timers.c.o
 .rodata.vApplicationStackOverflowHook.str1.4
                0x10009654       0x46 CMakeFiles/aquarium.dir/__/port/FreeRTOS-Kernel/IdleMemory.c.o
                0x1000969c                        . = ALIGN (0x4)
 *(SORT_BY_ALIGNMENT(SORT_BY_NAME(.flashdata*)))
                0x1000969c                        . = ALIGN (0x4)

.ARM.extab
 *(.ARM.extab* .gnu.linkonce.armextab.*)
                0x10009654                        __exidx_start = .

.ARM.exidx
 *(.ARM.exidx* .gnu.linkonce.armexidx.*)
                0x10009654                        __exidx_end = .
                0x1000969c                        . = ALIGN (0x4)
                0x10009654                        __binary_info_start = .

.binary_info    0x10009654       0x2c
 *(.binary_info.keep.*)
 .binary_info.keep.__bi_ptr84
                0x10009654        0x4 CMakeFiles/aquarium.dir/home/marcus-leloq/pico-sdk/src/rp2_common/pico_standard_binary_info/standard_binary_info.c.o
 .binary_info.keep.__bi_ptr78
                0x10009658        0x4 CMakeFiles/aquarium.dir/home/marcus-leloq/pico-sdk/src/rp2_common/pico_standard_binary_info/standard_binary_info.c.o
 .binary_info.keep.__bi_ptr54
                0x1000965c        0x4 CMakeFiles/aquarium.dir/home/marcus-leloq/pico-sdk/src/rp2_common/pico_standard_binary_info/standard_binary_info.c.o
 .binary_info.keep.__bi_ptr48
                0x10009660        0x4 CMakeFiles/aquarium.dir/home/marcus-leloq/pico-sdk/src/rp2_common/pico_standard_binary_info/standard_binary_info.c.o
 .binary_info.keep.__bi_ptr42
                0x10009664        0x4 CMakeFiles/aquarium.dir/home/marcus-leloq/pico-sdk/src/rp2_common/pico_standard_binary_info/standard_binary_info.c.o
 .binary_info.keep.__bi_ptr34
                0x10009668        0x4 CMakeFiles/aquarium.dir/home/marcus-leloq/pico-sdk/src/rp2_common/pico_standard_binary_info/standard_binary_info.c.o
 .binary_info.keep.__bi_ptr26
                0x1000966c        0x4 CMakeFiles/aquarium.dir/home/marcus-leloq/pico-sdk/src/rp2_common/pico_standard_binary_info/standard_binary_info.c.o
 *(.binary_info.*)
 .binary_info.__bi_ptr50
                0x10009670        0x4 CMakeFiles/aquarium.dir/home/marcus-leloq/pico-sdk/src/rp2_common/pico_stdio_uart/stdio_uart.c.o
 .binary_info.__bi_ptr49
                0x10009674        0x4 CMakeFiles/aquarium.dir/home/marcus-leloq/pico-sdk/src/rp2_common/pico_stdio_uart/stdio_uart.c.o
 .binary_info.__bi_ptr45
                0x10009678        0x4 CMakeFiles/aquarium.dir/home/marcus-leloq/pico-sdk/src/rp2_common/pico_stdio_uart/stdio_uart.c.o
 .binary_info.__bi_ptr197
                0x1000967c        0x4 CMakeFiles/aquarium.dir/home/marcus-leloq/pico-sdk/src/rp2_common/pico_stdio_usb/stdio_usb.c.o
                0x10009680                        __binary_info_end = .

.rel.dyn        0x10009680        0x0
 .rel.iplt      0x10009680        0x0 /usr/lib/gcc/arm-none-eabi/13.2.1/thumb/v6-m/nofp/crtbegin.o
                0x10009680                        . = ALIGN (0x4)

.ram_vector_table
                0x20000000       0xc0
 *(.ram_vector_table)
 .ram_vector_table
                0x20000000       0xc0 CMakeFiles/aquarium.dir/home/marcus-leloq/pico-sdk/src/rp2_common/pico_runtime_init/runtime_init.c.o
                0x20000000                ram_vector_table

.uninitialized_data
                0x200000c0        0x0
                0x200000c0                        . = ALIGN (0x4)
 *(.uninitialized_data*)

.data           0x200000c0      0xf80 load address 0x10009680
                0x200000c0                        __data_start__ = .
 *(vtable)
 *(.time_critical*)
 .time_critical.mutex_try_enter
                0x200000c0       0x40 CMakeFiles/aquarium.dir/home/marcus-leloq/pico-sdk/src/common/pico_sync/mutex.c.o
                0x200000c0                mutex_try_enter
 .time_critical.mutex_try_enter_block_until
                0x20000100       0xa0 CMakeFiles/aquarium.dir/home/marcus-leloq/pico-sdk/src/common/pico_sync/mutex.c.o
                0x20000100                mutex_try_enter_block_until
 .time_critical.mutex_enter_timeout_ms
                0x200001a0       0x78 CMakeFiles/aquarium.dir/home/marcus-leloq/pico-sdk/src/common/pico_sync/mutex.c.o
                0x200001a0                mutex_enter_timeout_ms
 .time_critical.mutex_exit
                0x20000218       0x20 CMakeFiles/aquarium.dir/home/marcus-leloq/pico-sdk/src/common/pico_sync/mutex.c.o
                0x20000218                mutex_exit
 .time_critical.flash_init_boot2_copyout
                0x20000238       0x30 CMakeFiles/aquarium.dir/home/marcus-leloq/pico-sdk/src/rp2_common/hardware_flash/flash.c.o
 .time_critical.flash_enable_xip_via_boot2
                0x20000268        0xc CMakeFiles/aquarium.dir/home/marcus-leloq/pico-sdk/src/rp2_common/hardware_flash/flash.c.o
 .time_critical.flash_cs_force
                0x20000274       0x38 CMakeFiles/aquarium.dir/home/marcus-leloq/pico-sdk/src/rp2_common/hardware_flash/flash.c.o
 .time_critical.flash_do_cmd
                0x200002ac       0xc0 CMakeFiles/aquarium.dir/home/marcus-leloq/pico-sdk/src/rp2_common/hardware_flash/flash.c.o
                0x200002ac                flash_do_cmd
 .time_critical.reset_non_control_endpoints
                0x2000036c       0x68 CMakeFiles/aquarium.dir/home/marcus-leloq/pico-sdk/lib/tinyusb/src/portable/raspberrypi/rp2040/dcd_rp2040.c.o
 .time_critical.hw_handle_buff_status
                0x200003d4       0xa0 CMakeFiles/aquarium.dir/home/marcus-leloq/pico-sdk/lib/tinyusb/src/portable/raspberrypi/rp2040/dcd_rp2040.c.o
 .time_critical.dcd_rp2040_irq
                0x20000474      0x544 CMakeFiles/aquarium.dir/home/marcus-leloq/pico-sdk/lib/tinyusb/src/portable/raspberrypi/rp2040/dcd_rp2040.c.o
 .time_critical.prepare_ep_buffer
                0x200009b8       0xe0 CMakeFiles/aquarium.dir/home/marcus-leloq/pico-sdk/lib/tinyusb/src/portable/raspberrypi/rp2040/rp2040_usb.c.o
 .time_critical.sync_ep_buffer
                0x20000a98       0xa8 CMakeFiles/aquarium.dir/home/marcus-leloq/pico-sdk/lib/tinyusb/src/portable/raspberrypi/rp2040/rp2040_usb.c.o
 .time_critical._hw_endpoint_xfer_sync
                0x20000b40       0x28 CMakeFiles/aquarium.dir/home/marcus-leloq/pico-sdk/lib/tinyusb/src/portable/raspberrypi/rp2040/rp2040_usb.c.o
 .time_critical.e15_is_bulkin_ep
                0x20000b68       0x28 CMakeFiles/aquarium.dir/home/marcus-leloq/pico-sdk/lib/tinyusb/src/portable/raspberrypi/rp2040/rp2040_usb.c.o
 .time_critical.e15_is_critical_frame_period
                0x20000b90       0x34 CMakeFiles/aquarium.dir/home/marcus-leloq/pico-sdk/lib/tinyusb/src/portable/raspberrypi/rp2040/rp2040_usb.c.o
 .time_critical.hw_endpoint_reset_transfer
                0x20000bc4        0xc CMakeFiles/aquarium.dir/home/marcus-leloq/pico-sdk/lib/tinyusb/src/portable/raspberrypi/rp2040/rp2040_usb.c.o
                0x20000bc4                hw_endpoint_reset_transfer
 .time_critical._hw_endpoint_buffer_control_update32
                0x20000bd0       0x50 CMakeFiles/aquarium.dir/home/marcus-leloq/pico-sdk/lib/tinyusb/src/portable/raspberrypi/rp2040/rp2040_usb.c.o
                0x20000bd0                _hw_endpoint_buffer_control_update32
 .time_critical.hw_endpoint_start_next_buffer
                0x20000c20       0x6c CMakeFiles/aquarium.dir/home/marcus-leloq/pico-sdk/lib/tinyusb/src/portable/raspberrypi/rp2040/rp2040_usb.c.o
                0x20000c20                hw_endpoint_start_next_buffer
 .time_critical.hw_endpoint_xfer_continue
                0x20000c8c       0x40 CMakeFiles/aquarium.dir/home/marcus-leloq/pico-sdk/lib/tinyusb/src/portable/raspberrypi/rp2040/rp2040_usb.c.o
                0x20000c8c                hw_endpoint_xfer_continue
 .time_critical.tinyusb
                0x20000ccc      0x1e4 CMakeFiles/aquarium.dir/home/marcus-leloq/pico-sdk/lib/tinyusb/src/device/usbd.c.o
                0x20000ccc                dcd_event_handler
 *(.text*)
 .text          0x20000eb0        0x4 /usr/lib/gcc/arm-none-eabi/13.2.1/thumb/v6-m/nofp/libgcc.a(_dvmd_tls.o)
                0x20000eb0                __aeabi_ldiv0
                0x20000eb0                __aeabi_idiv0
 *fill*         0x20000eb4        0x4 
 .text.__stub   0x20000eb8       0xa0 linker stubs
                0x20000f58                        . = ALIGN (0x4)
 *(.rodata*)
                0x20000f58                        . = ALIGN (0x4)
 *(.data*)
 .data.striped_spin_lock_num
                0x20000f58        0x1 CMakeFiles/aquarium.dir/home/marcus-leloq/pico-sdk/src/rp2_common/hardware_sync/sync.c.o
 *fill*         0x20000f59        0x3 
 .data          0x20000f5c       0x48 CMakeFiles/aquarium.dir/home/marcus-leloq/pico-sdk/src/rp2_common/hardware_irq/irq_handler_chain.S.o
                0x20000f5c                irq_handler_chain_slots
                0x20000f8c                irq_handler_chain_first_slot
                0x20000f96                irq_handler_chain_remove_tail
 .data.default_alarm_pool
                0x20000fa4       0x18 CMakeFiles/aquarium.dir/home/marcus-leloq/pico-sdk/src/common/pico_time/time.c.o
 *fill*         0x20000fbc        0x4 
 .data.aeabi_bits_funcs
                0x20000fc0       0x10 CMakeFiles/aquarium.dir/home/marcus-leloq/pico-sdk/src/rp2_common/pico_bit_ops/bit_ops_aeabi.S.o
                0x20000fc0                aeabi_bits_funcs
                0x20000fd0                aeabi_bits_funcs_end
 .data.aeabi_mem_funcs
                0x20000fd0       0x10 CMakeFiles/aquarium.dir/home/marcus-leloq/pico-sdk/src/rp2_common/pico_mem_ops/mem_ops_aeabi.S.o
                0x20000fd0                aeabi_mem_funcs
                0x20000fe0                aeabi_mem_funcs_end
 .data.stdio_uart
                0x20000fe0       0x18 CMakeFiles/aquarium.dir/home/marcus-leloq/pico-sdk/src/rp2_common/pico_stdio_uart/stdio_uart.c.o
                0x20000fe0                stdio_uart
 .data.stdio_usb
                0x20000ff8       0x18 CMakeFiles/aquarium.dir/home/marcus-leloq/pico-sdk/src/rp2_common/pico_stdio_usb/stdio_usb.c.o
                0x20000ff8                stdio_usb
 .data._usbd_qdef
                0x20001010       0x1c CMakeFiles/aquarium.dir/home/marcus-leloq/pico-sdk/lib/tinyusb/src/device/usbd.c.o
                0x20001010                _usbd_qdef
 .data._usbd_rhport
                0x2000102c        0x1 CMakeFiles/aquarium.dir/home/marcus-leloq/pico-sdk/lib/tinyusb/src/device/usbd.c.o
 .data.ucPrimaryCoreNum
                0x2000102d        0x1 CMakeFiles/aquarium.dir/home/marcus-leloq/Documentos/ufc/7-term/rtos/RPIPicoFreeRTOSCourse/lib/FreeRTOS-Kernel/portable/ThirdParty/GCC/RP2040/port.c.o
                0x20001030                        . = ALIGN (0x4)
 *fill*         0x2000102e        0x2 
 *(.after_data.*)
                0x20001030                        . = ALIGN (0x4)
                0x20001030                        PROVIDE (__mutex_array_start = .)
 *(SORT_BY_NAME(.mutex_array.*))
 *(.mutex_array)
 .mutex_array   0x20001030        0x8 CMakeFiles/aquarium.dir/home/marcus-leloq/pico-sdk/src/rp2_common/pico_malloc/malloc.c.o
 .mutex_array   0x20001038        0x8 CMakeFiles/aquarium.dir/home/marcus-leloq/pico-sdk/src/rp2_common/pico_stdio/stdio.c.o
                0x20001040                        PROVIDE (__mutex_array_end = .)
                0x20001040                        . = ALIGN (0x4)
 *(.jcr)
                0x20001040                        . = ALIGN (0x4)

.tm_clone_table
                0x20001040        0x0 load address 0x1000a600
 .tm_clone_table
                0x20001040        0x0 /usr/lib/gcc/arm-none-eabi/13.2.1/thumb/v6-m/nofp/crtbegin.o
 .tm_clone_table
                0x20001040        0x0 /usr/lib/gcc/arm-none-eabi/13.2.1/thumb/v6-m/nofp/crtend.o

.igot.plt       0x20001040        0x0 load address 0x1000a600
 .igot.plt      0x20001040        0x0 /usr/lib/gcc/arm-none-eabi/13.2.1/thumb/v6-m/nofp/crtbegin.o

.tdata          0x20001040        0x0 load address 0x1000a600
                0x20001040                        . = ALIGN (0x4)
 *(.tdata .tdata.* .gnu.linkonce.td.*)
                0x20001040                        __tdata_end = .
                0x20001040                        PROVIDE (__data_end__ = .)
                0x10009680                        __etext = LOADADDR (.data)

.tbss           0x20001040        0x0 load address 0x1000a600
                0x20001040                        . = ALIGN (0x4)
                0x20001040                        __bss_start__ = .
                0x20001040                        __tls_base = .
 *(.tbss .tbss.* .gnu.linkonce.tb.*)
 *(.tcommon)
                0x20001040                        __tls_end = .

.bss            0x20001040    0x22a70 load address 0x1000a600
                0x20001040                        . = ALIGN (0x4)
                0x20001040                        __tbss_end = .
 *(SORT_BY_ALIGNMENT(SORT_BY_NAME(.bss*)))
 .bss.default_alarm_pool_entries